

================================================================
== Vivado HLS Report for 'single_block_AES_encrypt_aes_cipher'
================================================================
* Date:           Thu Feb 08 12:12:25 2024

* Version:        2016.2 (Build 1577090 on Thu Jun 02 16:59:10 MDT 2016)
* Project:        AES_Encryption
* Solution:       solution1
* Product family: zynq
* Target device:  xc7z020clg400-1


================================================================
== Performance Estimates
================================================================
+ Timing (ns): 
    * Summary: 
    +--------+-------+----------+------------+
    |  Clock | Target| Estimated| Uncertainty|
    +--------+-------+----------+------------+
    |ap_clk  |  10.00|     12.35|        1.25|
    +--------+-------+----------+------------+

+ Latency (clock cycles): 
    * Summary: 
    +-----+-----+-----+-----+----------+
    |  Latency  |  Interval | Pipeline |
    | min | max | min | max |   Type   |
    +-----+-----+-----+-----+----------+
    |   98|   98|   99|   99| function |
    +-----+-----+-----+-----+----------+

    + Detail: 
        * Instance: 
        +---------------------------------------------------+----------------------------------------+-----+-----+-----+-----+----------+
        |                                                   |                                        |  Latency  |  Interval | Pipeline |
        |                      Instance                     |                 Module                 | min | max | min | max |   Type   |
        +---------------------------------------------------+----------------------------------------+-----+-----+-----+-----+----------+
        |grp_single_block_AES_encrypt_mix_columns_fu_164    |single_block_AES_encrypt_mix_columns    |    0|    0|    1|    1| function |
        |grp_single_block_AES_encrypt_add_round_key_fu_184  |single_block_AES_encrypt_add_round_key  |    8|    8|    8|    8| function |
        |grp_single_block_AES_encrypt_sub_bytes_fu_234      |single_block_AES_encrypt_sub_bytes      |    1|    1|    1|    1| function |
        |grp_single_block_AES_encrypt_shift_rows_fu_256     |single_block_AES_encrypt_shift_rows     |    0|    0|    1|    1| function |
        +---------------------------------------------------+----------------------------------------+-----+-----+-----+-----+----------+

        * Loop: 
        N/A



================================================================
== Utilization Estimates
================================================================
* Summary: 
+-----------------+---------+-------+--------+-------+
|       Name      | BRAM_18K| DSP48E|   FF   |  LUT  |
+-----------------+---------+-------+--------+-------+
|DSP              |        -|      -|       -|      -|
|Expression       |        -|      -|       -|      -|
|FIFO             |        -|      -|       -|      -|
|Instance         |        8|      -|     368|   5950|
|Memory           |        -|      -|       -|      -|
|Multiplexer      |        -|      -|       -|    576|
|Register         |        -|      -|     101|      -|
+-----------------+---------+-------+--------+-------+
|Total            |        8|      0|     469|   6526|
+-----------------+---------+-------+--------+-------+
|Available        |      280|    220|  106400|  53200|
+-----------------+---------+-------+--------+-------+
|Utilization (%)  |        2|      0|   ~0   |     12|
+-----------------+---------+-------+--------+-------+

+ Detail: 
    * Instance: 
    +---------------------------------------------------+----------------------------------------+---------+-------+-----+------+
    |                      Instance                     |                 Module                 | BRAM_18K| DSP48E|  FF |  LUT |
    +---------------------------------------------------+----------------------------------------+---------+-------+-----+------+
    |grp_single_block_AES_encrypt_add_round_key_fu_184  |single_block_AES_encrypt_add_round_key  |        0|      0|  366|   286|
    |grp_single_block_AES_encrypt_mix_columns_fu_164    |single_block_AES_encrypt_mix_columns    |        0|      0|    0|  5664|
    |grp_single_block_AES_encrypt_shift_rows_fu_256     |single_block_AES_encrypt_shift_rows     |        0|      0|    0|     0|
    |grp_single_block_AES_encrypt_sub_bytes_fu_234      |single_block_AES_encrypt_sub_bytes      |        8|      0|    2|     0|
    +---------------------------------------------------+----------------------------------------+---------+-------+-----+------+
    |Total                                              |                                        |        8|      0|  368|  5950|
    +---------------------------------------------------+----------------------------------------+---------+-------+-----+------+

    * DSP48: 
    N/A

    * Memory: 
    N/A

    * FIFO: 
    N/A

    * Expression: 
    N/A

    * Multiplexer: 
    +-----------------------------------------------------------------+-----+-----------+-----+-----------+
    |                               Name                              | LUT | Input Size| Bits| Total Bits|
    +-----------------------------------------------------------------+-----+-----------+-----+-----------+
    |ap_NS_fsm                                                        |  224|        100|    1|        100|
    |grp_single_block_AES_encrypt_add_round_key_fu_184_ap_start       |    1|          2|    1|          2|
    |grp_single_block_AES_encrypt_add_round_key_fu_184_r              |   15|         12|    5|         60|
    |grp_single_block_AES_encrypt_add_round_key_fu_184_state_0_read   |    8|          4|    8|         32|
    |grp_single_block_AES_encrypt_add_round_key_fu_184_state_10_read  |    8|          4|    8|         32|
    |grp_single_block_AES_encrypt_add_round_key_fu_184_state_11_read  |    8|          4|    8|         32|
    |grp_single_block_AES_encrypt_add_round_key_fu_184_state_12_read  |    8|          4|    8|         32|
    |grp_single_block_AES_encrypt_add_round_key_fu_184_state_13_read  |    8|          4|    8|         32|
    |grp_single_block_AES_encrypt_add_round_key_fu_184_state_14_read  |    8|          4|    8|         32|
    |grp_single_block_AES_encrypt_add_round_key_fu_184_state_15_read  |    8|          4|    8|         32|
    |grp_single_block_AES_encrypt_add_round_key_fu_184_state_1_read   |    8|          4|    8|         32|
    |grp_single_block_AES_encrypt_add_round_key_fu_184_state_2_read   |    8|          4|    8|         32|
    |grp_single_block_AES_encrypt_add_round_key_fu_184_state_3_read   |    8|          4|    8|         32|
    |grp_single_block_AES_encrypt_add_round_key_fu_184_state_4_read   |    8|          4|    8|         32|
    |grp_single_block_AES_encrypt_add_round_key_fu_184_state_5_read   |    8|          4|    8|         32|
    |grp_single_block_AES_encrypt_add_round_key_fu_184_state_6_read   |    8|          4|    8|         32|
    |grp_single_block_AES_encrypt_add_round_key_fu_184_state_7_read   |    8|          4|    8|         32|
    |grp_single_block_AES_encrypt_add_round_key_fu_184_state_8_read   |    8|          4|    8|         32|
    |grp_single_block_AES_encrypt_add_round_key_fu_184_state_9_read   |    8|          4|    8|         32|
    |grp_single_block_AES_encrypt_mix_columns_fu_164_state_4_read     |   16|         10|    8|         80|
    |grp_single_block_AES_encrypt_shift_rows_fu_256_state_10_read     |   16|         11|    8|         88|
    |grp_single_block_AES_encrypt_shift_rows_fu_256_state_11_read     |   16|         11|    8|         88|
    |grp_single_block_AES_encrypt_shift_rows_fu_256_state_12_read     |   16|         11|    8|         88|
    |grp_single_block_AES_encrypt_shift_rows_fu_256_state_13_read     |   16|         11|    8|         88|
    |grp_single_block_AES_encrypt_shift_rows_fu_256_state_14_read     |   16|         11|    8|         88|
    |grp_single_block_AES_encrypt_shift_rows_fu_256_state_15_read     |   16|         11|    8|         88|
    |grp_single_block_AES_encrypt_shift_rows_fu_256_state_4_read      |   16|         11|    8|         88|
    |grp_single_block_AES_encrypt_shift_rows_fu_256_state_5_read      |   16|         11|    8|         88|
    |grp_single_block_AES_encrypt_shift_rows_fu_256_state_6_read      |   16|         11|    8|         88|
    |grp_single_block_AES_encrypt_shift_rows_fu_256_state_7_read      |   16|         11|    8|         88|
    |grp_single_block_AES_encrypt_shift_rows_fu_256_state_8_read      |   16|         11|    8|         88|
    |grp_single_block_AES_encrypt_shift_rows_fu_256_state_9_read      |   16|         11|    8|         88|
    +-----------------------------------------------------------------+-----+-----------+-----+-----------+
    |Total                                                            |  576|        320|  239|       1810|
    +-----------------------------------------------------------------+-----+-----------+-----+-----------+

    * Register: 
    +-------------------------------------------------------------------+----+----+-----+-----------+
    |                                Name                               | FF | LUT| Bits| Const Bits|
    +-------------------------------------------------------------------+----+----+-----+-----------+
    |ap_CS_fsm                                                          |  99|   0|   99|          0|
    |ap_reg_grp_single_block_AES_encrypt_add_round_key_fu_184_ap_start  |   1|   0|    1|          0|
    |ap_reg_grp_single_block_AES_encrypt_sub_bytes_fu_234_ap_start      |   1|   0|    1|          0|
    +-------------------------------------------------------------------+----+----+-----+-----------+
    |Total                                                              | 101|   0|  101|          0|
    +-------------------------------------------------------------------+----+----+-----+-----------+



================================================================
== Interface
================================================================
* Summary: 
+--------------+-----+-----+------------+-------------------------------------+--------------+
|   RTL Ports  | Dir | Bits|  Protocol  |            Source Object            |    C Type    |
+--------------+-----+-----+------------+-------------------------------------+--------------+
|ap_clk        |  in |    1| ap_ctrl_hs | single_block_AES_encrypt_aes_cipher | return value |
|ap_rst        |  in |    1| ap_ctrl_hs | single_block_AES_encrypt_aes_cipher | return value |
|ap_start      |  in |    1| ap_ctrl_hs | single_block_AES_encrypt_aes_cipher | return value |
|ap_done       | out |    1| ap_ctrl_hs | single_block_AES_encrypt_aes_cipher | return value |
|ap_idle       | out |    1| ap_ctrl_hs | single_block_AES_encrypt_aes_cipher | return value |
|ap_ready      | out |    1| ap_ctrl_hs | single_block_AES_encrypt_aes_cipher | return value |
|ap_return_0   | out |    8| ap_ctrl_hs | single_block_AES_encrypt_aes_cipher | return value |
|ap_return_1   | out |    8| ap_ctrl_hs | single_block_AES_encrypt_aes_cipher | return value |
|ap_return_2   | out |    8| ap_ctrl_hs | single_block_AES_encrypt_aes_cipher | return value |
|ap_return_3   | out |    8| ap_ctrl_hs | single_block_AES_encrypt_aes_cipher | return value |
|ap_return_4   | out |    8| ap_ctrl_hs | single_block_AES_encrypt_aes_cipher | return value |
|ap_return_5   | out |    8| ap_ctrl_hs | single_block_AES_encrypt_aes_cipher | return value |
|ap_return_6   | out |    8| ap_ctrl_hs | single_block_AES_encrypt_aes_cipher | return value |
|ap_return_7   | out |    8| ap_ctrl_hs | single_block_AES_encrypt_aes_cipher | return value |
|ap_return_8   | out |    8| ap_ctrl_hs | single_block_AES_encrypt_aes_cipher | return value |
|ap_return_9   | out |    8| ap_ctrl_hs | single_block_AES_encrypt_aes_cipher | return value |
|ap_return_10  | out |    8| ap_ctrl_hs | single_block_AES_encrypt_aes_cipher | return value |
|ap_return_11  | out |    8| ap_ctrl_hs | single_block_AES_encrypt_aes_cipher | return value |
|ap_return_12  | out |    8| ap_ctrl_hs | single_block_AES_encrypt_aes_cipher | return value |
|ap_return_13  | out |    8| ap_ctrl_hs | single_block_AES_encrypt_aes_cipher | return value |
|ap_return_14  | out |    8| ap_ctrl_hs | single_block_AES_encrypt_aes_cipher | return value |
|ap_return_15  | out |    8| ap_ctrl_hs | single_block_AES_encrypt_aes_cipher | return value |
|ap_ce         |  in |    1| ap_ctrl_hs | single_block_AES_encrypt_aes_cipher | return value |
|in_0_read     |  in |    8|   ap_none  |              in_0_read              |    scalar    |
|in_1_read     |  in |    8|   ap_none  |              in_1_read              |    scalar    |
|in_2_read     |  in |    8|   ap_none  |              in_2_read              |    scalar    |
|in_3_read     |  in |    8|   ap_none  |              in_3_read              |    scalar    |
|in_4_read     |  in |    8|   ap_none  |              in_4_read              |    scalar    |
|in_5_read     |  in |    8|   ap_none  |              in_5_read              |    scalar    |
|in_6_read     |  in |    8|   ap_none  |              in_6_read              |    scalar    |
|in_7_read     |  in |    8|   ap_none  |              in_7_read              |    scalar    |
|in_8_read     |  in |    8|   ap_none  |              in_8_read              |    scalar    |
|in_9_read     |  in |    8|   ap_none  |              in_9_read              |    scalar    |
|in_10_read    |  in |    8|   ap_none  |              in_10_read             |    scalar    |
|in_11_read    |  in |    8|   ap_none  |              in_11_read             |    scalar    |
|in_12_read    |  in |    8|   ap_none  |              in_12_read             |    scalar    |
|in_13_read    |  in |    8|   ap_none  |              in_13_read             |    scalar    |
|in_14_read    |  in |    8|   ap_none  |              in_14_read             |    scalar    |
|in_15_read    |  in |    8|   ap_none  |              in_15_read             |    scalar    |
|w_address0    | out |    8|  ap_memory |                  w                  |     array    |
|w_ce0         | out |    1|  ap_memory |                  w                  |     array    |
|w_q0          |  in |    8|  ap_memory |                  w                  |     array    |
|w_address1    | out |    8|  ap_memory |                  w                  |     array    |
|w_ce1         | out |    1|  ap_memory |                  w                  |     array    |
|w_q1          |  in |    8|  ap_memory |                  w                  |     array    |
+--------------+-----+-----+------------+-------------------------------------+--------------+

