

================================================================
== Vivado HLS Report for 'single_block_AES_encrypt'
================================================================
* Date:           Thu Feb 08 10:04:09 2024

* Version:        2016.2 (Build 1577090 on Thu Jun 02 16:59:10 MDT 2016)
* Project:        AES_Encryption
* Solution:       solution1
* Product family: zynq
* Target device:  xc7z020clg400-1


================================================================
== Performance Estimates
================================================================
+ Timing (ns): 
    * Summary: 
    +--------+-------+----------+------------+
    |  Clock | Target| Estimated| Uncertainty|
    +--------+-------+----------+------------+
    |ap_clk  |  10.00|     10.18|        1.25|
    +--------+-------+----------+------------+

+ Latency (clock cycles): 
    * Summary: 
    +-----+-----+-----+-----+---------+
    |  Latency  |  Interval | Pipeline|
    | min | max | min | max |   Type  |
    +-----+-----+-----+-----+---------+
    |    ?|    ?|    ?|    ?|   none  |
    +-----+-----+-----+-----+---------+

    + Detail: 
        * Instance: 
        +-------------------------------------------------------+--------------------------------------------+-----+-----+-----+-----+----------+
        |                                                       |                                            |  Latency  |  Interval | Pipeline |
        |                        Instance                       |                   Module                   | min | max | min | max |   Type   |
        +-------------------------------------------------------+--------------------------------------------+-----+-----+-----+-----+----------+
        |grp_single_block_AES_encrypt_aes_cipher_fu_110         |single_block_AES_encrypt_aes_cipher         |   98|   98|   99|   99| function |
        |grp_single_block_AES_encrypt_aes_key_expansion_fu_133  |single_block_AES_encrypt_aes_key_expansion  |    ?|    ?|    ?|    ?|   none   |
        +-------------------------------------------------------+--------------------------------------------+-----+-----+-----+-----+----------+

        * Loop: 
        +----------+-----+-----+----------+-----------+-----------+------+----------+
        |          |  Latency  | Iteration|  Initiation Interval  | Trip |          |
        | Loop Name| min | max |  Latency |  achieved |   target  | Count| Pipelined|
        +----------+-----+-----+----------+-----------+-----------+------+----------+
        |- loop    |  426|  426|       130|         99|          1|     4|    yes   |
        +----------+-----+-----+----------+-----------+-----------+------+----------+



================================================================
== Utilization Estimates
================================================================
* Summary: 
+-----------------+---------+-------+--------+-------+
|       Name      | BRAM_18K| DSP48E|   FF   |  LUT  |
+-----------------+---------+-------+--------+-------+
|DSP              |        -|      -|       -|      -|
|Expression       |        -|      -|       0|     11|
|FIFO             |        -|      -|       -|      -|
|Instance         |        9|      -|     713|   7082|
|Memory           |        1|      -|       0|      0|
|Multiplexer      |        -|      -|       -|    292|
|Register         |        -|      -|     357|      -|
+-----------------+---------+-------+--------+-------+
|Total            |       10|      0|    1070|   7385|
+-----------------+---------+-------+--------+-------+
|Available        |      280|    220|  106400|  53200|
+-----------------+---------+-------+--------+-------+
|Utilization (%)  |        3|      0|       1|     13|
+-----------------+---------+-------+--------+-------+

+ Detail: 
    * Instance: 
    +-------------------------------------------------------+--------------------------------------------+---------+-------+-----+------+
    |                        Instance                       |                   Module                   | BRAM_18K| DSP48E|  FF |  LUT |
    +-------------------------------------------------------+--------------------------------------------+---------+-------+-----+------+
    |grp_single_block_AES_encrypt_aes_cipher_fu_110         |single_block_AES_encrypt_aes_cipher         |        8|      0|  469|  6526|
    |grp_single_block_AES_encrypt_aes_key_expansion_fu_133  |single_block_AES_encrypt_aes_key_expansion  |        1|      0|  244|   556|
    +-------------------------------------------------------+--------------------------------------------+---------+-------+-----+------+
    |Total                                                  |                                            |        9|      0|  713|  7082|
    +-------------------------------------------------------+--------------------------------------------+---------+-------+-----+------+

    * DSP48: 
    N/A

    * Memory: 
    +-------+----------------------------+---------+---+----+------+-----+------+-------------+
    | Memory|           Module           | BRAM_18K| FF| LUT| Words| Bits| Banks| W*Bits*Banks|
    +-------+----------------------------+---------+---+----+------+-----+------+-------------+
    |w_U    |single_block_AES_encrypt_w  |        1|  0|   0|   176|    8|     1|         1408|
    +-------+----------------------------+---------+---+----+------+-----+------+-------------+
    |Total  |                            |        1|  0|   0|   176|    8|     1|         1408|
    +-------+----------------------------+---------+---+----+------+-----+------+-------------+

    * FIFO: 
    N/A

    * Expression: 
    +----------------------+----------+-------+---+----+------------+------------+
    |     Variable Name    | Operation| DSP48E| FF| LUT| Bitwidth P0| Bitwidth P1|
    +----------------------+----------+-------+---+----+------------+------------+
    |block_1_fu_154_p2     |     +    |      0|  0|   3|           3|           1|
    |ap_sig_2493           |    and   |      0|  0|   1|           1|           1|
    |ap_sig_2494           |    and   |      0|  0|   1|           1|           1|
    |ap_sig_2496           |    and   |      0|  0|   1|           1|           1|
    |ap_sig_462            |    and   |      0|  0|   1|           1|           1|
    |exitcond1_fu_148_p2   |   icmp   |      0|  0|   2|           3|           4|
    |tmp_last_V_fu_160_p2  |   icmp   |      0|  0|   2|           3|           2|
    +----------------------+----------+-------+---+----+------------+------------+
    |Total                 |          |      0|  0|  11|          13|          11|
    +----------------------+----------+-------+---+----+------------+------------+

    * Multiplexer: 
    +------------------------------+-----+-----------+-----+-----------+
    |             Name             | LUT | Input Size| Bits| Total Bits|
    +------------------------------+-----+-----------+-----+-----------+
    |ap_NS_fsm                     |  224|        103|    1|        103|
    |ap_sig_ioackin_cipher_TREADY  |    1|          2|    1|          2|
    |block_phi_fu_103_p4           |    3|          2|    3|          6|
    |block_reg_99                  |    3|          2|    3|          6|
    |cipher_TDATA                  |   40|         17|    8|        136|
    |cipher_TDATA_blk_n            |    1|          2|    1|          2|
    |cipher_TLAST                  |    1|          3|    1|          3|
    |i_plaintext_TDATA_blk_n       |    1|          2|    1|          2|
    |w_address0                    |    8|          3|    8|         24|
    |w_address1                    |    8|          3|    8|         24|
    |w_ce0                         |    1|          3|    1|          3|
    |w_ce1                         |    1|          3|    1|          3|
    +------------------------------+-----+-----------+-----+-----------+
    |Total                         |  292|        145|   37|        314|
    +------------------------------+-----+-----------+-----+-----------+

    * Register: 
    +-----------------------------------------------------------------------+-----+----+-----+-----------+
    |                                  Name                                 |  FF | LUT| Bits| Const Bits|
    +-----------------------------------------------------------------------+-----+----+-----+-----------+
    |ap_CS_fsm                                                              |  102|   0|  102|          0|
    |ap_reg_grp_single_block_AES_encrypt_aes_cipher_fu_110_ap_start         |    1|   0|    1|          0|
    |ap_reg_grp_single_block_AES_encrypt_aes_key_expansion_fu_133_ap_start  |    1|   0|    1|          0|
    |ap_reg_ioackin_cipher_TREADY                                           |    1|   0|    1|          0|
    |ap_reg_ppiten_pp0_it0                                                  |    1|   0|    1|          0|
    |ap_reg_ppiten_pp0_it1                                                  |    1|   0|    1|          0|
    |ap_reg_ppstg_exitcond1_reg_231_pp0_iter1                               |    1|   0|    1|          0|
    |ap_reg_ppstg_tmp_last_V_reg_240_pp0_iter1                              |    1|   0|    1|          0|
    |block_1_reg_235                                                        |    3|   0|    3|          0|
    |block_reg_99                                                           |    3|   0|    3|          0|
    |exitcond1_reg_231                                                      |    1|   0|    1|          0|
    |tmp_data_10_reg_365                                                    |    8|   0|    8|          0|
    |tmp_data_11_reg_370                                                    |    8|   0|    8|          0|
    |tmp_data_12_reg_375                                                    |    8|   0|    8|          0|
    |tmp_data_13_reg_380                                                    |    8|   0|    8|          0|
    |tmp_data_14_reg_385                                                    |    8|   0|    8|          0|
    |tmp_data_15_reg_390                                                    |    8|   0|    8|          0|
    |tmp_data_16_reg_245                                                    |    8|   0|    8|          0|
    |tmp_data_17_reg_250                                                    |    8|   0|    8|          0|
    |tmp_data_18_reg_255                                                    |    8|   0|    8|          0|
    |tmp_data_19_reg_260                                                    |    8|   0|    8|          0|
    |tmp_data_1_reg_360                                                     |    8|   0|    8|          0|
    |tmp_data_20_reg_265                                                    |    8|   0|    8|          0|
    |tmp_data_21_reg_270                                                    |    8|   0|    8|          0|
    |tmp_data_22_reg_275                                                    |    8|   0|    8|          0|
    |tmp_data_23_reg_280                                                    |    8|   0|    8|          0|
    |tmp_data_24_reg_285                                                    |    8|   0|    8|          0|
    |tmp_data_25_reg_290                                                    |    8|   0|    8|          0|
    |tmp_data_26_reg_295                                                    |    8|   0|    8|          0|
    |tmp_data_27_reg_300                                                    |    8|   0|    8|          0|
    |tmp_data_28_reg_305                                                    |    8|   0|    8|          0|
    |tmp_data_29_reg_310                                                    |    8|   0|    8|          0|
    |tmp_data_2_reg_320                                                     |    8|   0|    8|          0|
    |tmp_data_30_reg_315                                                    |    8|   0|    8|          0|
    |tmp_data_3_reg_325                                                     |    8|   0|    8|          0|
    |tmp_data_4_reg_330                                                     |    8|   0|    8|          0|
    |tmp_data_5_reg_335                                                     |    8|   0|    8|          0|
    |tmp_data_6_reg_340                                                     |    8|   0|    8|          0|
    |tmp_data_7_reg_345                                                     |    8|   0|    8|          0|
    |tmp_data_8_reg_350                                                     |    8|   0|    8|          0|
    |tmp_data_9_reg_355                                                     |    8|   0|    8|          0|
    |tmp_last_V_reg_240                                                     |    1|   0|    1|          0|
    +-----------------------------------------------------------------------+-----+----+-----+-----------+
    |Total                                                                  |  357|   0|  357|          0|
    +-----------------------------------------------------------------------+-----+----+-----+-----------+



================================================================
== Interface
================================================================
* Summary: 
+--------------------+-----+-----+--------------+--------------------------+--------------+
|      RTL Ports     | Dir | Bits|   Protocol   |       Source Object      |    C Type    |
+--------------------+-----+-----+--------------+--------------------------+--------------+
|ap_clk              |  in |    1| ap_ctrl_none | single_block_AES_encrypt | return value |
|ap_rst_n            |  in |    1| ap_ctrl_none | single_block_AES_encrypt | return value |
|i_plaintext_TDATA   |  in |    8|     axis     |    i_plaintext_V_data    |    pointer   |
|i_plaintext_TVALID  |  in |    1|     axis     |    i_plaintext_V_data    |    pointer   |
|i_plaintext_TREADY  | out |    1|     axis     |   i_plaintext_V_last_V   |    pointer   |
|i_plaintext_TLAST   |  in |    1|     axis     |   i_plaintext_V_last_V   |    pointer   |
|i_plaintext_TUSER   |  in |    1|     axis     |   i_plaintext_V_user_V   |    pointer   |
|cipher_TDATA        | out |    8|     axis     |       cipher_V_data      |    pointer   |
|cipher_TVALID       | out |    1|     axis     |      cipher_V_last_V     |    pointer   |
|cipher_TREADY       |  in |    1|     axis     |      cipher_V_last_V     |    pointer   |
|cipher_TLAST        | out |    1|     axis     |      cipher_V_last_V     |    pointer   |
|cipher_TUSER        | out |    1|     axis     |      cipher_V_user_V     |    pointer   |
+--------------------+-----+-----+--------------+--------------------------+--------------+

