

================================================================
== Vivado HLS Report for 'single_block_AES_encrypt_coef_mult'
================================================================
* Date:           Thu Feb 08 10:04:04 2024

* Version:        2016.2 (Build 1577090 on Thu Jun 02 16:59:10 MDT 2016)
* Project:        AES_Encryption
* Solution:       solution1
* Product family: zynq
* Target device:  xc7z020clg400-1


================================================================
== Performance Estimates
================================================================
+ Timing (ns): 
    * Summary: 
    +--------+-------+----------+------------+
    |  Clock | Target| Estimated| Uncertainty|
    +--------+-------+----------+------------+
    |ap_clk  |  10.00|      5.48|        1.25|
    +--------+-------+----------+------------+

+ Latency (clock cycles): 
    * Summary: 
    +-----+-----+-----+-----+----------+
    |  Latency  |  Interval | Pipeline |
    | min | max | min | max |   Type   |
    +-----+-----+-----+-----+----------+
    |    0|    0|    1|    1| function |
    +-----+-----+-----+-----+----------+

    + Detail: 
        * Instance: 
        +----------------------------------------------+--------------------------------+-----+-----+-----+-----+----------+
        |                                              |                                |  Latency  |  Interval | Pipeline |
        |                   Instance                   |             Module             | min | max | min | max |   Type   |
        +----------------------------------------------+--------------------------------+-----+-----+-----+-----+----------+
        |tmp_single_block_AES_encrypt_gmult_fu_44      |single_block_AES_encrypt_gmult  |    0|    0|    1|    1| function |
        |tmp_s_single_block_AES_encrypt_gmult_fu_52    |single_block_AES_encrypt_gmult  |    0|    0|    1|    1| function |
        |tmp_1_single_block_AES_encrypt_gmult_fu_60    |single_block_AES_encrypt_gmult  |    0|    0|    1|    1| function |
        |tmp_2_single_block_AES_encrypt_gmult_fu_68    |single_block_AES_encrypt_gmult  |    0|    0|    1|    1| function |
        |tmp_5_single_block_AES_encrypt_gmult_fu_76    |single_block_AES_encrypt_gmult  |    0|    0|    1|    1| function |
        |tmp_6_single_block_AES_encrypt_gmult_fu_84    |single_block_AES_encrypt_gmult  |    0|    0|    1|    1| function |
        |tmp_7_single_block_AES_encrypt_gmult_fu_92    |single_block_AES_encrypt_gmult  |    0|    0|    1|    1| function |
        |tmp_3_single_block_AES_encrypt_gmult_fu_100   |single_block_AES_encrypt_gmult  |    0|    0|    1|    1| function |
        |tmp_4_single_block_AES_encrypt_gmult_fu_108   |single_block_AES_encrypt_gmult  |    0|    0|    1|    1| function |
        |tmp_8_single_block_AES_encrypt_gmult_fu_116   |single_block_AES_encrypt_gmult  |    0|    0|    1|    1| function |
        |tmp_9_single_block_AES_encrypt_gmult_fu_124   |single_block_AES_encrypt_gmult  |    0|    0|    1|    1| function |
        |tmp_10_single_block_AES_encrypt_gmult_fu_132  |single_block_AES_encrypt_gmult  |    0|    0|    1|    1| function |
        +----------------------------------------------+--------------------------------+-----+-----+-----+-----+----------+

        * Loop: 
        N/A



================================================================
== Utilization Estimates
================================================================
* Summary: 
+-----------------+---------+-------+--------+-------+
|       Name      | BRAM_18K| DSP48E|   FF   |  LUT  |
+-----------------+---------+-------+--------+-------+
|DSP              |        -|      -|       -|      -|
|Expression       |        -|      -|       0|     96|
|FIFO             |        -|      -|       -|      -|
|Instance         |        -|      -|       0|   1320|
|Memory           |        -|      -|       -|      -|
|Multiplexer      |        -|      -|       -|      -|
|Register         |        -|      -|       -|      -|
+-----------------+---------+-------+--------+-------+
|Total            |        0|      0|       0|   1416|
+-----------------+---------+-------+--------+-------+
|Available        |      280|    220|  106400|  53200|
+-----------------+---------+-------+--------+-------+
|Utilization (%)  |        0|      0|       0|      2|
+-----------------+---------+-------+--------+-------+

+ Detail: 
    * Instance: 
    +----------------------------------------------+--------------------------------+---------+-------+---+-----+
    |                   Instance                   |             Module             | BRAM_18K| DSP48E| FF| LUT |
    +----------------------------------------------+--------------------------------+---------+-------+---+-----+
    |tmp_single_block_AES_encrypt_gmult_fu_44      |single_block_AES_encrypt_gmult  |        0|      0|  0|  110|
    |tmp_s_single_block_AES_encrypt_gmult_fu_52    |single_block_AES_encrypt_gmult  |        0|      0|  0|  110|
    |tmp_1_single_block_AES_encrypt_gmult_fu_60    |single_block_AES_encrypt_gmult  |        0|      0|  0|  110|
    |tmp_2_single_block_AES_encrypt_gmult_fu_68    |single_block_AES_encrypt_gmult  |        0|      0|  0|  110|
    |tmp_5_single_block_AES_encrypt_gmult_fu_76    |single_block_AES_encrypt_gmult  |        0|      0|  0|  110|
    |tmp_6_single_block_AES_encrypt_gmult_fu_84    |single_block_AES_encrypt_gmult  |        0|      0|  0|  110|
    |tmp_7_single_block_AES_encrypt_gmult_fu_92    |single_block_AES_encrypt_gmult  |        0|      0|  0|  110|
    |tmp_3_single_block_AES_encrypt_gmult_fu_100   |single_block_AES_encrypt_gmult  |        0|      0|  0|  110|
    |tmp_4_single_block_AES_encrypt_gmult_fu_108   |single_block_AES_encrypt_gmult  |        0|      0|  0|  110|
    |tmp_8_single_block_AES_encrypt_gmult_fu_116   |single_block_AES_encrypt_gmult  |        0|      0|  0|  110|
    |tmp_9_single_block_AES_encrypt_gmult_fu_124   |single_block_AES_encrypt_gmult  |        0|      0|  0|  110|
    |tmp_10_single_block_AES_encrypt_gmult_fu_132  |single_block_AES_encrypt_gmult  |        0|      0|  0|  110|
    +----------------------------------------------+--------------------------------+---------+-------+---+-----+
    |Total                                         |                                |        0|      0|  0| 1320|
    +----------------------------------------------+--------------------------------+---------+-------+---+-----+

    * DSP48: 
    N/A

    * Memory: 
    N/A

    * FIFO: 
    N/A

    * Expression: 
    +----------------------------+----------+-------+---+----+------------+------------+
    |        Variable Name       | Operation| DSP48E| FF| LUT| Bitwidth P0| Bitwidth P1|
    +----------------------------+----------+-------+---+----+------------+------------+
    |d_0_write_assign_fu_152_p2  |    xor   |      0|  0|   8|           8|           8|
    |d_1_write_assign_fu_170_p2  |    xor   |      0|  0|   8|           8|           8|
    |d_2_write_assign_fu_188_p2  |    xor   |      0|  0|   8|           8|           8|
    |d_3_write_assign_fu_206_p2  |    xor   |      0|  0|   8|           8|           8|
    |tmp1_fu_140_p2              |    xor   |      0|  0|   8|           8|           8|
    |tmp2_fu_146_p2              |    xor   |      0|  0|   8|           8|           8|
    |tmp3_fu_158_p2              |    xor   |      0|  0|   8|           8|           8|
    |tmp4_fu_164_p2              |    xor   |      0|  0|   8|           8|           8|
    |tmp5_fu_176_p2              |    xor   |      0|  0|   8|           8|           8|
    |tmp6_fu_182_p2              |    xor   |      0|  0|   8|           8|           8|
    |tmp7_fu_194_p2              |    xor   |      0|  0|   8|           8|           8|
    |tmp8_fu_200_p2              |    xor   |      0|  0|   8|           8|           8|
    +----------------------------+----------+-------+---+----+------------+------------+
    |Total                       |          |      0|  0|  96|          96|          96|
    +----------------------------+----------+-------+---+----+------------+------------+

    * Multiplexer: 
    N/A

    * Register: 
    N/A



================================================================
== Interface
================================================================
* Summary: 
+-------------+-----+-----+------------+------------------------------------+--------------+
|  RTL Ports  | Dir | Bits|  Protocol  |            Source Object           |    C Type    |
+-------------+-----+-----+------------+------------------------------------+--------------+
|b_0_read     |  in |    8|   ap_none  |              b_0_read              |    scalar    |
|b_1_read     |  in |    8|   ap_none  |              b_1_read              |    scalar    |
|b_2_read     |  in |    8|   ap_none  |              b_2_read              |    scalar    |
|b_3_read     |  in |    8|   ap_none  |              b_3_read              |    scalar    |
|ap_return_0  | out |    8| ap_ctrl_hs | single_block_AES_encrypt_coef_mult | return value |
|ap_return_1  | out |    8| ap_ctrl_hs | single_block_AES_encrypt_coef_mult | return value |
|ap_return_2  | out |    8| ap_ctrl_hs | single_block_AES_encrypt_coef_mult | return value |
|ap_return_3  | out |    8| ap_ctrl_hs | single_block_AES_encrypt_coef_mult | return value |
+-------------+-----+-----+------------+------------------------------------+--------------+

