

================================================================
== Vivado HLS Report for 'single_block_AES_encrypt_gmult'
================================================================
* Date:           Thu Feb 08 12:12:23 2024

* Version:        2016.2 (Build 1577090 on Thu Jun 02 16:59:10 MDT 2016)
* Project:        AES_Encryption
* Solution:       solution1
* Product family: zynq
* Target device:  xc7z020clg400-1


================================================================
== Performance Estimates
================================================================
+ Timing (ns): 
    * Summary: 
    +--------+-------+----------+------------+
    |  Clock | Target| Estimated| Uncertainty|
    +--------+-------+----------+------------+
    |ap_clk  |  10.00|      4.11|        1.25|
    +--------+-------+----------+------------+

+ Latency (clock cycles): 
    * Summary: 
    +-----+-----+-----+-----+----------+
    |  Latency  |  Interval | Pipeline |
    | min | max | min | max |   Type   |
    +-----+-----+-----+-----+----------+
    |    0|    0|    1|    1| function |
    +-----+-----+-----+-----+----------+

    + Detail: 
        * Instance: 
        N/A

        * Loop: 
        N/A



================================================================
== Utilization Estimates
================================================================
* Summary: 
+-----------------+---------+-------+--------+-------+
|       Name      | BRAM_18K| DSP48E|   FF   |  LUT  |
+-----------------+---------+-------+--------+-------+
|DSP              |        -|      -|       -|      -|
|Expression       |        -|      -|       0|    110|
|FIFO             |        -|      -|       -|      -|
|Instance         |        -|      -|       -|      -|
|Memory           |        -|      -|       -|      -|
|Multiplexer      |        -|      -|       -|      -|
|Register         |        -|      -|       -|      -|
+-----------------+---------+-------+--------+-------+
|Total            |        0|      0|       0|    110|
+-----------------+---------+-------+--------+-------+
|Available        |      280|    220|  106400|  53200|
+-----------------+---------+-------+--------+-------+
|Utilization (%)  |        0|      0|       0|   ~0  |
+-----------------+---------+-------+--------+-------+

+ Detail: 
    * Instance: 
    N/A

    * DSP48: 
    N/A

    * Memory: 
    N/A

    * FIFO: 
    N/A

    * Expression: 
    +------------------------+----------+-------+---+----+------------+------------+
    |      Variable Name     | Operation| DSP48E| FF| LUT| Bitwidth P0| Bitwidth P1|
    +------------------------+----------+-------+---+----+------------+------------+
    |a_assign_1_s_fu_260_p2  |    or    |      0|  0|   8|           8|           5|
    |a_assign_2_6_fu_266_p3  |  select  |      0|  0|   8|           1|           8|
    |tmp_24_1_fu_106_p3      |  select  |      0|  0|   3|           1|           3|
    |tmp_24_2_fu_128_p3      |  select  |      0|  0|   4|           1|           4|
    |tmp_24_3_fu_156_p3      |  select  |      0|  0|   5|           1|           5|
    |tmp_24_4_fu_180_p3      |  select  |      0|  0|   6|           1|           6|
    |tmp_24_5_fu_208_p3      |  select  |      0|  0|   7|           1|           7|
    |tmp_24_6_fu_232_p3      |  select  |      0|  0|   8|           1|           8|
    |tmp_24_7_fu_282_p3      |  select  |      0|  0|   8|           1|           8|
    |tmp_7_fu_78_p3          |  select  |      0|  0|   2|           1|           2|
    |ap_return               |    xor   |      0|  0|   8|           8|           8|
    |tmp2_fu_306_p2          |    xor   |      0|  0|   7|           5|           5|
    |tmp3_fu_290_p2          |    xor   |      0|  0|   5|           3|           3|
    |tmp4_fu_300_p2          |    xor   |      0|  0|   7|           5|           5|
    |tmp5_fu_332_p2          |    xor   |      0|  0|   8|           8|           8|
    |tmp6_fu_316_p2          |    xor   |      0|  0|   8|           7|           7|
    |tmp7_fu_326_p2          |    xor   |      0|  0|   8|           8|           8|
    +------------------------+----------+-------+---+----+------------+------------+
    |Total                   |          |      0|  0| 110|          61|         100|
    +------------------------+----------+-------+---+----+------------+------------+

    * Multiplexer: 
    N/A

    * Register: 
    N/A



================================================================
== Interface
================================================================
* Summary: 
+-----------+-----+-----+------------+--------------------------------+--------------+
| RTL Ports | Dir | Bits|  Protocol  |          Source Object         |    C Type    |
+-----------+-----+-----+------------+--------------------------------+--------------+
|a          |  in |    4|   ap_none  |                a               |    scalar    |
|b          |  in |    8|   ap_none  |                b               |    scalar    |
|ap_return  | out |    8| ap_ctrl_hs | single_block_AES_encrypt_gmult | return value |
+-----------+-----+-----+------------+--------------------------------+--------------+

