

================================================================
== Vivado HLS Report for 'single_block_AES_encrypt_aes_key_expansion'
================================================================
* Date:           Thu Feb 08 15:39:29 2024

* Version:        2016.2 (Build 1577090 on Thu Jun 02 16:59:10 MDT 2016)
* Project:        AES_Encryption
* Solution:       solution1
* Product family: zynq
* Target device:  xc7z020clg400-1


================================================================
== Performance Estimates
================================================================
+ Timing (ns): 
    * Summary: 
    +--------+-------+----------+------------+
    |  Clock | Target| Estimated| Uncertainty|
    +--------+-------+----------+------------+
    |ap_clk  |  10.00|      5.33|        1.25|
    +--------+-------+----------+------------+

+ Latency (clock cycles): 
    * Summary: 
    +-----+-----+-----+-----+---------+
    |  Latency  |  Interval | Pipeline|
    | min | max | min | max |   Type  |
    +-----+-----+-----+-----+---------+
    |    ?|    ?|    ?|    ?|   none  |
    +-----+-----+-----+-----+---------+

    + Detail: 
        * Instance: 
        N/A

        * Loop: 
        +-----------------+-----+-----+----------+-----------+-----------+------+----------+
        |                 |  Latency  | Iteration|  Initiation Interval  | Trip |          |
        |    Loop Name    | min | max |  Latency |  achieved |   target  | Count| Pipelined|
        +-----------------+-----+-----+----------+-----------+-----------+------+----------+
        |- Loop 1         |    ?|    ?|         ?|          -|          -|    40|    no    |
        | + Loop 1.1      |    3|    3|         1|          -|          -|     3|    no    |
        | + Loop 1.2      |    8|    8|         2|          -|          -|     4|    no    |
        | + Loop 1.3      |    ?|    ?|        10|          -|          -|     ?|    no    |
        |  ++ Loop 1.3.1  |    8|    8|         1|          -|          -|     8|    no    |
        +-----------------+-----+-----+----------+-----------+-----------+------+----------+



================================================================
== Utilization Estimates
================================================================
* Summary: 
+-----------------+---------+-------+--------+-------+
|       Name      | BRAM_18K| DSP48E|   FF   |  LUT  |
+-----------------+---------+-------+--------+-------+
|DSP              |        -|      -|       -|      -|
|Expression       |        -|      -|       0|    351|
|FIFO             |        -|      -|       -|      -|
|Instance         |        -|      -|       0|      8|
|Memory           |        1|      -|      16|      1|
|Multiplexer      |        -|      -|       -|    240|
|Register         |        -|      -|     259|      -|
+-----------------+---------+-------+--------+-------+
|Total            |        1|      0|     275|    600|
+-----------------+---------+-------+--------+-------+
|Available        |      280|    220|  106400|  53200|
+-----------------+---------+-------+--------+-------+
|Utilization (%)  |    ~0   |      0|   ~0   |      1|
+-----------------+---------+-------+--------+-------+

+ Detail: 
    * Instance: 
    +-----------------------------------------------+--------------------------------------------+---------+-------+---+----+
    |                    Instance                   |                   Module                   | BRAM_18K| DSP48E| FF| LUT|
    +-----------------------------------------------+--------------------------------------------+---------+-------+---+----+
    |single_block_AES_encrypt_mux_4to1_sel2_8_1_U0  |single_block_AES_encrypt_mux_4to1_sel2_8_1  |        0|      0|  0|   8|
    +-----------------------------------------------+--------------------------------------------+---------+-------+---+----+
    |Total                                          |                                            |        0|      0|  0|   8|
    +-----------------------------------------------+--------------------------------------------+---------+-------+---+----+

    * DSP48: 
    N/A

    * Memory: 
    +---------+--------------------------------------------------+---------+----+----+------+-----+------+-------------+
    |  Memory |                      Module                      | BRAM_18K| FF | LUT| Words| Bits| Banks| W*Bits*Banks|
    +---------+--------------------------------------------------+---------+----+----+------+-----+------+-------------+
    |R_U      |single_block_AES_encrypt_aes_key_expansion_R      |        0|  16|   1|     4|    8|     1|           32|
    |s_box_U  |single_block_AES_encrypt_aes_key_expansion_s_box  |        1|   0|   0|   256|    8|     1|         2048|
    +---------+--------------------------------------------------+---------+----+----+------+-----+------+-------------+
    |Total    |                                                  |        1|  16|   1|   260|   16|     2|         2080|
    +---------+--------------------------------------------------+---------+----+----+------+-----+------+-------------+

    * FIFO: 
    N/A

    * Expression: 
    +-----------------------------+----------+-------+---+----+------------+------------+
    |        Variable Name        | Operation| DSP48E| FF| LUT| Bitwidth P0| Bitwidth P1|
    +-----------------------------+----------+-------+---+----+------------+------------+
    |i_5_fu_745_p2                |     +    |      0|  0|   2|           2|           1|
    |i_6_fu_837_p2                |     +    |      0|  0|   3|           3|           1|
    |i_7_fu_1007_p2               |     +    |      0|  0|   4|           4|           1|
    |i_assign_1_fu_979_p2         |     +    |      0|  0|   8|           8|           2|
    |i_fu_1117_p2                 |     +    |      0|  0|   6|           6|           1|
    |tmp_31_fu_687_p2             |     +    |      0|  0|   8|           4|           8|
    |tmp_33_fu_698_p2             |     +    |      0|  0|   8|           3|           8|
    |tmp_35_fu_709_p2             |     +    |      0|  0|   8|           3|           8|
    |tmp_37_fu_719_p2             |     +    |      0|  0|   8|           2|           8|
    |tmp_46_fu_1097_p2            |     +    |      0|  0|   8|           8|           6|
    |tmp_50_fu_1107_p2            |     +    |      0|  0|   8|           8|           5|
    |tmp_55_fu_1135_p2            |     +    |      0|  0|   8|           8|           5|
    |tmp_60_fu_1145_p2            |     +    |      0|  0|   8|           8|           5|
    |exitcond_fu_673_p2           |   icmp   |      0|  0|   3|           6|           6|
    |exitcond_i1_fu_1001_p2       |   icmp   |      0|  0|   2|           4|           5|
    |exitcond_i2_fu_739_p2        |   icmp   |      0|  0|   1|           2|           2|
    |exitcond_i_fu_831_p2         |   icmp   |      0|  0|   2|           3|           4|
    |icmp1_fu_995_p2              |   icmp   |      0|  0|   3|           7|           1|
    |icmp_fu_896_p2               |   icmp   |      0|  0|   2|           3|           1|
    |sel_tmp2_fu_912_p2           |   icmp   |      0|  0|   1|           2|           1|
    |sel_tmp2_i_fu_764_p2         |   icmp   |      0|  0|   1|           2|           1|
    |sel_tmp8_fu_907_p2           |   icmp   |      0|  0|   1|           2|           1|
    |sel_tmp_fu_902_p2            |   icmp   |      0|  0|   2|           2|           3|
    |sel_tmp_i_fu_751_p2          |   icmp   |      0|  0|   1|           2|           1|
    |tmp_40_fu_733_p2             |   icmp   |      0|  0|   1|           2|           1|
    |tmp_41_fu_880_p2             |   icmp   |      0|  0|   2|           4|           1|
    |or_cond_fu_917_p2            |    or    |      0|  0|   1|           1|           1|
    |tmp_53_fu_1159_p2            |    or    |      0|  0|   8|           8|           1|
    |tmp_58_fu_1181_p2            |    or    |      0|  0|   8|           8|           2|
    |tmp_63_fu_1191_p2            |    or    |      0|  0|   8|           8|           2|
    |write_flag_1_i_fu_778_p2     |    or    |      0|  0|   1|           1|           1|
    |a_assign_5_fu_1051_p3        |  select  |      0|  0|   8|           1|           8|
    |newSel5_fu_939_p3            |  select  |      0|  0|   8|           1|           8|
    |newSel_fu_923_p3             |  select  |      0|  0|   8|           1|           8|
    |tmp_0_1_fu_824_p3            |  select  |      0|  0|   8|           1|           8|
    |tmp_10_i_fu_1017_p3          |  select  |      0|  0|   8|           1|           8|
    |tmp_3_4_fu_947_p3            |  select  |      0|  0|   8|           1|           8|
    |tmp_3_5_fu_955_p3            |  select  |      0|  0|   8|           1|           8|
    |tmp_3_7_fu_963_p3            |  select  |      0|  0|   8|           1|           8|
    |tmp_3_8_fu_971_p3            |  select  |      0|  0|   8|           1|           8|
    |tmp_3_fu_931_p3              |  select  |      0|  0|   8|           1|           8|
    |w_3_read_assign_1_fu_770_p3  |  select  |      0|  0|   8|           1|           8|
    |w_3_read_assign_3_fu_784_p3  |  select  |      0|  0|   8|           1|           8|
    |w_3_read_assign_4_fu_792_p3  |  select  |      0|  0|   8|           1|           8|
    |w_3_read_assign_5_fu_800_p3  |  select  |      0|  0|   8|           1|           8|
    |w_3_read_assign_6_fu_808_p3  |  select  |      0|  0|   8|           1|           8|
    |w_3_read_assign_7_fu_816_p3  |  select  |      0|  0|   8|           1|           8|
    |w_3_read_assign_fu_757_p3    |  select  |      0|  0|   8|           1|           8|
    |a_assign_4_fu_1045_p2        |    xor   |      0|  0|   8|           8|           5|
    |p_0_i_1298_fu_1025_p2        |    xor   |      0|  0|   8|           8|           8|
    |tmp_0_fu_1085_p2             |    xor   |      0|  0|   8|           8|           8|
    |tmp_1_3_fu_1073_p2           |    xor   |      0|  0|   8|           8|           8|
    |tmp_2_3_fu_1079_p2           |    xor   |      0|  0|   8|           8|           8|
    |tmp_3_9_fu_1091_p2           |    xor   |      0|  0|   8|           8|           8|
    |tmp_48_fu_1123_p2            |    xor   |      0|  0|   8|           8|           8|
    |tmp_52_fu_1129_p2            |    xor   |      0|  0|   8|           8|           8|
    |tmp_57_fu_1169_p2            |    xor   |      0|  0|   8|           8|           8|
    |tmp_62_fu_1175_p2            |    xor   |      0|  0|   8|           8|           8|
    +-----------------------------+----------+-------+---+----+------------+------------+
    |Total                        |          |      0|  0| 351|         231|         307|
    +-----------------------------+----------+-------+---+----+------------+------------+

    * Multiplexer: 
    +-------------------------+----+-----------+-----+-----------+
    |           Name          | LUT| Input Size| Bits| Total Bits|
    +-------------------------+----+-----------+-----+-----------+
    |R_address0               |   2|          4|    2|          8|
    |R_address1               |   2|          3|    2|          6|
    |R_d0                     |   8|          3|    8|         24|
    |a_2_read_assign_reg_527  |   8|          2|    8|         16|
    |a_3_read_assign_reg_517  |   8|          2|    8|         16|
    |a_assign_reg_570         |   8|          2|    8|         16|
    |ap_NS_fsm                |  18|         23|    1|         23|
    |i_1_reg_452              |   6|          2|    6|         12|
    |i_i1_reg_592             |   4|          2|    4|          8|
    |i_i2_reg_506             |   2|          2|    2|          4|
    |i_i_reg_559              |   3|          2|    3|          6|
    |p_0_i_reg_627            |   8|          2|    8|         16|
    |p_0_in_i_reg_583         |   8|          2|    8|         16|
    |p_i_1296_reg_616         |   2|          2|    2|          4|
    |p_i_reg_603              |   8|          2|    8|         16|
    |tmp_0_s_reg_646          |   8|          2|    8|         16|
    |tmp_1_1_reg_496          |   8|          2|    8|         16|
    |tmp_1_s_reg_637          |   8|          2|    8|         16|
    |tmp_2_1_reg_486          |   8|          2|    8|         16|
    |tmp_2_3_2_reg_664        |   8|          2|    8|         16|
    |tmp_3_3_reg_538          |   8|          2|    8|         16|
    |tmp_3_6_reg_549          |   8|          2|    8|         16|
    |tmp_3_s_reg_655          |   8|          2|    8|         16|
    |w_address0               |  24|         15|    8|        120|
    |w_address1               |  24|         15|    8|        120|
    |w_d0                     |  16|         11|    8|         88|
    |w_d1                     |  16|         11|    8|         88|
    |write_flag_i_reg_464     |   1|          2|    1|          2|
    +-------------------------+----+-----------+-----+-----------+
    |Total                    | 240|        125|  175|        737|
    +-------------------------+----+-----------+-----+-----------+

    * Register: 
    +---------------------------+----+----+-----+-----------+
    |            Name           | FF | LUT| Bits| Const Bits|
    +---------------------------+----+----+-----+-----------+
    |a_2_read_assign_reg_527    |   8|   0|    8|          0|
    |a_3_read_assign_reg_517    |   8|   0|    8|          0|
    |a_assign_reg_570           |   8|   0|    8|          0|
    |ap_CS_fsm                  |  22|   0|   22|          0|
    |i_1_reg_452                |   6|   0|    6|          0|
    |i_6_reg_1303               |   3|   0|    3|          0|
    |i_assign_1_reg_1352        |   8|   0|    8|          0|
    |i_i1_reg_592               |   4|   0|    4|          0|
    |i_i2_reg_506               |   2|   0|    2|          0|
    |i_i_reg_559                |   3|   0|    3|          0|
    |i_reg_1413                 |   6|   0|    6|          0|
    |icmp_reg_1328              |   1|   0|    1|          0|
    |p_0_i_reg_627              |   8|   0|    8|          0|
    |p_0_in_i_reg_583           |   8|   0|    8|          0|
    |p_i_1296_reg_616           |   2|   0|    5|          3|
    |p_i_reg_603                |   8|   0|    8|          0|
    |tmp_0_s_reg_646            |   8|   0|    8|          0|
    |tmp_1_1_reg_496            |   8|   0|    8|          0|
    |tmp_1_3_reg_1383           |   8|   0|    8|          0|
    |tmp_1_reg_1235             |   8|   0|    8|          0|
    |tmp_1_s_reg_637            |   8|   0|    8|          0|
    |tmp_22_reg_1308            |   2|   0|    2|          0|
    |tmp_29_reg_1228            |   8|   0|    8|          0|
    |tmp_2_1_reg_486            |   8|   0|    8|          0|
    |tmp_2_3_2_reg_664          |   8|   0|    8|          0|
    |tmp_2_3_reg_1388           |   8|   0|    8|          0|
    |tmp_30_reg_1204            |   6|   0|    8|          2|
    |tmp_3_1_reg_1257           |   8|   0|    8|          0|
    |tmp_3_3_reg_538            |   8|   0|    8|          0|
    |tmp_3_6_reg_549            |   8|   0|    8|          0|
    |tmp_3_s_reg_655            |   8|   0|    8|          0|
    |tmp_40_reg_1263            |   1|   0|    1|          0|
    |tmp_48_reg_1418            |   8|   0|    8|          0|
    |tmp_52_reg_1423            |   8|   0|    8|          0|
    |tmp_57_reg_1438            |   8|   0|    8|          0|
    |tmp_62_reg_1443            |   8|   0|    8|          0|
    |w_3_read_assign_2_reg_475  |   8|   0|    8|          0|
    |write_flag_i_reg_464       |   1|   0|    1|          0|
    +---------------------------+----+----+-----+-----------+
    |Total                      | 259|   0|  264|          5|
    +---------------------------+----+----+-----+-----------+



================================================================
== Interface
================================================================
* Summary: 
+------------+-----+-----+------------+--------------------------------------------+--------------+
|  RTL Ports | Dir | Bits|  Protocol  |                Source Object               |    C Type    |
+------------+-----+-----+------------+--------------------------------------------+--------------+
|ap_clk      |  in |    1| ap_ctrl_hs | single_block_AES_encrypt_aes_key_expansion | return value |
|ap_rst      |  in |    1| ap_ctrl_hs | single_block_AES_encrypt_aes_key_expansion | return value |
|ap_start    |  in |    1| ap_ctrl_hs | single_block_AES_encrypt_aes_key_expansion | return value |
|ap_done     | out |    1| ap_ctrl_hs | single_block_AES_encrypt_aes_key_expansion | return value |
|ap_idle     | out |    1| ap_ctrl_hs | single_block_AES_encrypt_aes_key_expansion | return value |
|ap_ready    | out |    1| ap_ctrl_hs | single_block_AES_encrypt_aes_key_expansion | return value |
|w_address0  | out |    8|  ap_memory |                      w                     |     array    |
|w_ce0       | out |    1|  ap_memory |                      w                     |     array    |
|w_we0       | out |    1|  ap_memory |                      w                     |     array    |
|w_d0        | out |    8|  ap_memory |                      w                     |     array    |
|w_q0        |  in |    8|  ap_memory |                      w                     |     array    |
|w_address1  | out |    8|  ap_memory |                      w                     |     array    |
|w_ce1       | out |    1|  ap_memory |                      w                     |     array    |
|w_we1       | out |    1|  ap_memory |                      w                     |     array    |
|w_d1        | out |    8|  ap_memory |                      w                     |     array    |
|w_q1        |  in |    8|  ap_memory |                      w                     |     array    |
+------------+-----+-----+------------+--------------------------------------------+--------------+

