

================================================================
== Vivado HLS Report for 'single_block_AES_encrypt_sub_bytes'
================================================================
* Date:           Thu Feb 08 12:12:22 2024

* Version:        2016.2 (Build 1577090 on Thu Jun 02 16:59:10 MDT 2016)
* Project:        AES_Encryption
* Solution:       solution1
* Product family: zynq
* Target device:  xc7z020clg400-1


================================================================
== Performance Estimates
================================================================
+ Timing (ns): 
    * Summary: 
    +--------+-------+----------+------------+
    |  Clock | Target| Estimated| Uncertainty|
    +--------+-------+----------+------------+
    |ap_clk  |  10.00|      3.43|        1.25|
    +--------+-------+----------+------------+

+ Latency (clock cycles): 
    * Summary: 
    +-----+-----+-----+-----+----------+
    |  Latency  |  Interval | Pipeline |
    | min | max | min | max |   Type   |
    +-----+-----+-----+-----+----------+
    |    1|    1|    1|    1| function |
    +-----+-----+-----+-----+----------+

    + Detail: 
        * Instance: 
        N/A

        * Loop: 
        N/A



================================================================
== Utilization Estimates
================================================================
* Summary: 
+-----------------+---------+-------+--------+-------+
|       Name      | BRAM_18K| DSP48E|   FF   |  LUT  |
+-----------------+---------+-------+--------+-------+
|DSP              |        -|      -|       -|      -|
|Expression       |        -|      -|       -|      -|
|FIFO             |        -|      -|       -|      -|
|Instance         |        -|      -|       -|      -|
|Memory           |        8|      -|       0|      0|
|Multiplexer      |        -|      -|       -|      -|
|Register         |        -|      -|       2|      -|
+-----------------+---------+-------+--------+-------+
|Total            |        8|      0|       2|      0|
+-----------------+---------+-------+--------+-------+
|Available        |      280|    220|  106400|  53200|
+-----------------+---------+-------+--------+-------+
|Utilization (%)  |        2|      0|   ~0   |      0|
+-----------------+---------+-------+--------+-------+

+ Detail: 
    * Instance: 
    N/A

    * DSP48: 
    N/A

    * Memory: 
    +---------+------------------------------------------+---------+---+----+------+-----+------+-------------+
    |  Memory |                  Module                  | BRAM_18K| FF| LUT| Words| Bits| Banks| W*Bits*Banks|
    +---------+------------------------------------------+---------+---+----+------+-----+------+-------------+
    |s_box_U  |single_block_AES_encrypt_sub_bytes_s_box  |        8|  0|   0|   256|    8|     1|         2048|
    +---------+------------------------------------------+---------+---+----+------+-----+------+-------------+
    |Total    |                                          |        8|  0|   0|   256|    8|     1|         2048|
    +---------+------------------------------------------+---------+---+----+------+-----+------+-------------+

    * FIFO: 
    N/A

    * Expression: 
    N/A

    * Multiplexer: 
    N/A

    * Register: 
    +-----------------------+---+----+-----+-----------+
    |          Name         | FF| LUT| Bits| Const Bits|
    +-----------------------+---+----+-----+-----------+
    |ap_CS_fsm              |  1|   0|    1|          0|
    |ap_reg_ppiten_pp0_it1  |  1|   0|    1|          0|
    +-----------------------+---+----+-----+-----------+
    |Total                  |  2|   0|    2|          0|
    +-----------------------+---+----+-----+-----------+



================================================================
== Interface
================================================================
* Summary: 
+---------------+-----+-----+------------+------------------------------------+--------------+
|   RTL Ports   | Dir | Bits|  Protocol  |            Source Object           |    C Type    |
+---------------+-----+-----+------------+------------------------------------+--------------+
|ap_clk         |  in |    1| ap_ctrl_hs | single_block_AES_encrypt_sub_bytes | return value |
|ap_rst         |  in |    1| ap_ctrl_hs | single_block_AES_encrypt_sub_bytes | return value |
|ap_start       |  in |    1| ap_ctrl_hs | single_block_AES_encrypt_sub_bytes | return value |
|ap_done        | out |    1| ap_ctrl_hs | single_block_AES_encrypt_sub_bytes | return value |
|ap_idle        | out |    1| ap_ctrl_hs | single_block_AES_encrypt_sub_bytes | return value |
|ap_ready       | out |    1| ap_ctrl_hs | single_block_AES_encrypt_sub_bytes | return value |
|ap_ce          |  in |    1| ap_ctrl_hs | single_block_AES_encrypt_sub_bytes | return value |
|ap_return_0    | out |    8| ap_ctrl_hs | single_block_AES_encrypt_sub_bytes | return value |
|ap_return_1    | out |    8| ap_ctrl_hs | single_block_AES_encrypt_sub_bytes | return value |
|ap_return_2    | out |    8| ap_ctrl_hs | single_block_AES_encrypt_sub_bytes | return value |
|ap_return_3    | out |    8| ap_ctrl_hs | single_block_AES_encrypt_sub_bytes | return value |
|ap_return_4    | out |    8| ap_ctrl_hs | single_block_AES_encrypt_sub_bytes | return value |
|ap_return_5    | out |    8| ap_ctrl_hs | single_block_AES_encrypt_sub_bytes | return value |
|ap_return_6    | out |    8| ap_ctrl_hs | single_block_AES_encrypt_sub_bytes | return value |
|ap_return_7    | out |    8| ap_ctrl_hs | single_block_AES_encrypt_sub_bytes | return value |
|ap_return_8    | out |    8| ap_ctrl_hs | single_block_AES_encrypt_sub_bytes | return value |
|ap_return_9    | out |    8| ap_ctrl_hs | single_block_AES_encrypt_sub_bytes | return value |
|ap_return_10   | out |    8| ap_ctrl_hs | single_block_AES_encrypt_sub_bytes | return value |
|ap_return_11   | out |    8| ap_ctrl_hs | single_block_AES_encrypt_sub_bytes | return value |
|ap_return_12   | out |    8| ap_ctrl_hs | single_block_AES_encrypt_sub_bytes | return value |
|ap_return_13   | out |    8| ap_ctrl_hs | single_block_AES_encrypt_sub_bytes | return value |
|ap_return_14   | out |    8| ap_ctrl_hs | single_block_AES_encrypt_sub_bytes | return value |
|ap_return_15   | out |    8| ap_ctrl_hs | single_block_AES_encrypt_sub_bytes | return value |
|state_0_read   |  in |    8|   ap_none  |            state_0_read            |    scalar    |
|state_1_read   |  in |    8|   ap_none  |            state_1_read            |    scalar    |
|state_2_read   |  in |    8|   ap_none  |            state_2_read            |    scalar    |
|state_3_read   |  in |    8|   ap_none  |            state_3_read            |    scalar    |
|state_4_read   |  in |    8|   ap_none  |            state_4_read            |    scalar    |
|state_5_read   |  in |    8|   ap_none  |            state_5_read            |    scalar    |
|state_6_read   |  in |    8|   ap_none  |            state_6_read            |    scalar    |
|state_7_read   |  in |    8|   ap_none  |            state_7_read            |    scalar    |
|state_8_read   |  in |    8|   ap_none  |            state_8_read            |    scalar    |
|state_9_read   |  in |    8|   ap_none  |            state_9_read            |    scalar    |
|state_10_read  |  in |    8|   ap_none  |            state_10_read           |    scalar    |
|state_11_read  |  in |    8|   ap_none  |            state_11_read           |    scalar    |
|state_12_read  |  in |    8|   ap_none  |            state_12_read           |    scalar    |
|state_13_read  |  in |    8|   ap_none  |            state_13_read           |    scalar    |
|state_14_read  |  in |    8|   ap_none  |            state_14_read           |    scalar    |
|state_15_read  |  in |    8|   ap_none  |            state_15_read           |    scalar    |
+---------------+-----+-----+------------+------------------------------------+--------------+

