

================================================================
== Vivado HLS Report for 'single_block_CTR_encrypt'
================================================================
* Date:           Tue Feb 06 09:16:28 2024

* Version:        2016.2 (Build 1577090 on Thu Jun 02 16:59:10 MDT 2016)
* Project:        AES_CTR
* Solution:       solution1
* Product family: zynq
* Target device:  xc7z020clg400-1


================================================================
== Performance Estimates
================================================================
+ Timing (ns): 
    * Summary: 
    +--------+-------+----------+------------+
    |  Clock | Target| Estimated| Uncertainty|
    +--------+-------+----------+------------+
    |ap_clk  |  10.00|      6.50|        1.25|
    +--------+-------+----------+------------+

+ Latency (clock cycles): 
    * Summary: 
    +-----+-----+-----+-----+---------+
    |  Latency  |  Interval | Pipeline|
    | min | max | min | max |   Type  |
    +-----+-----+-----+-----+---------+
    |    ?|    ?|    ?|    ?|   none  |
    +-----+-----+-----+-----+---------+

    + Detail: 
        * Instance: 
        +-------------------------------------------------------+--------------------------------------------+------+------+------+------+---------+
        |                                                       |                                            |   Latency   |   Interval  | Pipeline|
        |                        Instance                       |                   Module                   |  min |  max |  min |  max |   Type  |
        +-------------------------------------------------------+--------------------------------------------+------+------+------+------+---------+
        |grp_single_block_CTR_encrypt_aes_cipher_fu_222         |single_block_CTR_encrypt_aes_cipher         |  2167|  2707|  2167|  2707|   none  |
        |grp_single_block_CTR_encrypt_aes_key_expansion_fu_232  |single_block_CTR_encrypt_aes_key_expansion  |     ?|     ?|     ?|     ?|   none  |
        +-------------------------------------------------------+--------------------------------------------+------+------+------+------+---------+

        * Loop: 
        +----------+-----+-----+----------+-----------+-----------+--------+----------+
        |          |  Latency  | Iteration|  Initiation Interval  |  Trip  |          |
        | Loop Name| min | max |  Latency |  achieved |   target  |  Count | Pipelined|
        +----------+-----+-----+----------+-----------+-----------+--------+----------+
        |- Loop 1  |   16|   16|         1|          -|          -|      16|    no    |
        |- Loop 2  |   32|   32|         2|          -|          -|      16|    no    |
        |- Loop 3  |   32|   32|         2|          -|          -|      16|    no    |
        |- Loop 4  |    2|   33|         2|          -|          -| 1 ~ 16 |    no    |
        +----------+-----+-----+----------+-----------+-----------+--------+----------+



================================================================
== Utilization Estimates
================================================================
* Summary: 
+-----------------+---------+-------+--------+-------+
|       Name      | BRAM_18K| DSP48E|   FF   |  LUT  |
+-----------------+---------+-------+--------+-------+
|DSP              |        -|      -|       -|      -|
|Expression       |        -|      -|       0|     52|
|FIFO             |        -|      -|       -|      -|
|Instance         |        3|      -|    1044|   1973|
|Memory           |        1|      -|      64|      8|
|Multiplexer      |        -|      -|       -|     73|
|Register         |        -|      -|      55|      -|
+-----------------+---------+-------+--------+-------+
|Total            |        4|      0|    1163|   2106|
+-----------------+---------+-------+--------+-------+
|Available        |      280|    220|  106400|  53200|
+-----------------+---------+-------+--------+-------+
|Utilization (%)  |        1|      0|       1|      3|
+-----------------+---------+-------+--------+-------+

+ Detail: 
    * Instance: 
    +-------------------------------------------------------+--------------------------------------------+---------+-------+-----+------+
    |                        Instance                       |                   Module                   | BRAM_18K| DSP48E|  FF |  LUT |
    +-------------------------------------------------------+--------------------------------------------+---------+-------+-----+------+
    |grp_single_block_CTR_encrypt_aes_cipher_fu_222         |single_block_CTR_encrypt_aes_cipher         |        2|      0|  741|  1369|
    |grp_single_block_CTR_encrypt_aes_key_expansion_fu_232  |single_block_CTR_encrypt_aes_key_expansion  |        1|      0|  303|   604|
    +-------------------------------------------------------+--------------------------------------------+---------+-------+-----+------+
    |Total                                                  |                                            |        3|      0| 1044|  1973|
    +-------------------------------------------------------+--------------------------------------------+---------+-------+-----+------+

    * DSP48: 
    N/A

    * Memory: 
    +----------------+------------------------------------+---------+----+----+------+-----+------+-------------+
    |     Memory     |               Module               | BRAM_18K| FF | LUT| Words| Bits| Banks| W*Bits*Banks|
    +----------------+------------------------------------+---------+----+----+------+-----+------+-------------+
    |nonce_U         |single_block_CTR_encrypt_nonce      |        0|  16|   2|    16|    8|     1|          128|
    |plaintext_U     |single_block_CTR_encrypt_plaintext  |        0|  16|   2|    16|    8|     1|          128|
    |cipher_nonce_U  |single_block_CTR_encrypt_plaintext  |        0|  16|   2|    16|    8|     1|          128|
    |out_U           |single_block_CTR_encrypt_plaintext  |        0|  16|   2|    16|    8|     1|          128|
    |w_U             |single_block_CTR_encrypt_w          |        1|   0|   0|   176|    8|     1|         1408|
    +----------------+------------------------------------+---------+----+----+------+-----+------+-------------+
    |Total           |                                    |        1|  64|   8|   240|   40|     5|         1920|
    +----------------+------------------------------------+---------+----+----+------+-----+------+-------------+

    * FIFO: 
    N/A

    * Expression: 
    +----------------------+----------+-------+---+----+------------+------------+
    |     Variable Name    | Operation| DSP48E| FF| LUT| Bitwidth P0| Bitwidth P1|
    +----------------------+----------+-------+---+----+------------+------------+
    |i_4_fu_249_p2         |     +    |      0|  0|   5|           5|           1|
    |i_5_fu_271_p2         |     +    |      0|  0|   5|           5|           1|
    |i_6_fu_296_p2         |     +    |      0|  0|   5|           5|           1|
    |i_7_fu_336_p2         |     +    |      0|  0|   5|           5|           2|
    |tmp_7_fu_342_p2       |     +    |      0|  0|   8|           8|           1|
    |ap_sig_403            |    and   |      0|  0|   1|           1|           1|
    |ap_sig_66             |    and   |      0|  0|   1|           1|           1|
    |exitcond1_fu_243_p2   |   icmp   |      0|  0|   3|           5|           6|
    |exitcond2_fu_265_p2   |   icmp   |      0|  0|   3|           5|           6|
    |exitcond_fu_290_p2    |   icmp   |      0|  0|   3|           5|           6|
    |tmp_6_fu_330_p2       |   icmp   |      0|  0|   3|           8|           2|
    |tmp_last_V_fu_307_p2  |   icmp   |      0|  0|   2|           5|           4|
    |out_d0                |    xor   |      0|  0|   8|           8|           8|
    +----------------------+----------+-------+---+----+------------+------------+
    |Total                 |          |      0|  0|  52|          66|          40|
    +----------------------+----------+-------+---+----+------------+------------+

    * Multiplexer: 
    +------------------------------+----+-----------+-----+-----------+
    |             Name             | LUT| Input Size| Bits| Total Bits|
    +------------------------------+----+-----------+-----+-----------+
    |ap_NS_fsm                     |   6|         12|    1|         12|
    |ap_sig_ioackin_cipher_TREADY  |   1|          2|    1|          2|
    |cipher_TDATA_blk_n            |   1|          2|    1|          2|
    |cipher_nonce_address0         |   4|          3|    4|         12|
    |cipher_nonce_ce0              |   1|          3|    1|          3|
    |i_1_reg_188                   |   5|          2|    5|         10|
    |i_2_reg_199                   |   5|          2|    5|         10|
    |i_3_reg_210                   |   5|          2|    5|         10|
    |i_plaintext_TDATA_blk_n       |   1|          2|    1|          2|
    |i_reg_177                     |   5|          2|    5|         10|
    |nonce_address0                |   4|          4|    4|         16|
    |nonce_ce0                     |   1|          3|    1|          3|
    |nonce_d0                      |   8|          3|    8|         24|
    |out_address0                  |   4|          3|    4|         12|
    |plaintext_address0            |   4|          3|    4|         12|
    |w_address0                    |   8|          3|    8|         24|
    |w_address1                    |   8|          3|    8|         24|
    |w_ce0                         |   1|          3|    1|          3|
    |w_ce1                         |   1|          3|    1|          3|
    +------------------------------+----+-----------+-----+-----------+
    |Total                         |  73|         60|   68|        194|
    +------------------------------+----+-----------+-----+-----------+

    * Register: 
    +-----------------------------------------------------------------------+----+----+-----+-----------+
    |                                  Name                                 | FF | LUT| Bits| Const Bits|
    +-----------------------------------------------------------------------+----+----+-----+-----------+
    |ap_CS_fsm                                                              |  11|   0|   11|          0|
    |ap_reg_grp_single_block_CTR_encrypt_aes_cipher_fu_222_ap_start         |   1|   0|    1|          0|
    |ap_reg_grp_single_block_CTR_encrypt_aes_key_expansion_fu_232_ap_start  |   1|   0|    1|          0|
    |ap_reg_ioackin_cipher_TREADY                                           |   1|   0|    1|          0|
    |i_1_reg_188                                                            |   5|   0|    5|          0|
    |i_2_reg_199                                                            |   5|   0|    5|          0|
    |i_3_reg_210                                                            |   5|   0|    5|          0|
    |i_5_reg_360                                                            |   5|   0|    5|          0|
    |i_6_reg_383                                                            |   5|   0|    5|          0|
    |i_reg_177                                                              |   5|   0|    5|          0|
    |nonce_addr_reg_402                                                     |   4|   0|    4|          0|
    |tmp_3_reg_398                                                          |   1|   0|    1|          0|
    |tmp_last_V_reg_393                                                     |   1|   0|    1|          0|
    |tmp_s_reg_365                                                          |   5|   0|   64|         59|
    +-----------------------------------------------------------------------+----+----+-----+-----------+
    |Total                                                                  |  55|   0|  114|         59|
    +-----------------------------------------------------------------------+----+----+-----+-----------+



================================================================
== Interface
================================================================
* Summary: 
+--------------------+-----+-----+--------------+--------------------------+--------------+
|      RTL Ports     | Dir | Bits|   Protocol   |       Source Object      |    C Type    |
+--------------------+-----+-----+--------------+--------------------------+--------------+
|ap_clk              |  in |    1| ap_ctrl_none | single_block_CTR_encrypt | return value |
|ap_rst_n            |  in |    1| ap_ctrl_none | single_block_CTR_encrypt | return value |
|i_plaintext_TDATA   |  in |    8|     axis     |    i_plaintext_V_data    |    pointer   |
|i_plaintext_TVALID  |  in |    1|     axis     |    i_plaintext_V_data    |    pointer   |
|i_plaintext_TREADY  | out |    1|     axis     |   i_plaintext_V_last_V   |    pointer   |
|i_plaintext_TLAST   |  in |    1|     axis     |   i_plaintext_V_last_V   |    pointer   |
|i_plaintext_TUSER   |  in |    1|     axis     |   i_plaintext_V_user_V   |    pointer   |
|cipher_TDATA        | out |    8|     axis     |       cipher_V_data      |    pointer   |
|cipher_TVALID       | out |    1|     axis     |      cipher_V_last_V     |    pointer   |
|cipher_TREADY       |  in |    1|     axis     |      cipher_V_last_V     |    pointer   |
|cipher_TLAST        | out |    1|     axis     |      cipher_V_last_V     |    pointer   |
|cipher_TUSER        | out |    1|     axis     |      cipher_V_user_V     |    pointer   |
+--------------------+-----+-----+--------------+--------------------------+--------------+

============================================================
+ Verbose Summary: Synthesis Manager
============================================================
InlineROM: 1
ExposeGlobal: 0
============================================================
+ Verbose Summary: CDFG Model
============================================================
IsTopModel: 1
ResetActiveHigh: 1
IsCombinational: 2
IsDatapathOnly: 2
HasWiredReturn: 1
HasMFsm: 0
HasVarLatency: 1
IsPipeline: 0
IsRtlPipelined: 0
IsInstanceOverlapped: 0
IsDontTouch: 0
HasImplIP: 0
IsGatedGlobalClock: 0


============================================================
+ Verbose Summary: Schedule
============================================================
* Number of FSM states: 11
* Pipeline: 0
* Dataflow Pipeline: 0

* FSM state transitions: 
1 --> 
	2  / true
2 --> 
	3  / (exitcond1)
	2  / (!exitcond1)
3 --> 
	4  / true
4 --> 
	5  / true
5 --> 
	6  / true
6 --> 
	7  / (!exitcond2)
	8  / (exitcond2)
7 --> 
	6  / true
8 --> 
	9  / (!exitcond)
	10  / (exitcond)
9 --> 
	8  / true
10 --> 
	11  / true
11 --> 
	10  / (!tmp_3 & tmp_6)
* FSM state operations: 

 <State 1>: 2.71ns
ST_1: stg_12 [1/1] 0.00ns
:0  call void (...)* @_ssdm_op_SpecBitsMap(i8* %i_plaintext_V_data), !map !19

ST_1: stg_13 [1/1] 0.00ns
:1  call void (...)* @_ssdm_op_SpecBitsMap(i1* %i_plaintext_V_user_V), !map !23

ST_1: stg_14 [1/1] 0.00ns
:2  call void (...)* @_ssdm_op_SpecBitsMap(i1* %i_plaintext_V_last_V), !map !27

ST_1: stg_15 [1/1] 0.00ns
:3  call void (...)* @_ssdm_op_SpecBitsMap(i8* %cipher_V_data), !map !31

ST_1: stg_16 [1/1] 0.00ns
:4  call void (...)* @_ssdm_op_SpecBitsMap(i1* %cipher_V_user_V), !map !35

ST_1: stg_17 [1/1] 0.00ns
:5  call void (...)* @_ssdm_op_SpecBitsMap(i1* %cipher_V_last_V), !map !39

ST_1: stg_18 [1/1] 0.00ns
:6  call void (...)* @_ssdm_op_SpecTopModule([25 x i8]* @single_block_CTR_encrypt_str) nounwind

ST_1: plaintext [1/1] 2.39ns
:7  %plaintext = alloca [16 x i8], align 16

ST_1: cipher_nonce [1/1] 2.39ns
:8  %cipher_nonce = alloca [16 x i8], align 16

ST_1: out [1/1] 2.39ns
:9  %out = alloca [16 x i8], align 16

ST_1: w [1/1] 2.71ns
:10  %w = alloca [176 x i8], align 16

ST_1: stg_23 [1/1] 0.00ns
:11  call void (...)* @_ssdm_op_SpecInterface(i8* %i_plaintext_V_data, i1* %i_plaintext_V_user_V, i1* %i_plaintext_V_last_V, [5 x i8]* @p_str, i32 0, i32 0, i32 0, i32 0, [1 x i8]* @p_str1, [1 x i8]* @p_str1, [1 x i8]* @p_str1, i32 0, i32 0, i32 0, i32 0, [1 x i8]* @p_str1) nounwind

ST_1: stg_24 [1/1] 0.00ns
:12  call void (...)* @_ssdm_op_SpecInterface(i8* %cipher_V_data, i1* %cipher_V_user_V, i1* %cipher_V_last_V, [5 x i8]* @p_str, i32 0, i32 0, i32 0, i32 0, [1 x i8]* @p_str1, [1 x i8]* @p_str1, [1 x i8]* @p_str1, i32 0, i32 0, i32 0, i32 0, [1 x i8]* @p_str1) nounwind

ST_1: stg_25 [1/1] 0.00ns
:13  call void (...)* @_ssdm_op_SpecInterface(i32 0, [13 x i8]* @p_str2, i32 0, i32 0, i32 0, i32 0, [1 x i8]* @p_str1, [1 x i8]* @p_str1, [1 x i8]* @p_str1, i32 0, i32 0, i32 0, i32 0, [1 x i8]* @p_str1) nounwind

ST_1: stg_26 [1/1] 1.57ns
:14  br label %1


 <State 2>: 2.39ns
ST_2: i [1/1] 0.00ns
:0  %i = phi i5 [ 0, %0 ], [ %i_4, %2 ]

ST_2: exitcond1 [1/1] 1.91ns
:1  %exitcond1 = icmp eq i5 %i, -16

ST_2: empty [1/1] 0.00ns
:2  %empty = call i32 (...)* @_ssdm_op_SpecLoopTripCount(i64 16, i64 16, i64 16)

ST_2: i_4 [1/1] 1.72ns
:3  %i_4 = add i5 %i, 1

ST_2: stg_31 [1/1] 0.00ns
:4  br i1 %exitcond1, label %3, label %2

ST_2: empty_10 [1/1] 0.00ns
:0  %empty_10 = call { i8, i1, i1 } @_ssdm_op_Read.axis.volatile.i8P.i1P.i1P(i8* %i_plaintext_V_data, i1* %i_plaintext_V_user_V, i1* %i_plaintext_V_last_V)

ST_2: tmp_data [1/1] 0.00ns
:1  %tmp_data = extractvalue { i8, i1, i1 } %empty_10, 0

ST_2: tmp [1/1] 0.00ns
:2  %tmp = zext i5 %i to i64

ST_2: plaintext_addr [1/1] 0.00ns
:3  %plaintext_addr = getelementptr inbounds [16 x i8]* %plaintext, i64 0, i64 %tmp

ST_2: stg_36 [1/1] 2.39ns
:4  store i8 %tmp_data, i8* %plaintext_addr, align 1

ST_2: stg_37 [1/1] 0.00ns
:5  br label %1

ST_2: stg_38 [2/2] 0.00ns
:0  call fastcc void @single_block_CTR_encrypt_aes_key_expansion([176 x i8]* %w)


 <State 3>: 0.00ns
ST_3: stg_39 [1/2] 0.00ns
:0  call fastcc void @single_block_CTR_encrypt_aes_key_expansion([176 x i8]* %w)


 <State 4>: 0.00ns
ST_4: stg_40 [2/2] 0.00ns
:1  call fastcc void @single_block_CTR_encrypt_aes_cipher([16 x i8]* @nonce, [16 x i8]* %cipher_nonce, [176 x i8]* %w)


 <State 5>: 1.57ns
ST_5: stg_41 [1/2] 0.00ns
:1  call fastcc void @single_block_CTR_encrypt_aes_cipher([16 x i8]* @nonce, [16 x i8]* %cipher_nonce, [176 x i8]* %w)

ST_5: stg_42 [1/1] 1.57ns
:2  br label %4


 <State 6>: 3.48ns
ST_6: i_1 [1/1] 0.00ns
:0  %i_1 = phi i5 [ 0, %3 ], [ %i_5, %5 ]

ST_6: exitcond2 [1/1] 1.91ns
:1  %exitcond2 = icmp eq i5 %i_1, -16

ST_6: empty_11 [1/1] 0.00ns
:2  %empty_11 = call i32 (...)* @_ssdm_op_SpecLoopTripCount(i64 16, i64 16, i64 16)

ST_6: i_5 [1/1] 1.72ns
:3  %i_5 = add i5 %i_1, 1

ST_6: stg_47 [1/1] 1.57ns
:4  br i1 %exitcond2, label %.preheader30, label %5

ST_6: tmp_s [1/1] 0.00ns
:0  %tmp_s = zext i5 %i_1 to i64

ST_6: plaintext_addr_1 [1/1] 0.00ns
:1  %plaintext_addr_1 = getelementptr inbounds [16 x i8]* %plaintext, i64 0, i64 %tmp_s

ST_6: plaintext_load [2/2] 2.39ns
:2  %plaintext_load = load i8* %plaintext_addr_1, align 1

ST_6: cipher_nonce_addr [1/1] 0.00ns
:3  %cipher_nonce_addr = getelementptr inbounds [16 x i8]* %cipher_nonce, i64 0, i64 %tmp_s

ST_6: cipher_nonce_load [2/2] 2.39ns
:4  %cipher_nonce_load = load i8* %cipher_nonce_addr, align 1


 <State 7>: 6.15ns
ST_7: plaintext_load [1/2] 2.39ns
:2  %plaintext_load = load i8* %plaintext_addr_1, align 1

ST_7: cipher_nonce_load [1/2] 2.39ns
:4  %cipher_nonce_load = load i8* %cipher_nonce_addr, align 1

ST_7: tmp_1 [1/1] 1.37ns
:5  %tmp_1 = xor i8 %cipher_nonce_load, %plaintext_load

ST_7: out_addr [1/1] 0.00ns
:6  %out_addr = getelementptr inbounds [16 x i8]* %out, i64 0, i64 %tmp_s

ST_7: stg_57 [1/1] 2.39ns
:7  store i8 %tmp_1, i8* %out_addr, align 1

ST_7: stg_58 [1/1] 0.00ns
:8  br label %4


 <State 8>: 3.48ns
ST_8: i_2 [1/1] 0.00ns
.preheader30:0  %i_2 = phi i5 [ %i_6, %6 ], [ 0, %4 ]

ST_8: exitcond [1/1] 1.91ns
.preheader30:1  %exitcond = icmp eq i5 %i_2, -16

ST_8: empty_12 [1/1] 0.00ns
.preheader30:2  %empty_12 = call i32 (...)* @_ssdm_op_SpecLoopTripCount(i64 16, i64 16, i64 16)

ST_8: i_6 [1/1] 1.72ns
.preheader30:3  %i_6 = add i5 %i_2, 1

ST_8: stg_63 [1/1] 1.57ns
.preheader30:4  br i1 %exitcond, label %.preheader, label %6

ST_8: tmp_2 [1/1] 0.00ns
:0  %tmp_2 = zext i5 %i_2 to i64

ST_8: out_addr_1 [1/1] 0.00ns
:1  %out_addr_1 = getelementptr inbounds [16 x i8]* %out, i64 0, i64 %tmp_2

ST_8: tmp_data_1 [2/2] 2.39ns
:2  %tmp_data_1 = load i8* %out_addr_1, align 1

ST_8: tmp_last_V [1/1] 1.91ns
:3  %tmp_last_V = icmp eq i5 %i_2, 15


 <State 9>: 2.39ns
ST_9: tmp_data_1 [1/2] 2.39ns
:2  %tmp_data_1 = load i8* %out_addr_1, align 1

ST_9: stg_69 [1/1] 0.00ns
:4  call void @_ssdm_op_Write.axis.volatile.i8P.i1P.i1P(i8* %cipher_V_data, i1* %cipher_V_user_V, i1* %cipher_V_last_V, i8 %tmp_data_1, i1 true, i1 %tmp_last_V)

ST_9: stg_70 [1/1] 0.00ns
:5  br label %.preheader30


 <State 10>: 2.39ns
ST_10: i_3 [1/1] 0.00ns
.preheader:0  %i_3 = phi i5 [ %i_7, %9 ], [ 15, %.preheader30 ]

ST_10: i_3_cast [1/1] 0.00ns
.preheader:1  %i_3_cast = sext i5 %i_3 to i32

ST_10: tmp_3 [1/1] 0.00ns
.preheader:2  %tmp_3 = call i1 @_ssdm_op_BitSelect.i1.i5.i32(i5 %i_3, i32 4)

ST_10: empty_13 [1/1] 0.00ns
.preheader:3  %empty_13 = call i32 (...)* @_ssdm_op_SpecLoopTripCount(i64 1, i64 16, i64 8)

ST_10: stg_75 [1/1] 0.00ns
.preheader:4  br i1 %tmp_3, label %.loopexit, label %7

ST_10: tmp_5 [1/1] 0.00ns
:0  %tmp_5 = zext i32 %i_3_cast to i64

ST_10: nonce_addr [1/1] 0.00ns
:1  %nonce_addr = getelementptr inbounds [16 x i8]* @nonce, i64 0, i64 %tmp_5

ST_10: nonce_load [2/2] 2.39ns
:2  %nonce_load = load i8* %nonce_addr, align 1


 <State 11>: 6.50ns
ST_11: nonce_load [1/2] 2.39ns
:2  %nonce_load = load i8* %nonce_addr, align 1

ST_11: tmp_6 [1/1] 2.00ns
:3  %tmp_6 = icmp eq i8 %nonce_load, -1

ST_11: stg_81 [1/1] 0.00ns
:4  br i1 %tmp_6, label %9, label %8

ST_11: stg_82 [1/1] 2.39ns
:0  store i8 0, i8* %nonce_addr, align 1

ST_11: i_7 [1/1] 1.72ns
:1  %i_7 = add i5 %i_3, -1

ST_11: stg_84 [1/1] 0.00ns
:2  br label %.preheader

ST_11: tmp_7 [1/1] 1.72ns
:0  %tmp_7 = add i8 %nonce_load, 1

ST_11: stg_86 [1/1] 2.39ns
:1  store i8 %tmp_7, i8* %nonce_addr, align 1

ST_11: stg_87 [1/1] 0.00ns
:2  br label %.loopexit

ST_11: stg_88 [1/1] 0.00ns
.loopexit:0  ret void



============================================================
+ Verbose Summary: Binding
============================================================
STG Binding: 
---------------- STG Properties BEGIN ----------------
- Is combinational: 0
- Is one-state seq: 0
- Is datapath-only: 0
- Is clock enabled: 0
- Is pipelined: 0
- Is top level: 1
Port [ Return ] is wired: 1; IO mode=ap_ctrl_none:ce=0
Port [ i_plaintext_V_data]:  wired=1; compound=1; hidden=0; nouse=0; global=0; static=0; extern=0; dir=0; type=0; pingpong=0; private_global=0; IO mode=axis:ce=0
Port [ i_plaintext_V_user_V]:  wired=1; compound=1; hidden=0; nouse=0; global=0; static=0; extern=0; dir=0; type=0; pingpong=0; private_global=0; IO mode=axis:ce=0
Port [ i_plaintext_V_last_V]:  wired=1; compound=1; hidden=0; nouse=0; global=0; static=0; extern=0; dir=0; type=0; pingpong=0; private_global=0; IO mode=axis:ce=0
Port [ cipher_V_data]:  wired=1; compound=1; hidden=0; nouse=0; global=0; static=0; extern=0; dir=1; type=0; pingpong=0; private_global=0; IO mode=axis:ce=0
Port [ cipher_V_user_V]:  wired=1; compound=1; hidden=0; nouse=0; global=0; static=0; extern=0; dir=1; type=0; pingpong=0; private_global=0; IO mode=axis:ce=0
Port [ cipher_V_last_V]:  wired=1; compound=1; hidden=0; nouse=0; global=0; static=0; extern=0; dir=1; type=0; pingpong=0; private_global=0; IO mode=axis:ce=0
Port [ key]:  wired=0; compound=1; hidden=1; nouse=1; global=1; static=1; extern=0; dir=0; type=1; pingpong=0; private_global=0; linkage=7; visibility=0; MemPort=[11]; IO mode=ap_memory:ce=0
Port [ s_box]:  wired=0; compound=1; hidden=1; nouse=1; global=1; static=1; extern=0; dir=0; type=1; pingpong=0; private_global=0; linkage=7; visibility=0; MemPort=[1]; IO mode=ap_memory:ce=0
Port [ R]:  wired=0; compound=1; hidden=1; nouse=1; global=1; static=0; extern=0; dir=2; type=1; pingpong=0; private_global=0; linkage=0; visibility=0; MemPort=[21]; IO mode=ap_memory:ce=0
Port [ nonce]:  wired=0; compound=1; hidden=1; nouse=0; global=1; static=1; extern=0; dir=2; type=1; pingpong=0; private_global=1; linkage=7; visibility=0; MemPort=[23]; IO mode=ap_memory:ce=0
---------------- STG Properties END ------------------

---------------- Datapath Model BEGIN ----------------

<LifeTime>
<method=bitvector/>
stg_12            (specbitsmap      ) [ 000000000000]
stg_13            (specbitsmap      ) [ 000000000000]
stg_14            (specbitsmap      ) [ 000000000000]
stg_15            (specbitsmap      ) [ 000000000000]
stg_16            (specbitsmap      ) [ 000000000000]
stg_17            (specbitsmap      ) [ 000000000000]
stg_18            (spectopmodule    ) [ 000000000000]
plaintext         (alloca           ) [ 001111110000]
cipher_nonce      (alloca           ) [ 001111110000]
out               (alloca           ) [ 001111111100]
w                 (alloca           ) [ 001111000000]
stg_23            (specinterface    ) [ 000000000000]
stg_24            (specinterface    ) [ 000000000000]
stg_25            (specinterface    ) [ 000000000000]
stg_26            (br               ) [ 011000000000]
i                 (phi              ) [ 001000000000]
exitcond1         (icmp             ) [ 001000000000]
empty             (speclooptripcount) [ 000000000000]
i_4               (add              ) [ 011000000000]
stg_31            (br               ) [ 000000000000]
empty_10          (read             ) [ 000000000000]
tmp_data          (extractvalue     ) [ 000000000000]
tmp               (zext             ) [ 000000000000]
plaintext_addr    (getelementptr    ) [ 000000000000]
stg_36            (store            ) [ 000000000000]
stg_37            (br               ) [ 011000000000]
stg_39            (call             ) [ 000000000000]
stg_41            (call             ) [ 000000000000]
stg_42            (br               ) [ 000001110000]
i_1               (phi              ) [ 000000100000]
exitcond2         (icmp             ) [ 000000110000]
empty_11          (speclooptripcount) [ 000000000000]
i_5               (add              ) [ 000001110000]
stg_47            (br               ) [ 000000111100]
tmp_s             (zext             ) [ 000000010000]
plaintext_addr_1  (getelementptr    ) [ 000000010000]
cipher_nonce_addr (getelementptr    ) [ 000000010000]
plaintext_load    (load             ) [ 000000000000]
cipher_nonce_load (load             ) [ 000000000000]
tmp_1             (xor              ) [ 000000000000]
out_addr          (getelementptr    ) [ 000000000000]
stg_57            (store            ) [ 000000000000]
stg_58            (br               ) [ 000001110000]
i_2               (phi              ) [ 000000001000]
exitcond          (icmp             ) [ 000000001100]
empty_12          (speclooptripcount) [ 000000000000]
i_6               (add              ) [ 000000101100]
stg_63            (br               ) [ 000000001111]
tmp_2             (zext             ) [ 000000000000]
out_addr_1        (getelementptr    ) [ 000000000100]
tmp_last_V        (icmp             ) [ 000000000100]
tmp_data_1        (load             ) [ 000000000000]
stg_69            (write            ) [ 000000000000]
stg_70            (br               ) [ 000000101100]
i_3               (phi              ) [ 000000000011]
i_3_cast          (sext             ) [ 000000000000]
tmp_3             (bitselect        ) [ 000000000011]
empty_13          (speclooptripcount) [ 000000000000]
stg_75            (br               ) [ 000000000000]
tmp_5             (zext             ) [ 000000000000]
nonce_addr        (getelementptr    ) [ 000000000001]
nonce_load        (load             ) [ 000000000000]
tmp_6             (icmp             ) [ 000000000011]
stg_81            (br               ) [ 000000000000]
stg_82            (store            ) [ 000000000000]
i_7               (add              ) [ 000000001011]
stg_84            (br               ) [ 000000001011]
tmp_7             (add              ) [ 000000000000]
stg_86            (store            ) [ 000000000000]
stg_87            (br               ) [ 000000000000]
stg_88            (ret              ) [ 000000000000]
</LifeTime>

<model>

<comp_list>
<comp id="0" class="1000" name="i_plaintext_V_data">
<pin_list>
<pin id="1" dir="1" index="0" bw="1" slack="0"/>
</pin_list>
<bind>
<StgValue><ssdm name="i_plaintext_V_data"/></StgValue>
</bind>
</comp>

<comp id="2" class="1000" name="i_plaintext_V_user_V">
<pin_list>
<pin id="3" dir="1" index="0" bw="1" slack="0"/>
</pin_list>
<bind>
<StgValue><ssdm name="i_plaintext_V_user_V"/></StgValue>
</bind>
</comp>

<comp id="4" class="1000" name="i_plaintext_V_last_V">
<pin_list>
<pin id="5" dir="1" index="0" bw="1" slack="0"/>
</pin_list>
<bind>
<StgValue><ssdm name="i_plaintext_V_last_V"/></StgValue>
</bind>
</comp>

<comp id="6" class="1000" name="cipher_V_data">
<pin_list>
<pin id="7" dir="1" index="0" bw="1" slack="0"/>
</pin_list>
<bind>
<StgValue><ssdm name="cipher_V_data"/></StgValue>
</bind>
</comp>

<comp id="8" class="1000" name="cipher_V_user_V">
<pin_list>
<pin id="9" dir="1" index="0" bw="1" slack="0"/>
</pin_list>
<bind>
<StgValue><ssdm name="cipher_V_user_V"/></StgValue>
</bind>
</comp>

<comp id="10" class="1000" name="cipher_V_last_V">
<pin_list>
<pin id="11" dir="1" index="0" bw="1" slack="0"/>
</pin_list>
<bind>
<StgValue><ssdm name="cipher_V_last_V"/></StgValue>
</bind>
</comp>

<comp id="12" class="1000" name="key">
<pin_list>
<pin id="13" dir="1" index="0" bw="1" slack="0"/>
</pin_list>
<bind>
<StgValue><ssdm name="key"/><MemPortTyVec>1 1 </MemPortTyVec>
</StgValue>
</bind>
</comp>

<comp id="14" class="1000" name="s_box">
<pin_list>
<pin id="15" dir="1" index="0" bw="1" slack="0"/>
</pin_list>
<bind>
<StgValue><ssdm name="s_box"/><MemPortTyVec>1 </MemPortTyVec>
</StgValue>
</bind>
</comp>

<comp id="16" class="1000" name="R">
<pin_list>
<pin id="17" dir="1" index="0" bw="1" slack="0"/>
</pin_list>
<bind>
<StgValue><ssdm name="R"/><MemPortTyVec>2 1 </MemPortTyVec>
</StgValue>
</bind>
</comp>

<comp id="18" class="1000" name="nonce">
<pin_list>
<pin id="19" dir="1" index="0" bw="1" slack="0"/>
</pin_list>
<bind>
<StgValue><ssdm name="nonce"/><MemPortTyVec>2 3 </MemPortTyVec>
</StgValue>
</bind>
</comp>

<comp id="20" class="1001" name="const_20">
<pin_list>
<pin id="21" dir="1" index="0" bw="1" slack="2147483647"/>
</pin_list>
<bind>
<StgValue><ssdm name="_ssdm_op_SpecBitsMap"/></StgValue>
</bind>
</comp>

<comp id="22" class="1001" name="const_22">
<pin_list>
<pin id="23" dir="1" index="0" bw="1" slack="2147483647"/>
</pin_list>
<bind>
<StgValue><ssdm name="_ssdm_op_SpecTopModule"/></StgValue>
</bind>
</comp>

<comp id="24" class="1001" name="const_24">
<pin_list>
<pin id="25" dir="1" index="0" bw="1" slack="2147483647"/>
</pin_list>
<bind>
<StgValue><ssdm name="single_block_CTR_encrypt_str"/></StgValue>
</bind>
</comp>

<comp id="26" class="1001" name="const_26">
<pin_list>
<pin id="27" dir="1" index="0" bw="1" slack="0"/>
</pin_list>
<bind>
<StgValue><ssdm name=""/></StgValue>
</bind>
</comp>

<comp id="28" class="1001" name="const_28">
<pin_list>
<pin id="29" dir="1" index="0" bw="1" slack="2147483647"/>
</pin_list>
<bind>
<StgValue><ssdm name="_ssdm_op_SpecInterface"/></StgValue>
</bind>
</comp>

<comp id="30" class="1001" name="const_30">
<pin_list>
<pin id="31" dir="1" index="0" bw="1" slack="2147483647"/>
</pin_list>
<bind>
<StgValue><ssdm name="p_str"/></StgValue>
</bind>
</comp>

<comp id="32" class="1001" name="const_32">
<pin_list>
<pin id="33" dir="1" index="0" bw="1" slack="2147483647"/>
</pin_list>
<bind>
<StgValue><ssdm name=""/></StgValue>
</bind>
</comp>

<comp id="34" class="1001" name="const_34">
<pin_list>
<pin id="35" dir="1" index="0" bw="1" slack="2147483647"/>
</pin_list>
<bind>
<StgValue><ssdm name="p_str1"/></StgValue>
</bind>
</comp>

<comp id="36" class="1001" name="const_36">
<pin_list>
<pin id="37" dir="1" index="0" bw="1" slack="2147483647"/>
</pin_list>
<bind>
<StgValue><ssdm name="p_str2"/></StgValue>
</bind>
</comp>

<comp id="38" class="1001" name="const_38">
<pin_list>
<pin id="39" dir="1" index="0" bw="1" slack="1"/>
</pin_list>
<bind>
<StgValue><ssdm name=""/></StgValue>
</bind>
</comp>

<comp id="40" class="1001" name="const_40">
<pin_list>
<pin id="41" dir="1" index="0" bw="1" slack="0"/>
</pin_list>
<bind>
<StgValue><ssdm name=""/></StgValue>
</bind>
</comp>

<comp id="42" class="1001" name="const_42">
<pin_list>
<pin id="43" dir="1" index="0" bw="1" slack="2147483647"/>
</pin_list>
<bind>
<StgValue><ssdm name="_ssdm_op_SpecLoopTripCount"/></StgValue>
</bind>
</comp>

<comp id="44" class="1001" name="const_44">
<pin_list>
<pin id="45" dir="1" index="0" bw="1" slack="2147483647"/>
</pin_list>
<bind>
<StgValue><ssdm name=""/></StgValue>
</bind>
</comp>

<comp id="46" class="1001" name="const_46">
<pin_list>
<pin id="47" dir="1" index="0" bw="1" slack="0"/>
</pin_list>
<bind>
<StgValue><ssdm name=""/></StgValue>
</bind>
</comp>

<comp id="48" class="1001" name="const_48">
<pin_list>
<pin id="49" dir="1" index="0" bw="1" slack="0"/>
</pin_list>
<bind>
<StgValue><ssdm name="_ssdm_op_Read.axis.volatile.i8P.i1P.i1P"/></StgValue>
</bind>
</comp>

<comp id="50" class="1001" name="const_50">
<pin_list>
<pin id="51" dir="1" index="0" bw="1" slack="0"/>
</pin_list>
<bind>
<StgValue><ssdm name=""/></StgValue>
</bind>
</comp>

<comp id="52" class="1001" name="const_52">
<pin_list>
<pin id="53" dir="1" index="0" bw="1" slack="0"/>
</pin_list>
<bind>
<StgValue><ssdm name="single_block_CTR_encrypt_aes_key_expansion"/></StgValue>
</bind>
</comp>

<comp id="54" class="1001" name="const_54">
<pin_list>
<pin id="55" dir="1" index="0" bw="1" slack="0"/>
</pin_list>
<bind>
<StgValue><ssdm name="single_block_CTR_encrypt_aes_cipher"/></StgValue>
</bind>
</comp>

<comp id="56" class="1001" name="const_56">
<pin_list>
<pin id="57" dir="1" index="0" bw="1" slack="0"/>
</pin_list>
<bind>
<StgValue><ssdm name=""/></StgValue>
</bind>
</comp>

<comp id="58" class="1001" name="const_58">
<pin_list>
<pin id="59" dir="1" index="0" bw="1" slack="0"/>
</pin_list>
<bind>
<StgValue><ssdm name="_ssdm_op_Write.axis.volatile.i8P.i1P.i1P"/></StgValue>
</bind>
</comp>

<comp id="60" class="1001" name="const_60">
<pin_list>
<pin id="61" dir="1" index="0" bw="1" slack="0"/>
</pin_list>
<bind>
<StgValue><ssdm name=""/></StgValue>
</bind>
</comp>

<comp id="62" class="1001" name="const_62">
<pin_list>
<pin id="63" dir="1" index="0" bw="1" slack="0"/>
</pin_list>
<bind>
<StgValue><ssdm name="_ssdm_op_BitSelect.i1.i5.i32"/></StgValue>
</bind>
</comp>

<comp id="64" class="1001" name="const_64">
<pin_list>
<pin id="65" dir="1" index="0" bw="1" slack="0"/>
</pin_list>
<bind>
<StgValue><ssdm name=""/></StgValue>
</bind>
</comp>

<comp id="66" class="1001" name="const_66">
<pin_list>
<pin id="67" dir="1" index="0" bw="1" slack="2147483647"/>
</pin_list>
<bind>
<StgValue><ssdm name=""/></StgValue>
</bind>
</comp>

<comp id="68" class="1001" name="const_68">
<pin_list>
<pin id="69" dir="1" index="0" bw="1" slack="0"/>
</pin_list>
<bind>
<StgValue><ssdm name=""/></StgValue>
</bind>
</comp>

<comp id="70" class="1001" name="const_70">
<pin_list>
<pin id="71" dir="1" index="0" bw="1" slack="0"/>
</pin_list>
<bind>
<StgValue><ssdm name=""/></StgValue>
</bind>
</comp>

<comp id="72" class="1001" name="const_72">
<pin_list>
<pin id="73" dir="1" index="0" bw="1" slack="0"/>
</pin_list>
<bind>
<StgValue><ssdm name=""/></StgValue>
</bind>
</comp>

<comp id="74" class="1001" name="const_74">
<pin_list>
<pin id="75" dir="1" index="0" bw="1" slack="0"/>
</pin_list>
<bind>
<StgValue><ssdm name=""/></StgValue>
</bind>
</comp>

<comp id="76" class="1004" name="plaintext_alloca_fu_76">
<pin_list>
<pin id="77" dir="0" index="0" bw="1" slack="0"/>
<pin id="78" dir="1" index="1" bw="8" slack="2147483647"/>
</pin_list>
<bind>
<opcode="alloca(26) " fcode="alloca"/>
<opset="plaintext/1 "/>
</bind>
</comp>

<comp id="80" class="1004" name="cipher_nonce_alloca_fu_80">
<pin_list>
<pin id="81" dir="0" index="0" bw="1" slack="0"/>
<pin id="82" dir="1" index="1" bw="8" slack="2147483647"/>
</pin_list>
<bind>
<opcode="alloca(26) " fcode="alloca"/>
<opset="cipher_nonce/1 "/>
</bind>
</comp>

<comp id="84" class="1004" name="out_alloca_fu_84">
<pin_list>
<pin id="85" dir="0" index="0" bw="1" slack="0"/>
<pin id="86" dir="1" index="1" bw="8" slack="2147483647"/>
</pin_list>
<bind>
<opcode="alloca(26) " fcode="alloca"/>
<opset="out/1 "/>
</bind>
</comp>

<comp id="88" class="1004" name="w_alloca_fu_88">
<pin_list>
<pin id="89" dir="0" index="0" bw="1" slack="0"/>
<pin id="90" dir="1" index="1" bw="8" slack="2147483647"/>
</pin_list>
<bind>
<opcode="alloca(26) " fcode="alloca"/>
<opset="w/1 "/>
</bind>
</comp>

<comp id="92" class="1004" name="empty_10_read_fu_92">
<pin_list>
<pin id="93" dir="0" index="0" bw="10" slack="0"/>
<pin id="94" dir="0" index="1" bw="8" slack="0"/>
<pin id="95" dir="0" index="2" bw="1" slack="0"/>
<pin id="96" dir="0" index="3" bw="1" slack="0"/>
<pin id="97" dir="1" index="4" bw="10" slack="0"/>
</pin_list>
<bind>
<opcode="read(1150) " fcode="read"/>
<opset="empty_10/2 "/>
</bind>
</comp>

<comp id="102" class="1004" name="stg_69_write_fu_102">
<pin_list>
<pin id="103" dir="0" index="0" bw="0" slack="0"/>
<pin id="104" dir="0" index="1" bw="8" slack="0"/>
<pin id="105" dir="0" index="2" bw="1" slack="0"/>
<pin id="106" dir="0" index="3" bw="1" slack="0"/>
<pin id="107" dir="0" index="4" bw="8" slack="0"/>
<pin id="108" dir="0" index="5" bw="1" slack="0"/>
<pin id="109" dir="0" index="6" bw="1" slack="1"/>
<pin id="110" dir="1" index="7" bw="0" slack="2147483647"/>
</pin_list>
<bind>
<opcode="write(1151) " fcode="write"/>
<opset="stg_69/9 "/>
</bind>
</comp>

<comp id="116" class="1004" name="plaintext_addr_gep_fu_116">
<pin_list>
<pin id="117" dir="0" index="0" bw="8" slack="2147483647"/>
<pin id="118" dir="0" index="1" bw="1" slack="0"/>
<pin id="119" dir="0" index="2" bw="5" slack="0"/>
<pin id="120" dir="1" index="3" bw="4" slack="0"/>
</pin_list>
<bind>
<opcode="getelementptr(29) " fcode="getelementptr"/>
<opset="plaintext_addr/2 "/>
</bind>
</comp>

<comp id="122" class="1004" name="grp_access_fu_122">
<pin_list>
<pin id="123" dir="0" index="0" bw="4" slack="0"/>
<pin id="124" dir="0" index="1" bw="8" slack="0"/>
<pin id="125" dir="1" index="2" bw="8" slack="0"/>
</pin_list>
<bind>
<opcode="load(27) store(28) " fcode="load"/>
<opset="stg_36/2 plaintext_load/6 "/>
</bind>
</comp>

<comp id="127" class="1004" name="plaintext_addr_1_gep_fu_127">
<pin_list>
<pin id="128" dir="0" index="0" bw="8" slack="2147483647"/>
<pin id="129" dir="0" index="1" bw="1" slack="0"/>
<pin id="130" dir="0" index="2" bw="5" slack="0"/>
<pin id="131" dir="1" index="3" bw="4" slack="0"/>
</pin_list>
<bind>
<opcode="getelementptr(29) " fcode="getelementptr"/>
<opset="plaintext_addr_1/6 "/>
</bind>
</comp>

<comp id="134" class="1004" name="cipher_nonce_addr_gep_fu_134">
<pin_list>
<pin id="135" dir="0" index="0" bw="8" slack="2147483647"/>
<pin id="136" dir="0" index="1" bw="1" slack="0"/>
<pin id="137" dir="0" index="2" bw="5" slack="0"/>
<pin id="138" dir="1" index="3" bw="4" slack="0"/>
</pin_list>
<bind>
<opcode="getelementptr(29) " fcode="getelementptr"/>
<opset="cipher_nonce_addr/6 "/>
</bind>
</comp>

<comp id="140" class="1004" name="grp_access_fu_140">
<pin_list>
<pin id="141" dir="0" index="0" bw="4" slack="0"/>
<pin id="142" dir="0" index="1" bw="8" slack="2147483647"/>
<pin id="143" dir="1" index="2" bw="8" slack="0"/>
</pin_list>
<bind>
<opcode="load(27) " fcode="load"/>
<opset="cipher_nonce_load/6 "/>
</bind>
</comp>

<comp id="145" class="1004" name="out_addr_gep_fu_145">
<pin_list>
<pin id="146" dir="0" index="0" bw="8" slack="2147483647"/>
<pin id="147" dir="0" index="1" bw="1" slack="0"/>
<pin id="148" dir="0" index="2" bw="5" slack="1"/>
<pin id="149" dir="1" index="3" bw="4" slack="0"/>
</pin_list>
<bind>
<opcode="getelementptr(29) " fcode="getelementptr"/>
<opset="out_addr/7 "/>
</bind>
</comp>

<comp id="151" class="1004" name="grp_access_fu_151">
<pin_list>
<pin id="152" dir="0" index="0" bw="4" slack="0"/>
<pin id="153" dir="0" index="1" bw="8" slack="0"/>
<pin id="154" dir="1" index="2" bw="8" slack="0"/>
</pin_list>
<bind>
<opcode="load(27) store(28) " fcode="load"/>
<opset="stg_57/7 tmp_data_1/8 "/>
</bind>
</comp>

<comp id="156" class="1004" name="out_addr_1_gep_fu_156">
<pin_list>
<pin id="157" dir="0" index="0" bw="8" slack="2147483647"/>
<pin id="158" dir="0" index="1" bw="1" slack="0"/>
<pin id="159" dir="0" index="2" bw="5" slack="0"/>
<pin id="160" dir="1" index="3" bw="4" slack="0"/>
</pin_list>
<bind>
<opcode="getelementptr(29) " fcode="getelementptr"/>
<opset="out_addr_1/8 "/>
</bind>
</comp>

<comp id="164" class="1004" name="nonce_addr_gep_fu_164">
<pin_list>
<pin id="165" dir="0" index="0" bw="8" slack="0"/>
<pin id="166" dir="0" index="1" bw="1" slack="0"/>
<pin id="167" dir="0" index="2" bw="32" slack="0"/>
<pin id="168" dir="1" index="3" bw="4" slack="0"/>
</pin_list>
<bind>
<opcode="getelementptr(29) " fcode="getelementptr"/>
<opset="nonce_addr/10 "/>
</bind>
</comp>

<comp id="171" class="1004" name="grp_access_fu_171">
<pin_list>
<pin id="172" dir="0" index="0" bw="4" slack="0"/>
<pin id="173" dir="0" index="1" bw="8" slack="0"/>
<pin id="174" dir="1" index="2" bw="8" slack="0"/>
</pin_list>
<bind>
<opcode="load(27) store(28) " fcode="store"/>
<opset="nonce_load/10 stg_82/11 stg_86/11 "/>
</bind>
</comp>

<comp id="177" class="1005" name="i_reg_177">
<pin_list>
<pin id="178" dir="0" index="0" bw="5" slack="1"/>
<pin id="179" dir="1" index="1" bw="5" slack="1"/>
</pin_list>
<bind>
<opset="i (phireg) "/>
</bind>
</comp>

<comp id="181" class="1004" name="i_phi_fu_181">
<pin_list>
<pin id="182" dir="0" index="0" bw="1" slack="1"/>
<pin id="183" dir="0" index="1" bw="0" slack="2147483647"/>
<pin id="184" dir="0" index="2" bw="5" slack="0"/>
<pin id="185" dir="0" index="3" bw="0" slack="2147483647"/>
<pin id="186" dir="1" index="4" bw="5" slack="0"/>
</pin_list>
<bind>
<opcode="phi(47) " fcode="phi"/>
<opset="i/2 "/>
</bind>
</comp>

<comp id="188" class="1005" name="i_1_reg_188">
<pin_list>
<pin id="189" dir="0" index="0" bw="5" slack="1"/>
<pin id="190" dir="1" index="1" bw="5" slack="1"/>
</pin_list>
<bind>
<opset="i_1 (phireg) "/>
</bind>
</comp>

<comp id="192" class="1004" name="i_1_phi_fu_192">
<pin_list>
<pin id="193" dir="0" index="0" bw="1" slack="1"/>
<pin id="194" dir="0" index="1" bw="0" slack="2147483647"/>
<pin id="195" dir="0" index="2" bw="5" slack="0"/>
<pin id="196" dir="0" index="3" bw="0" slack="2147483647"/>
<pin id="197" dir="1" index="4" bw="5" slack="0"/>
</pin_list>
<bind>
<opcode="phi(47) " fcode="phi"/>
<opset="i_1/6 "/>
</bind>
</comp>

<comp id="199" class="1005" name="i_2_reg_199">
<pin_list>
<pin id="200" dir="0" index="0" bw="5" slack="1"/>
<pin id="201" dir="1" index="1" bw="5" slack="1"/>
</pin_list>
<bind>
<opset="i_2 (phireg) "/>
</bind>
</comp>

<comp id="203" class="1004" name="i_2_phi_fu_203">
<pin_list>
<pin id="204" dir="0" index="0" bw="5" slack="0"/>
<pin id="205" dir="0" index="1" bw="0" slack="2147483647"/>
<pin id="206" dir="0" index="2" bw="1" slack="1"/>
<pin id="207" dir="0" index="3" bw="0" slack="2147483647"/>
<pin id="208" dir="1" index="4" bw="5" slack="0"/>
</pin_list>
<bind>
<opcode="phi(47) " fcode="phi"/>
<opset="i_2/8 "/>
</bind>
</comp>

<comp id="210" class="1005" name="i_3_reg_210">
<pin_list>
<pin id="211" dir="0" index="0" bw="5" slack="1"/>
<pin id="212" dir="1" index="1" bw="5" slack="1"/>
</pin_list>
<bind>
<opset="i_3 (phireg) "/>
</bind>
</comp>

<comp id="214" class="1004" name="i_3_phi_fu_214">
<pin_list>
<pin id="215" dir="0" index="0" bw="5" slack="1"/>
<pin id="216" dir="0" index="1" bw="0" slack="2147483647"/>
<pin id="217" dir="0" index="2" bw="5" slack="1"/>
<pin id="218" dir="0" index="3" bw="0" slack="2147483647"/>
<pin id="219" dir="1" index="4" bw="5" slack="0"/>
</pin_list>
<bind>
<opcode="phi(47) " fcode="phi"/>
<opset="i_3/10 "/>
</bind>
</comp>

<comp id="222" class="1004" name="grp_single_block_CTR_encrypt_aes_cipher_fu_222">
<pin_list>
<pin id="223" dir="0" index="0" bw="0" slack="0"/>
<pin id="224" dir="0" index="1" bw="8" slack="0"/>
<pin id="225" dir="0" index="2" bw="8" slack="2147483647"/>
<pin id="226" dir="0" index="3" bw="8" slack="2147483647"/>
<pin id="227" dir="0" index="4" bw="8" slack="0"/>
<pin id="228" dir="1" index="5" bw="0" slack="2147483647"/>
</pin_list>
<bind>
<opcode="call(48) " fcode="call"/>
<opset="stg_40/4 "/>
</bind>
</comp>

<comp id="232" class="1004" name="grp_single_block_CTR_encrypt_aes_key_expansion_fu_232">
<pin_list>
<pin id="233" dir="0" index="0" bw="0" slack="0"/>
<pin id="234" dir="0" index="1" bw="8" slack="2147483647"/>
<pin id="235" dir="0" index="2" bw="8" slack="0"/>
<pin id="236" dir="0" index="3" bw="8" slack="0"/>
<pin id="237" dir="0" index="4" bw="8" slack="0"/>
<pin id="238" dir="1" index="5" bw="0" slack="2147483647"/>
</pin_list>
<bind>
<opcode="call(48) " fcode="call"/>
<opset="stg_38/2 "/>
</bind>
</comp>

<comp id="243" class="1004" name="exitcond1_fu_243">
<pin_list>
<pin id="244" dir="0" index="0" bw="5" slack="0"/>
<pin id="245" dir="0" index="1" bw="5" slack="0"/>
<pin id="246" dir="1" index="2" bw="1" slack="2147483647"/>
</pin_list>
<bind>
<opcode="icmp(45) " fcode="icmp"/>
<opset="exitcond1/2 "/>
</bind>
</comp>

<comp id="249" class="1004" name="i_4_fu_249">
<pin_list>
<pin id="250" dir="0" index="0" bw="5" slack="0"/>
<pin id="251" dir="0" index="1" bw="1" slack="0"/>
<pin id="252" dir="1" index="2" bw="5" slack="0"/>
</pin_list>
<bind>
<opcode="add(8) " fcode="add"/>
<opset="i_4/2 "/>
</bind>
</comp>

<comp id="255" class="1004" name="tmp_data_fu_255">
<pin_list>
<pin id="256" dir="0" index="0" bw="10" slack="0"/>
<pin id="257" dir="1" index="1" bw="8" slack="0"/>
</pin_list>
<bind>
<opcode="extractvalue(56) " fcode="extractvalue"/>
<opset="tmp_data/2 "/>
</bind>
</comp>

<comp id="260" class="1004" name="tmp_fu_260">
<pin_list>
<pin id="261" dir="0" index="0" bw="5" slack="0"/>
<pin id="262" dir="1" index="1" bw="64" slack="0"/>
</pin_list>
<bind>
<opcode="zext(34) " fcode="zext"/>
<opset="tmp/2 "/>
</bind>
</comp>

<comp id="265" class="1004" name="exitcond2_fu_265">
<pin_list>
<pin id="266" dir="0" index="0" bw="5" slack="0"/>
<pin id="267" dir="0" index="1" bw="5" slack="0"/>
<pin id="268" dir="1" index="2" bw="1" slack="2147483647"/>
</pin_list>
<bind>
<opcode="icmp(45) " fcode="icmp"/>
<opset="exitcond2/6 "/>
</bind>
</comp>

<comp id="271" class="1004" name="i_5_fu_271">
<pin_list>
<pin id="272" dir="0" index="0" bw="5" slack="0"/>
<pin id="273" dir="0" index="1" bw="1" slack="0"/>
<pin id="274" dir="1" index="2" bw="5" slack="0"/>
</pin_list>
<bind>
<opcode="add(8) " fcode="add"/>
<opset="i_5/6 "/>
</bind>
</comp>

<comp id="277" class="1004" name="tmp_s_fu_277">
<pin_list>
<pin id="278" dir="0" index="0" bw="5" slack="0"/>
<pin id="279" dir="1" index="1" bw="64" slack="0"/>
</pin_list>
<bind>
<opcode="zext(34) " fcode="zext"/>
<opset="tmp_s/6 "/>
</bind>
</comp>

<comp id="283" class="1004" name="tmp_1_fu_283">
<pin_list>
<pin id="284" dir="0" index="0" bw="8" slack="0"/>
<pin id="285" dir="0" index="1" bw="8" slack="0"/>
<pin id="286" dir="1" index="2" bw="8" slack="0"/>
</pin_list>
<bind>
<opcode="xor(25) " fcode="xor"/>
<opset="tmp_1/7 "/>
</bind>
</comp>

<comp id="290" class="1004" name="exitcond_fu_290">
<pin_list>
<pin id="291" dir="0" index="0" bw="5" slack="0"/>
<pin id="292" dir="0" index="1" bw="5" slack="0"/>
<pin id="293" dir="1" index="2" bw="1" slack="2147483647"/>
</pin_list>
<bind>
<opcode="icmp(45) " fcode="icmp"/>
<opset="exitcond/8 "/>
</bind>
</comp>

<comp id="296" class="1004" name="i_6_fu_296">
<pin_list>
<pin id="297" dir="0" index="0" bw="5" slack="0"/>
<pin id="298" dir="0" index="1" bw="1" slack="0"/>
<pin id="299" dir="1" index="2" bw="5" slack="0"/>
</pin_list>
<bind>
<opcode="add(8) " fcode="add"/>
<opset="i_6/8 "/>
</bind>
</comp>

<comp id="302" class="1004" name="tmp_2_fu_302">
<pin_list>
<pin id="303" dir="0" index="0" bw="5" slack="0"/>
<pin id="304" dir="1" index="1" bw="64" slack="0"/>
</pin_list>
<bind>
<opcode="zext(34) " fcode="zext"/>
<opset="tmp_2/8 "/>
</bind>
</comp>

<comp id="307" class="1004" name="tmp_last_V_fu_307">
<pin_list>
<pin id="308" dir="0" index="0" bw="5" slack="0"/>
<pin id="309" dir="0" index="1" bw="5" slack="0"/>
<pin id="310" dir="1" index="2" bw="1" slack="1"/>
</pin_list>
<bind>
<opcode="icmp(45) " fcode="icmp"/>
<opset="tmp_last_V/8 "/>
</bind>
</comp>

<comp id="313" class="1004" name="i_3_cast_fu_313">
<pin_list>
<pin id="314" dir="0" index="0" bw="5" slack="0"/>
<pin id="315" dir="1" index="1" bw="32" slack="0"/>
</pin_list>
<bind>
<opcode="sext(35) " fcode="sext"/>
<opset="i_3_cast/10 "/>
</bind>
</comp>

<comp id="317" class="1004" name="tmp_3_fu_317">
<pin_list>
<pin id="318" dir="0" index="0" bw="1" slack="0"/>
<pin id="319" dir="0" index="1" bw="5" slack="0"/>
<pin id="320" dir="0" index="2" bw="4" slack="0"/>
<pin id="321" dir="1" index="3" bw="1" slack="1"/>
</pin_list>
<bind>
<opcode="bitselect(1000) " fcode="bitselect"/>
<opset="tmp_3/10 "/>
</bind>
</comp>

<comp id="325" class="1004" name="tmp_5_fu_325">
<pin_list>
<pin id="326" dir="0" index="0" bw="5" slack="0"/>
<pin id="327" dir="1" index="1" bw="64" slack="0"/>
</pin_list>
<bind>
<opcode="zext(34) " fcode="zext"/>
<opset="tmp_5/10 "/>
</bind>
</comp>

<comp id="330" class="1004" name="tmp_6_fu_330">
<pin_list>
<pin id="331" dir="0" index="0" bw="8" slack="0"/>
<pin id="332" dir="0" index="1" bw="8" slack="0"/>
<pin id="333" dir="1" index="2" bw="1" slack="2147483647"/>
</pin_list>
<bind>
<opcode="icmp(45) " fcode="icmp"/>
<opset="tmp_6/11 "/>
</bind>
</comp>

<comp id="336" class="1004" name="i_7_fu_336">
<pin_list>
<pin id="337" dir="0" index="0" bw="5" slack="1"/>
<pin id="338" dir="0" index="1" bw="1" slack="0"/>
<pin id="339" dir="1" index="2" bw="5" slack="1"/>
</pin_list>
<bind>
<opcode="add(8) " fcode="add"/>
<opset="i_7/11 "/>
</bind>
</comp>

<comp id="342" class="1004" name="tmp_7_fu_342">
<pin_list>
<pin id="343" dir="0" index="0" bw="8" slack="0"/>
<pin id="344" dir="0" index="1" bw="1" slack="0"/>
<pin id="345" dir="1" index="2" bw="8" slack="0"/>
</pin_list>
<bind>
<opcode="add(8) " fcode="add"/>
<opset="tmp_7/11 "/>
</bind>
</comp>

<comp id="352" class="1005" name="i_4_reg_352">
<pin_list>
<pin id="353" dir="0" index="0" bw="5" slack="0"/>
<pin id="354" dir="1" index="1" bw="5" slack="0"/>
</pin_list>
<bind>
<opset="i_4 "/>
</bind>
</comp>

<comp id="360" class="1005" name="i_5_reg_360">
<pin_list>
<pin id="361" dir="0" index="0" bw="5" slack="0"/>
<pin id="362" dir="1" index="1" bw="5" slack="0"/>
</pin_list>
<bind>
<opset="i_5 "/>
</bind>
</comp>

<comp id="365" class="1005" name="tmp_s_reg_365">
<pin_list>
<pin id="366" dir="0" index="0" bw="64" slack="1"/>
<pin id="367" dir="1" index="1" bw="64" slack="1"/>
</pin_list>
<bind>
<opset="tmp_s "/>
</bind>
</comp>

<comp id="370" class="1005" name="plaintext_addr_1_reg_370">
<pin_list>
<pin id="371" dir="0" index="0" bw="4" slack="1"/>
<pin id="372" dir="1" index="1" bw="4" slack="1"/>
</pin_list>
<bind>
<opset="plaintext_addr_1 "/>
</bind>
</comp>

<comp id="375" class="1005" name="cipher_nonce_addr_reg_375">
<pin_list>
<pin id="376" dir="0" index="0" bw="4" slack="1"/>
<pin id="377" dir="1" index="1" bw="4" slack="1"/>
</pin_list>
<bind>
<opset="cipher_nonce_addr "/>
</bind>
</comp>

<comp id="383" class="1005" name="i_6_reg_383">
<pin_list>
<pin id="384" dir="0" index="0" bw="5" slack="0"/>
<pin id="385" dir="1" index="1" bw="5" slack="0"/>
</pin_list>
<bind>
<opset="i_6 "/>
</bind>
</comp>

<comp id="388" class="1005" name="out_addr_1_reg_388">
<pin_list>
<pin id="389" dir="0" index="0" bw="4" slack="1"/>
<pin id="390" dir="1" index="1" bw="4" slack="1"/>
</pin_list>
<bind>
<opset="out_addr_1 "/>
</bind>
</comp>

<comp id="393" class="1005" name="tmp_last_V_reg_393">
<pin_list>
<pin id="394" dir="0" index="0" bw="1" slack="1"/>
<pin id="395" dir="1" index="1" bw="1" slack="1"/>
</pin_list>
<bind>
<opset="tmp_last_V "/>
</bind>
</comp>

<comp id="398" class="1005" name="tmp_3_reg_398">
<pin_list>
<pin id="399" dir="0" index="0" bw="1" slack="1"/>
<pin id="400" dir="1" index="1" bw="1" slack="2147483647"/>
</pin_list>
<bind>
<opset="tmp_3 "/>
</bind>
</comp>

<comp id="402" class="1005" name="nonce_addr_reg_402">
<pin_list>
<pin id="403" dir="0" index="0" bw="4" slack="1"/>
<pin id="404" dir="1" index="1" bw="4" slack="1"/>
</pin_list>
<bind>
<opset="nonce_addr "/>
</bind>
</comp>

<comp id="410" class="1005" name="i_7_reg_410">
<pin_list>
<pin id="411" dir="0" index="0" bw="5" slack="1"/>
<pin id="412" dir="1" index="1" bw="5" slack="1"/>
</pin_list>
<bind>
<opset="i_7 "/>
</bind>
</comp>

</comp_list>

<net_list>
<net id="79"><net_src comp="26" pin="0"/><net_sink comp="76" pin=0"/></net>

<net id="83"><net_src comp="26" pin="0"/><net_sink comp="80" pin=0"/></net>

<net id="87"><net_src comp="26" pin="0"/><net_sink comp="84" pin=0"/></net>

<net id="91"><net_src comp="26" pin="0"/><net_sink comp="88" pin=0"/></net>

<net id="98"><net_src comp="48" pin="0"/><net_sink comp="92" pin=0"/></net>

<net id="99"><net_src comp="0" pin="0"/><net_sink comp="92" pin=1"/></net>

<net id="100"><net_src comp="2" pin="0"/><net_sink comp="92" pin=2"/></net>

<net id="101"><net_src comp="4" pin="0"/><net_sink comp="92" pin=3"/></net>

<net id="111"><net_src comp="58" pin="0"/><net_sink comp="102" pin=0"/></net>

<net id="112"><net_src comp="6" pin="0"/><net_sink comp="102" pin=1"/></net>

<net id="113"><net_src comp="8" pin="0"/><net_sink comp="102" pin=2"/></net>

<net id="114"><net_src comp="10" pin="0"/><net_sink comp="102" pin=3"/></net>

<net id="115"><net_src comp="60" pin="0"/><net_sink comp="102" pin=5"/></net>

<net id="121"><net_src comp="50" pin="0"/><net_sink comp="116" pin=1"/></net>

<net id="126"><net_src comp="116" pin="3"/><net_sink comp="122" pin=0"/></net>

<net id="132"><net_src comp="50" pin="0"/><net_sink comp="127" pin=1"/></net>

<net id="133"><net_src comp="127" pin="3"/><net_sink comp="122" pin=0"/></net>

<net id="139"><net_src comp="50" pin="0"/><net_sink comp="134" pin=1"/></net>

<net id="144"><net_src comp="134" pin="3"/><net_sink comp="140" pin=0"/></net>

<net id="150"><net_src comp="50" pin="0"/><net_sink comp="145" pin=1"/></net>

<net id="155"><net_src comp="145" pin="3"/><net_sink comp="151" pin=0"/></net>

<net id="161"><net_src comp="50" pin="0"/><net_sink comp="156" pin=1"/></net>

<net id="162"><net_src comp="151" pin="2"/><net_sink comp="102" pin=4"/></net>

<net id="163"><net_src comp="156" pin="3"/><net_sink comp="151" pin=0"/></net>

<net id="169"><net_src comp="18" pin="0"/><net_sink comp="164" pin=0"/></net>

<net id="170"><net_src comp="50" pin="0"/><net_sink comp="164" pin=1"/></net>

<net id="175"><net_src comp="164" pin="3"/><net_sink comp="171" pin=0"/></net>

<net id="176"><net_src comp="70" pin="0"/><net_sink comp="171" pin=1"/></net>

<net id="180"><net_src comp="38" pin="0"/><net_sink comp="177" pin=0"/></net>

<net id="187"><net_src comp="177" pin="1"/><net_sink comp="181" pin=0"/></net>

<net id="191"><net_src comp="38" pin="0"/><net_sink comp="188" pin=0"/></net>

<net id="198"><net_src comp="188" pin="1"/><net_sink comp="192" pin=0"/></net>

<net id="202"><net_src comp="38" pin="0"/><net_sink comp="199" pin=0"/></net>

<net id="209"><net_src comp="199" pin="1"/><net_sink comp="203" pin=2"/></net>

<net id="213"><net_src comp="56" pin="0"/><net_sink comp="210" pin=0"/></net>

<net id="220"><net_src comp="210" pin="1"/><net_sink comp="214" pin=2"/></net>

<net id="221"><net_src comp="214" pin="4"/><net_sink comp="210" pin=0"/></net>

<net id="229"><net_src comp="54" pin="0"/><net_sink comp="222" pin=0"/></net>

<net id="230"><net_src comp="18" pin="0"/><net_sink comp="222" pin=1"/></net>

<net id="231"><net_src comp="14" pin="0"/><net_sink comp="222" pin=4"/></net>

<net id="239"><net_src comp="52" pin="0"/><net_sink comp="232" pin=0"/></net>

<net id="240"><net_src comp="12" pin="0"/><net_sink comp="232" pin=2"/></net>

<net id="241"><net_src comp="14" pin="0"/><net_sink comp="232" pin=3"/></net>

<net id="242"><net_src comp="16" pin="0"/><net_sink comp="232" pin=4"/></net>

<net id="247"><net_src comp="181" pin="4"/><net_sink comp="243" pin=0"/></net>

<net id="248"><net_src comp="40" pin="0"/><net_sink comp="243" pin=1"/></net>

<net id="253"><net_src comp="181" pin="4"/><net_sink comp="249" pin=0"/></net>

<net id="254"><net_src comp="46" pin="0"/><net_sink comp="249" pin=1"/></net>

<net id="258"><net_src comp="92" pin="4"/><net_sink comp="255" pin=0"/></net>

<net id="259"><net_src comp="255" pin="1"/><net_sink comp="122" pin=1"/></net>

<net id="263"><net_src comp="181" pin="4"/><net_sink comp="260" pin=0"/></net>

<net id="264"><net_src comp="260" pin="1"/><net_sink comp="116" pin=2"/></net>

<net id="269"><net_src comp="192" pin="4"/><net_sink comp="265" pin=0"/></net>

<net id="270"><net_src comp="40" pin="0"/><net_sink comp="265" pin=1"/></net>

<net id="275"><net_src comp="192" pin="4"/><net_sink comp="271" pin=0"/></net>

<net id="276"><net_src comp="46" pin="0"/><net_sink comp="271" pin=1"/></net>

<net id="280"><net_src comp="192" pin="4"/><net_sink comp="277" pin=0"/></net>

<net id="281"><net_src comp="277" pin="1"/><net_sink comp="127" pin=2"/></net>

<net id="282"><net_src comp="277" pin="1"/><net_sink comp="134" pin=2"/></net>

<net id="287"><net_src comp="140" pin="2"/><net_sink comp="283" pin=0"/></net>

<net id="288"><net_src comp="122" pin="2"/><net_sink comp="283" pin=1"/></net>

<net id="289"><net_src comp="283" pin="2"/><net_sink comp="151" pin=1"/></net>

<net id="294"><net_src comp="203" pin="4"/><net_sink comp="290" pin=0"/></net>

<net id="295"><net_src comp="40" pin="0"/><net_sink comp="290" pin=1"/></net>

<net id="300"><net_src comp="203" pin="4"/><net_sink comp="296" pin=0"/></net>

<net id="301"><net_src comp="46" pin="0"/><net_sink comp="296" pin=1"/></net>

<net id="305"><net_src comp="203" pin="4"/><net_sink comp="302" pin=0"/></net>

<net id="306"><net_src comp="302" pin="1"/><net_sink comp="156" pin=2"/></net>

<net id="311"><net_src comp="203" pin="4"/><net_sink comp="307" pin=0"/></net>

<net id="312"><net_src comp="56" pin="0"/><net_sink comp="307" pin=1"/></net>

<net id="316"><net_src comp="214" pin="4"/><net_sink comp="313" pin=0"/></net>

<net id="322"><net_src comp="62" pin="0"/><net_sink comp="317" pin=0"/></net>

<net id="323"><net_src comp="214" pin="4"/><net_sink comp="317" pin=1"/></net>

<net id="324"><net_src comp="64" pin="0"/><net_sink comp="317" pin=2"/></net>

<net id="328"><net_src comp="313" pin="1"/><net_sink comp="325" pin=0"/></net>

<net id="329"><net_src comp="325" pin="1"/><net_sink comp="164" pin=2"/></net>

<net id="334"><net_src comp="171" pin="2"/><net_sink comp="330" pin=0"/></net>

<net id="335"><net_src comp="68" pin="0"/><net_sink comp="330" pin=1"/></net>

<net id="340"><net_src comp="210" pin="1"/><net_sink comp="336" pin=0"/></net>

<net id="341"><net_src comp="72" pin="0"/><net_sink comp="336" pin=1"/></net>

<net id="346"><net_src comp="171" pin="2"/><net_sink comp="342" pin=0"/></net>

<net id="347"><net_src comp="74" pin="0"/><net_sink comp="342" pin=1"/></net>

<net id="348"><net_src comp="342" pin="2"/><net_sink comp="171" pin=1"/></net>

<net id="355"><net_src comp="249" pin="2"/><net_sink comp="352" pin=0"/></net>

<net id="356"><net_src comp="352" pin="1"/><net_sink comp="181" pin=2"/></net>

<net id="363"><net_src comp="271" pin="2"/><net_sink comp="360" pin=0"/></net>

<net id="364"><net_src comp="360" pin="1"/><net_sink comp="192" pin=2"/></net>

<net id="368"><net_src comp="277" pin="1"/><net_sink comp="365" pin=0"/></net>

<net id="369"><net_src comp="365" pin="1"/><net_sink comp="145" pin=2"/></net>

<net id="373"><net_src comp="127" pin="3"/><net_sink comp="370" pin=0"/></net>

<net id="374"><net_src comp="370" pin="1"/><net_sink comp="122" pin=0"/></net>

<net id="378"><net_src comp="134" pin="3"/><net_sink comp="375" pin=0"/></net>

<net id="379"><net_src comp="375" pin="1"/><net_sink comp="140" pin=0"/></net>

<net id="386"><net_src comp="296" pin="2"/><net_sink comp="383" pin=0"/></net>

<net id="387"><net_src comp="383" pin="1"/><net_sink comp="203" pin=0"/></net>

<net id="391"><net_src comp="156" pin="3"/><net_sink comp="388" pin=0"/></net>

<net id="392"><net_src comp="388" pin="1"/><net_sink comp="151" pin=0"/></net>

<net id="396"><net_src comp="307" pin="2"/><net_sink comp="393" pin=0"/></net>

<net id="397"><net_src comp="393" pin="1"/><net_sink comp="102" pin=6"/></net>

<net id="401"><net_src comp="317" pin="3"/><net_sink comp="398" pin=0"/></net>

<net id="405"><net_src comp="164" pin="3"/><net_sink comp="402" pin=0"/></net>

<net id="406"><net_src comp="402" pin="1"/><net_sink comp="171" pin=0"/></net>

<net id="413"><net_src comp="336" pin="2"/><net_sink comp="410" pin=0"/></net>

<net id="414"><net_src comp="410" pin="1"/><net_sink comp="214" pin=0"/></net>

</net_list>

</model> 
---------------- Datapath Model END ------------------

* FSMD analyzer results:
  - Output states:
	Port: cipher_V_data | {9 }
	Port: cipher_V_user_V | {9 }
	Port: cipher_V_last_V | {9 }
	Port: R | {2 3 }
	Port: nonce | {11 }
 - Input state : 
	Port: single_block_CTR_encrypt : i_plaintext_V_data | {2 }
	Port: single_block_CTR_encrypt : i_plaintext_V_user_V | {2 }
	Port: single_block_CTR_encrypt : i_plaintext_V_last_V | {2 }
	Port: single_block_CTR_encrypt : key | {2 3 }
	Port: single_block_CTR_encrypt : s_box | {2 3 4 5 }
	Port: single_block_CTR_encrypt : R | {2 3 }
	Port: single_block_CTR_encrypt : nonce | {4 5 10 11 }
  - Chain level:
	State 1
	State 2
		exitcond1 : 1
		i_4 : 1
		stg_31 : 2
		tmp : 1
		plaintext_addr : 2
		stg_36 : 3
	State 3
	State 4
	State 5
	State 6
		exitcond2 : 1
		i_5 : 1
		stg_47 : 2
		tmp_s : 1
		plaintext_addr_1 : 2
		plaintext_load : 3
		cipher_nonce_addr : 2
		cipher_nonce_load : 3
	State 7
		tmp_1 : 1
		stg_57 : 1
	State 8
		exitcond : 1
		i_6 : 1
		stg_63 : 2
		tmp_2 : 1
		out_addr_1 : 2
		tmp_data_1 : 3
		tmp_last_V : 1
	State 9
		stg_69 : 1
	State 10
		i_3_cast : 1
		tmp_3 : 1
		stg_75 : 2
		tmp_5 : 2
		nonce_addr : 3
		nonce_load : 4
	State 11
		tmp_6 : 1
		stg_81 : 2
		tmp_7 : 1
		stg_86 : 2


============================================================
+ Verbose Summary: Datapath Resource usage 
============================================================

* Functional unit list:
|----------|-------------------------------------------------------|---------|---------|---------|---------|
| Operation|                    Functional Unit                    |   BRAM  |  Delay  |    FF   |   LUT   |
|----------|-------------------------------------------------------|---------|---------|---------|---------|
|   call   |     grp_single_block_CTR_encrypt_aes_cipher_fu_222    |    1    |  46.663 |   1213  |   940   |
|          | grp_single_block_CTR_encrypt_aes_key_expansion_fu_232 |    0    |  21.751 |   720   |   449   |
|----------|-------------------------------------------------------|---------|---------|---------|---------|
|          |                       i_4_fu_249                      |    0    |    0    |    0    |    5    |
|          |                       i_5_fu_271                      |    0    |    0    |    0    |    5    |
|    add   |                       i_6_fu_296                      |    0    |    0    |    0    |    5    |
|          |                       i_7_fu_336                      |    0    |    0    |    0    |    5    |
|          |                      tmp_7_fu_342                     |    0    |    0    |    0    |    8    |
|----------|-------------------------------------------------------|---------|---------|---------|---------|
|          |                    exitcond1_fu_243                   |    0    |    0    |    0    |    2    |
|          |                    exitcond2_fu_265                   |    0    |    0    |    0    |    2    |
|   icmp   |                    exitcond_fu_290                    |    0    |    0    |    0    |    2    |
|          |                   tmp_last_V_fu_307                   |    0    |    0    |    0    |    2    |
|          |                      tmp_6_fu_330                     |    0    |    0    |    0    |    3    |
|----------|-------------------------------------------------------|---------|---------|---------|---------|
|    xor   |                      tmp_1_fu_283                     |    0    |    0    |    0    |    8    |
|----------|-------------------------------------------------------|---------|---------|---------|---------|
|   read   |                  empty_10_read_fu_92                  |    0    |    0    |    0    |    0    |
|----------|-------------------------------------------------------|---------|---------|---------|---------|
|   write  |                  stg_69_write_fu_102                  |    0    |    0    |    0    |    0    |
|----------|-------------------------------------------------------|---------|---------|---------|---------|
|extractvalue|                    tmp_data_fu_255                    |    0    |    0    |    0    |    0    |
|----------|-------------------------------------------------------|---------|---------|---------|---------|
|          |                       tmp_fu_260                      |    0    |    0    |    0    |    0    |
|   zext   |                      tmp_s_fu_277                     |    0    |    0    |    0    |    0    |
|          |                      tmp_2_fu_302                     |    0    |    0    |    0    |    0    |
|          |                      tmp_5_fu_325                     |    0    |    0    |    0    |    0    |
|----------|-------------------------------------------------------|---------|---------|---------|---------|
|   sext   |                    i_3_cast_fu_313                    |    0    |    0    |    0    |    0    |
|----------|-------------------------------------------------------|---------|---------|---------|---------|
| bitselect|                      tmp_3_fu_317                     |    0    |    0    |    0    |    0    |
|----------|-------------------------------------------------------|---------|---------|---------|---------|
|   Total  |                                                       |    1    |  68.414 |   1933  |   1436  |
|----------|-------------------------------------------------------|---------|---------|---------|---------|

Memories:
+------------+--------+--------+--------+
|            |  BRAM  |   FF   |   LUT  |
+------------+--------+--------+--------+
|      R     |    0   |   16   |    1   |
|cipher_nonce|    0   |   16   |    2   |
|     key    |    0   |   16   |    2   |
|    nonce   |    0   |   16   |    2   |
|     out    |    0   |   16   |    2   |
|  plaintext |    0   |   16   |    2   |
|    s_box   |    1   |    0   |    0   |
|      w     |    1   |    0   |    0   |
+------------+--------+--------+--------+
|    Total   |    2   |   96   |   11   |
+------------+--------+--------+--------+

* Register list:
+-------------------------+--------+
|                         |   FF   |
+-------------------------+--------+
|cipher_nonce_addr_reg_375|    4   |
|       i_1_reg_188       |    5   |
|       i_2_reg_199       |    5   |
|       i_3_reg_210       |    5   |
|       i_4_reg_352       |    5   |
|       i_5_reg_360       |    5   |
|       i_6_reg_383       |    5   |
|       i_7_reg_410       |    5   |
|        i_reg_177        |    5   |
|    nonce_addr_reg_402   |    4   |
|    out_addr_1_reg_388   |    4   |
| plaintext_addr_1_reg_370|    4   |
|      tmp_3_reg_398      |    1   |
|    tmp_last_V_reg_393   |    1   |
|      tmp_s_reg_365      |   64   |
+-------------------------+--------+
|          Total          |   122  |
+-------------------------+--------+

* Multiplexer (MUX) list: 
|-------------------|------|------|------|--------||---------||---------|
|        Comp       |  Pin | Size |  BW  | S x BW ||  Delay  ||   LUT   |
|-------------------|------|------|------|--------||---------||---------|
| grp_access_fu_122 |  p0  |   3  |   4  |   12   ||    4    |
| grp_access_fu_140 |  p0  |   2  |   4  |    8   ||    4    |
| grp_access_fu_151 |  p0  |   3  |   4  |   12   ||    4    |
| grp_access_fu_171 |  p0  |   2  |   4  |    8   ||    4    |
| grp_access_fu_171 |  p1  |   2  |   8  |   16   ||    8    |
|    i_3_reg_210    |  p0  |   2  |   5  |   10   ||    5    |
|-------------------|------|------|------|--------||---------||---------|
|       Total       |      |      |      |   66   ||  9.426  ||    29   |
|-------------------|------|------|------|--------||---------||---------|



* Summary:
+-----------+--------+--------+--------+--------+
|           |  BRAM  |  Delay |   FF   |   LUT  |
+-----------+--------+--------+--------+--------+
|  Function |    1   |   68   |  1933  |  1436  |
|   Memory  |    2   |    -   |   96   |   11   |
|Multiplexer|    -   |    9   |    -   |   29   |
|  Register |    -   |    -   |   122  |    -   |
+-----------+--------+--------+--------+--------+
|   Total   |    3   |   77   |  2151  |  1476  |
+-----------+--------+--------+--------+--------+
