

================================================================
== Vivado HLS Report for 'single_block_AES_encrypt_mix_columns'
================================================================
* Date:           Thu Feb 08 10:03:56 2024

* Version:        2016.2 (Build 1577090 on Thu Jun 02 16:59:10 MDT 2016)
* Project:        AES_Encryption
* Solution:       solution1
* Product family: zynq
* Target device:  xc7z020clg400-1


================================================================
== Performance Estimates
================================================================
+ Timing (ns): 
    * Summary: 
    +--------+-------+----------+------------+
    |  Clock | Target| Estimated| Uncertainty|
    +--------+-------+----------+------------+
    |ap_clk  |  10.00|      5.48|        1.25|
    +--------+-------+----------+------------+

+ Latency (clock cycles): 
    * Summary: 
    +-----+-----+-----+-----+----------+
    |  Latency  |  Interval | Pipeline |
    | min | max | min | max |   Type   |
    +-----+-----+-----+-----+----------+
    |    0|    0|    1|    1| function |
    +-----+-----+-----+-----+----------+

    + Detail: 
        * Instance: 
        N/A

        * Loop: 
        N/A

============================================================
+ Verbose Summary: Synthesis Manager
============================================================
InlineROM: 1
ExposeGlobal: 0
============================================================
+ Verbose Summary: CDFG Model
============================================================
IsTopModel: 0
ResetActiveHigh: 1
IsCombinational: 0
IsDatapathOnly: 0
HasWiredReturn: 1
HasMFsm: 2
HasVarLatency: 0
IsPipeline: 1
IsRtlPipelined: 0
IsInstanceOverlapped: 0
IsDontTouch: 0
HasImplIP: 0
IsGatedGlobalClock: 0

+ Individual pipeline summary: 
  * Pipeline-0: initiation interval (II) = 1, depth = 1


============================================================
+ Verbose Summary: Schedule
============================================================
* Number of FSM states: 1
* Pipeline: 1
  Pipeline-0: II = 1, D = 1, States = { 1 }
* Dataflow Pipeline: 0

* FSM state transitions: 
1 --> 
* FSM state operations: 

 <State 1>: 5.48ns
ST_1: state_15_read_3 [1/1] 0.00ns
.preheader.preheader.0:0  %state_15_read_3 = call i8 @_ssdm_op_Read.ap_auto.i8(i8 %state_15_read)

ST_1: state_14_read_2 [1/1] 0.00ns
.preheader.preheader.0:1  %state_14_read_2 = call i8 @_ssdm_op_Read.ap_auto.i8(i8 %state_14_read)

ST_1: state_13_read_3 [1/1] 0.00ns
.preheader.preheader.0:2  %state_13_read_3 = call i8 @_ssdm_op_Read.ap_auto.i8(i8 %state_13_read)

ST_1: state_12_read_3 [1/1] 0.00ns
.preheader.preheader.0:3  %state_12_read_3 = call i8 @_ssdm_op_Read.ap_auto.i8(i8 %state_12_read)

ST_1: state_11_read12 [1/1] 0.00ns
.preheader.preheader.0:4  %state_11_read12 = call i8 @_ssdm_op_Read.ap_auto.i8(i8 %state_11_read)

ST_1: state_10_read11 [1/1] 0.00ns
.preheader.preheader.0:5  %state_10_read11 = call i8 @_ssdm_op_Read.ap_auto.i8(i8 %state_10_read)

ST_1: state_9_read_3 [1/1] 0.00ns
.preheader.preheader.0:6  %state_9_read_3 = call i8 @_ssdm_op_Read.ap_auto.i8(i8 %state_9_read)

ST_1: state_8_read_3 [1/1] 0.00ns
.preheader.preheader.0:7  %state_8_read_3 = call i8 @_ssdm_op_Read.ap_auto.i8(i8 %state_8_read)

ST_1: state_7_read_3 [1/1] 0.00ns
.preheader.preheader.0:8  %state_7_read_3 = call i8 @_ssdm_op_Read.ap_auto.i8(i8 %state_7_read)

ST_1: state_6_read_3 [1/1] 0.00ns
.preheader.preheader.0:9  %state_6_read_3 = call i8 @_ssdm_op_Read.ap_auto.i8(i8 %state_6_read)

ST_1: state_5_read_3 [1/1] 0.00ns
.preheader.preheader.0:10  %state_5_read_3 = call i8 @_ssdm_op_Read.ap_auto.i8(i8 %state_5_read)

ST_1: state_4_read_3 [1/1] 0.00ns
.preheader.preheader.0:11  %state_4_read_3 = call i8 @_ssdm_op_Read.ap_auto.i8(i8 %state_4_read)

ST_1: state_3_read_2 [1/1] 0.00ns
.preheader.preheader.0:12  %state_3_read_2 = call i8 @_ssdm_op_Read.ap_auto.i8(i8 %state_3_read)

ST_1: state_2_read_2 [1/1] 0.00ns
.preheader.preheader.0:13  %state_2_read_2 = call i8 @_ssdm_op_Read.ap_auto.i8(i8 %state_2_read)

ST_1: state_1_read_2 [1/1] 0.00ns
.preheader.preheader.0:14  %state_1_read_2 = call i8 @_ssdm_op_Read.ap_auto.i8(i8 %state_1_read)

ST_1: state_0_read_2 [1/1] 0.00ns
.preheader.preheader.0:15  %state_0_read_2 = call i8 @_ssdm_op_Read.ap_auto.i8(i8 %state_0_read)

ST_1: call_ret [1/1] 5.48ns
.preheader.preheader.0:16  %call_ret = call fastcc { i8, i8, i8, i8 } @single_block_AES_encrypt_coef_mult(i8 %state_0_read_2, i8 %state_4_read_3, i8 %state_8_read_3, i8 %state_12_read_3)

ST_1: res_0 [1/1] 0.00ns
.preheader.preheader.0:17  %res_0 = extractvalue { i8, i8, i8, i8 } %call_ret, 0

ST_1: res_1 [1/1] 0.00ns
.preheader.preheader.0:18  %res_1 = extractvalue { i8, i8, i8, i8 } %call_ret, 1

ST_1: res_2 [1/1] 0.00ns
.preheader.preheader.0:19  %res_2 = extractvalue { i8, i8, i8, i8 } %call_ret, 2

ST_1: res_3 [1/1] 0.00ns
.preheader.preheader.0:20  %res_3 = extractvalue { i8, i8, i8, i8 } %call_ret, 3

ST_1: call_ret1 [1/1] 5.48ns
.preheader.preheader.0:21  %call_ret1 = call fastcc { i8, i8, i8, i8 } @single_block_AES_encrypt_coef_mult(i8 %state_1_read_2, i8 %state_5_read_3, i8 %state_9_read_3, i8 %state_13_read_3)

ST_1: res_0_1 [1/1] 0.00ns
.preheader.preheader.0:22  %res_0_1 = extractvalue { i8, i8, i8, i8 } %call_ret1, 0

ST_1: res_1_1 [1/1] 0.00ns
.preheader.preheader.0:23  %res_1_1 = extractvalue { i8, i8, i8, i8 } %call_ret1, 1

ST_1: res_2_1 [1/1] 0.00ns
.preheader.preheader.0:24  %res_2_1 = extractvalue { i8, i8, i8, i8 } %call_ret1, 2

ST_1: res_3_1 [1/1] 0.00ns
.preheader.preheader.0:25  %res_3_1 = extractvalue { i8, i8, i8, i8 } %call_ret1, 3

ST_1: call_ret2 [1/1] 5.48ns
.preheader.preheader.0:26  %call_ret2 = call fastcc { i8, i8, i8, i8 } @single_block_AES_encrypt_coef_mult(i8 %state_2_read_2, i8 %state_6_read_3, i8 %state_10_read11, i8 %state_14_read_2)

ST_1: res_0_2 [1/1] 0.00ns
.preheader.preheader.0:27  %res_0_2 = extractvalue { i8, i8, i8, i8 } %call_ret2, 0

ST_1: res_1_2 [1/1] 0.00ns
.preheader.preheader.0:28  %res_1_2 = extractvalue { i8, i8, i8, i8 } %call_ret2, 1

ST_1: res_2_2 [1/1] 0.00ns
.preheader.preheader.0:29  %res_2_2 = extractvalue { i8, i8, i8, i8 } %call_ret2, 2

ST_1: res_3_2 [1/1] 0.00ns
.preheader.preheader.0:30  %res_3_2 = extractvalue { i8, i8, i8, i8 } %call_ret2, 3

ST_1: call_ret3 [1/1] 5.48ns
.preheader.preheader.0:31  %call_ret3 = call fastcc { i8, i8, i8, i8 } @single_block_AES_encrypt_coef_mult(i8 %state_3_read_2, i8 %state_7_read_3, i8 %state_11_read12, i8 %state_15_read_3)

ST_1: res_0_3 [1/1] 0.00ns
.preheader.preheader.0:32  %res_0_3 = extractvalue { i8, i8, i8, i8 } %call_ret3, 0

ST_1: res_1_3 [1/1] 0.00ns
.preheader.preheader.0:33  %res_1_3 = extractvalue { i8, i8, i8, i8 } %call_ret3, 1

ST_1: res_2_3 [1/1] 0.00ns
.preheader.preheader.0:34  %res_2_3 = extractvalue { i8, i8, i8, i8 } %call_ret3, 2

ST_1: res_3_3 [1/1] 0.00ns
.preheader.preheader.0:35  %res_3_3 = extractvalue { i8, i8, i8, i8 } %call_ret3, 3

ST_1: mrv [1/1] 0.00ns
.preheader.preheader.0:36  %mrv = insertvalue { i8, i8, i8, i8, i8, i8, i8, i8, i8, i8, i8, i8, i8, i8, i8, i8 } undef, i8 %res_0, 0

ST_1: mrv_1 [1/1] 0.00ns
.preheader.preheader.0:37  %mrv_1 = insertvalue { i8, i8, i8, i8, i8, i8, i8, i8, i8, i8, i8, i8, i8, i8, i8, i8 } %mrv, i8 %res_0_1, 1

ST_1: mrv_2 [1/1] 0.00ns
.preheader.preheader.0:38  %mrv_2 = insertvalue { i8, i8, i8, i8, i8, i8, i8, i8, i8, i8, i8, i8, i8, i8, i8, i8 } %mrv_1, i8 %res_0_2, 2

ST_1: mrv_3 [1/1] 0.00ns
.preheader.preheader.0:39  %mrv_3 = insertvalue { i8, i8, i8, i8, i8, i8, i8, i8, i8, i8, i8, i8, i8, i8, i8, i8 } %mrv_2, i8 %res_0_3, 3

ST_1: mrv_4 [1/1] 0.00ns
.preheader.preheader.0:40  %mrv_4 = insertvalue { i8, i8, i8, i8, i8, i8, i8, i8, i8, i8, i8, i8, i8, i8, i8, i8 } %mrv_3, i8 %res_1, 4

ST_1: mrv_5 [1/1] 0.00ns
.preheader.preheader.0:41  %mrv_5 = insertvalue { i8, i8, i8, i8, i8, i8, i8, i8, i8, i8, i8, i8, i8, i8, i8, i8 } %mrv_4, i8 %res_1_1, 5

ST_1: mrv_6 [1/1] 0.00ns
.preheader.preheader.0:42  %mrv_6 = insertvalue { i8, i8, i8, i8, i8, i8, i8, i8, i8, i8, i8, i8, i8, i8, i8, i8 } %mrv_5, i8 %res_1_2, 6

ST_1: mrv_7 [1/1] 0.00ns
.preheader.preheader.0:43  %mrv_7 = insertvalue { i8, i8, i8, i8, i8, i8, i8, i8, i8, i8, i8, i8, i8, i8, i8, i8 } %mrv_6, i8 %res_1_3, 7

ST_1: mrv_8 [1/1] 0.00ns
.preheader.preheader.0:44  %mrv_8 = insertvalue { i8, i8, i8, i8, i8, i8, i8, i8, i8, i8, i8, i8, i8, i8, i8, i8 } %mrv_7, i8 %res_2, 8

ST_1: mrv_9 [1/1] 0.00ns
.preheader.preheader.0:45  %mrv_9 = insertvalue { i8, i8, i8, i8, i8, i8, i8, i8, i8, i8, i8, i8, i8, i8, i8, i8 } %mrv_8, i8 %res_2_1, 9

ST_1: mrv_10 [1/1] 0.00ns
.preheader.preheader.0:46  %mrv_10 = insertvalue { i8, i8, i8, i8, i8, i8, i8, i8, i8, i8, i8, i8, i8, i8, i8, i8 } %mrv_9, i8 %res_2_2, 10

ST_1: mrv_11 [1/1] 0.00ns
.preheader.preheader.0:47  %mrv_11 = insertvalue { i8, i8, i8, i8, i8, i8, i8, i8, i8, i8, i8, i8, i8, i8, i8, i8 } %mrv_10, i8 %res_2_3, 11

ST_1: mrv_12 [1/1] 0.00ns
.preheader.preheader.0:48  %mrv_12 = insertvalue { i8, i8, i8, i8, i8, i8, i8, i8, i8, i8, i8, i8, i8, i8, i8, i8 } %mrv_11, i8 %res_3, 12

ST_1: mrv_13 [1/1] 0.00ns
.preheader.preheader.0:49  %mrv_13 = insertvalue { i8, i8, i8, i8, i8, i8, i8, i8, i8, i8, i8, i8, i8, i8, i8, i8 } %mrv_12, i8 %res_3_1, 13

ST_1: mrv_14 [1/1] 0.00ns
.preheader.preheader.0:50  %mrv_14 = insertvalue { i8, i8, i8, i8, i8, i8, i8, i8, i8, i8, i8, i8, i8, i8, i8, i8 } %mrv_13, i8 %res_3_2, 14

ST_1: mrv_s [1/1] 0.00ns
.preheader.preheader.0:51  %mrv_s = insertvalue { i8, i8, i8, i8, i8, i8, i8, i8, i8, i8, i8, i8, i8, i8, i8, i8 } %mrv_14, i8 %res_3_3, 15

ST_1: stg_54 [1/1] 0.00ns
.preheader.preheader.0:52  ret { i8, i8, i8, i8, i8, i8, i8, i8, i8, i8, i8, i8, i8, i8, i8, i8 } %mrv_s



============================================================
+ Verbose Summary: Timing violations
============================================================
Target clock period: 10ns, clock uncertainty: 1.25ns.

 No timing violations. 


============================================================
+ Verbose Summary: Binding
============================================================
N/A
* FSMD analyzer results:
  - Output states:
 - Input state : 
  - Chain level:
	State 1


============================================================
+ Verbose Summary: Datapath Resource usage 
============================================================
N/A
