

================================================================
== Vivado HLS Report for 'single_block_AES_encrypt'
================================================================
* Date:           Thu Feb 08 12:12:20 2024

* Version:        2016.2 (Build 1577090 on Thu Jun 02 16:59:10 MDT 2016)
* Project:        AES_Encryption
* Solution:       solution1
* Product family: zynq
* Target device:  xc7z020clg400-1


================================================================
== Performance Estimates
================================================================
+ Timing (ns): 
    * Summary: 
    +--------+-------+----------+------------+
    |  Clock | Target| Estimated| Uncertainty|
    +--------+-------+----------+------------+
    |ap_clk  |  10.00|     12.35|        1.25|
    +--------+-------+----------+------------+

+ Latency (clock cycles): 
    * Summary: 
    +-----+-----+-----+-----+---------+
    |  Latency  |  Interval | Pipeline|
    | min | max | min | max |   Type  |
    +-----+-----+-----+-----+---------+
    |    ?|    ?|    ?|    ?|   none  |
    +-----+-----+-----+-----+---------+

    + Detail: 
        * Instance: 
        N/A

        * Loop: 
        +----------+------+------+----------+-----------+-----------+------+----------+
        |          |   Latency   | Iteration|  Initiation Interval  | Trip |          |
        | Loop Name|  min |  max |  Latency |  achieved |   target  | Count| Pipelined|
        +----------+------+------+----------+-----------+-----------+------+----------+
        |- loop    |  1614|  1614|       130|         99|          2|    16|    yes   |
        +----------+------+------+----------+-----------+-----------+------+----------+

============================================================
+ Verbose Summary: Synthesis Manager
============================================================
InlineROM: 1
ExposeGlobal: 0
============================================================
+ Verbose Summary: CDFG Model
============================================================
IsTopModel: 1
ResetActiveHigh: 1
IsCombinational: 0
IsDatapathOnly: 0
HasWiredReturn: 1
HasMFsm: 0
HasVarLatency: 1
IsPipeline: 0
IsRtlPipelined: 0
IsInstanceOverlapped: 0
IsDontTouch: 0
HasImplIP: 0
IsGatedGlobalClock: 0

+ Individual pipeline summary: 
  * Pipeline-0: initiation interval (II) = 99, depth = 130


============================================================
+ Verbose Summary: Schedule
============================================================
* Number of FSM states: 133
* Pipeline: 1
  Pipeline-0: II = 99, D = 130, States = { 3 4 5 6 7 8 9 10 11 12 13 14 15 16 17 18 19 20 21 22 23 24 25 26 27 28 29 30 31 32 33 34 35 36 37 38 39 40 41 42 43 44 45 46 47 48 49 50 51 52 53 54 55 56 57 58 59 60 61 62 63 64 65 66 67 68 69 70 71 72 73 74 75 76 77 78 79 80 81 82 83 84 85 86 87 88 89 90 91 92 93 94 95 96 97 98 99 100 101 102 103 104 105 106 107 108 109 110 111 112 113 114 115 116 117 118 119 120 121 122 123 124 125 126 127 128 129 130 131 132 }
* Dataflow Pipeline: 0

* FSM state transitions: 
1 --> 
	2  / true
2 --> 
	3  / true
3 --> 
	133  / (exitcond1)
	4  / (!exitcond1)
4 --> 
	5  / true
5 --> 
	6  / true
6 --> 
	7  / true
7 --> 
	8  / true
8 --> 
	9  / true
9 --> 
	10  / true
10 --> 
	11  / true
11 --> 
	12  / true
12 --> 
	13  / true
13 --> 
	14  / true
14 --> 
	15  / true
15 --> 
	16  / true
16 --> 
	17  / true
17 --> 
	18  / true
18 --> 
	19  / true
19 --> 
	20  / true
20 --> 
	21  / true
21 --> 
	22  / true
22 --> 
	23  / true
23 --> 
	24  / true
24 --> 
	25  / true
25 --> 
	26  / true
26 --> 
	27  / true
27 --> 
	28  / true
28 --> 
	29  / true
29 --> 
	30  / true
30 --> 
	31  / true
31 --> 
	32  / true
32 --> 
	33  / true
33 --> 
	34  / true
34 --> 
	35  / true
35 --> 
	36  / true
36 --> 
	37  / true
37 --> 
	38  / true
38 --> 
	39  / true
39 --> 
	40  / true
40 --> 
	41  / true
41 --> 
	42  / true
42 --> 
	43  / true
43 --> 
	44  / true
44 --> 
	45  / true
45 --> 
	46  / true
46 --> 
	47  / true
47 --> 
	48  / true
48 --> 
	49  / true
49 --> 
	50  / true
50 --> 
	51  / true
51 --> 
	52  / true
52 --> 
	53  / true
53 --> 
	54  / true
54 --> 
	55  / true
55 --> 
	56  / true
56 --> 
	57  / true
57 --> 
	58  / true
58 --> 
	59  / true
59 --> 
	60  / true
60 --> 
	61  / true
61 --> 
	62  / true
62 --> 
	63  / true
63 --> 
	64  / true
64 --> 
	65  / true
65 --> 
	66  / true
66 --> 
	67  / true
67 --> 
	68  / true
68 --> 
	69  / true
69 --> 
	70  / true
70 --> 
	71  / true
71 --> 
	72  / true
72 --> 
	73  / true
73 --> 
	74  / true
74 --> 
	75  / true
75 --> 
	76  / true
76 --> 
	77  / true
77 --> 
	78  / true
78 --> 
	79  / true
79 --> 
	80  / true
80 --> 
	81  / true
81 --> 
	82  / true
82 --> 
	83  / true
83 --> 
	84  / true
84 --> 
	85  / true
85 --> 
	86  / true
86 --> 
	87  / true
87 --> 
	88  / true
88 --> 
	89  / true
89 --> 
	90  / true
90 --> 
	91  / true
91 --> 
	92  / true
92 --> 
	93  / true
93 --> 
	94  / true
94 --> 
	95  / true
95 --> 
	96  / true
96 --> 
	97  / true
97 --> 
	98  / true
98 --> 
	99  / true
99 --> 
	100  / true
100 --> 
	101  / true
101 --> 
	102  / true
102 --> 
	103  / true
103 --> 
	104  / true
104 --> 
	105  / true
105 --> 
	106  / true
106 --> 
	107  / true
107 --> 
	108  / true
108 --> 
	109  / true
109 --> 
	110  / true
110 --> 
	111  / true
111 --> 
	112  / true
112 --> 
	113  / true
113 --> 
	114  / true
114 --> 
	115  / true
115 --> 
	116  / true
116 --> 
	117  / true
117 --> 
	118  / true
118 --> 
	119  / true
119 --> 
	120  / true
120 --> 
	121  / true
121 --> 
	122  / true
122 --> 
	123  / true
123 --> 
	124  / true
124 --> 
	125  / true
125 --> 
	126  / true
126 --> 
	127  / true
127 --> 
	128  / true
128 --> 
	129  / true
129 --> 
	130  / true
130 --> 
	131  / true
131 --> 
	132  / true
132 --> 
	3  / true
133 --> 
* FSM state operations: 

 <State 1>: 0.00ns
ST_1: w [1/1] 0.00ns
:7  %w = alloca [176 x i8], align 16

ST_1: stg_135 [2/2] 0.00ns
:11  call fastcc void @single_block_AES_encrypt_aes_key_expansion([176 x i8]* %w)


 <State 2>: 1.57ns
ST_2: stg_136 [1/1] 0.00ns
:0  call void (...)* @_ssdm_op_SpecBitsMap(i8* %i_plaintext_V_data), !map !19

ST_2: stg_137 [1/1] 0.00ns
:1  call void (...)* @_ssdm_op_SpecBitsMap(i1* %i_plaintext_V_user_V), !map !23

ST_2: stg_138 [1/1] 0.00ns
:2  call void (...)* @_ssdm_op_SpecBitsMap(i1* %i_plaintext_V_last_V), !map !27

ST_2: stg_139 [1/1] 0.00ns
:3  call void (...)* @_ssdm_op_SpecBitsMap(i8* %cipher_V_data), !map !31

ST_2: stg_140 [1/1] 0.00ns
:4  call void (...)* @_ssdm_op_SpecBitsMap(i1* %cipher_V_user_V), !map !35

ST_2: stg_141 [1/1] 0.00ns
:5  call void (...)* @_ssdm_op_SpecBitsMap(i1* %cipher_V_last_V), !map !39

ST_2: stg_142 [1/1] 0.00ns
:6  call void (...)* @_ssdm_op_SpecTopModule([25 x i8]* @single_block_AES_encrypt_str) nounwind

ST_2: stg_143 [1/1] 0.00ns
:8  call void (...)* @_ssdm_op_SpecInterface(i8* %i_plaintext_V_data, i1* %i_plaintext_V_user_V, i1* %i_plaintext_V_last_V, [5 x i8]* @p_str4, i32 0, i32 0, i32 0, i32 0, [1 x i8]* @p_str15, [1 x i8]* @p_str15, [1 x i8]* @p_str15, i32 0, i32 0, i32 0, i32 0, [1 x i8]* @p_str15) nounwind

ST_2: stg_144 [1/1] 0.00ns
:9  call void (...)* @_ssdm_op_SpecInterface(i8* %cipher_V_data, i1* %cipher_V_user_V, i1* %cipher_V_last_V, [5 x i8]* @p_str4, i32 0, i32 0, i32 0, i32 0, [1 x i8]* @p_str15, [1 x i8]* @p_str15, [1 x i8]* @p_str15, i32 0, i32 0, i32 0, i32 0, [1 x i8]* @p_str15) nounwind

ST_2: stg_145 [1/1] 0.00ns
:10  call void (...)* @_ssdm_op_SpecInterface(i32 0, [13 x i8]* @p_str26, i32 0, i32 0, i32 0, i32 0, [1 x i8]* @p_str15, [1 x i8]* @p_str15, [1 x i8]* @p_str15, i32 0, i32 0, i32 0, i32 0, [1 x i8]* @p_str15) nounwind

ST_2: stg_146 [1/2] 0.00ns
:11  call fastcc void @single_block_AES_encrypt_aes_key_expansion([176 x i8]* %w)

ST_2: stg_147 [1/1] 1.57ns
:12  br label %1


 <State 3>: 3.28ns
ST_3: block [1/1] 0.00ns
:0  %block = phi i5 [ 0, %0 ], [ %block_1, %2 ]

ST_3: exitcond1 [1/1] 1.91ns
:1  %exitcond1 = icmp eq i5 %block, -16

ST_3: block_1 [1/1] 1.72ns
:2  %block_1 = add i5 %block, 1

ST_3: stg_151 [1/1] 0.00ns
:3  br i1 %exitcond1, label %3, label %2

ST_3: tmp_last_V [1/1] 1.91ns
:53  %tmp_last_V = icmp eq i5 %block, 15


 <State 4>: 0.00ns
ST_4: empty_7 [1/1] 0.00ns
:4  %empty_7 = call { i8, i1, i1 } @_ssdm_op_Read.axis.volatile.i8P.i1P.i1P(i8* %i_plaintext_V_data, i1* %i_plaintext_V_user_V, i1* %i_plaintext_V_last_V)

ST_4: tmp_data_16 [1/1] 0.00ns
:5  %tmp_data_16 = extractvalue { i8, i1, i1 } %empty_7, 0


 <State 5>: 0.00ns
ST_5: empty_8 [1/1] 0.00ns
:6  %empty_8 = call { i8, i1, i1 } @_ssdm_op_Read.axis.volatile.i8P.i1P.i1P(i8* %i_plaintext_V_data, i1* %i_plaintext_V_user_V, i1* %i_plaintext_V_last_V)

ST_5: tmp_data_17 [1/1] 0.00ns
:7  %tmp_data_17 = extractvalue { i8, i1, i1 } %empty_8, 0


 <State 6>: 0.00ns
ST_6: empty_9 [1/1] 0.00ns
:8  %empty_9 = call { i8, i1, i1 } @_ssdm_op_Read.axis.volatile.i8P.i1P.i1P(i8* %i_plaintext_V_data, i1* %i_plaintext_V_user_V, i1* %i_plaintext_V_last_V)

ST_6: tmp_data_18 [1/1] 0.00ns
:9  %tmp_data_18 = extractvalue { i8, i1, i1 } %empty_9, 0


 <State 7>: 0.00ns
ST_7: empty_10 [1/1] 0.00ns
:10  %empty_10 = call { i8, i1, i1 } @_ssdm_op_Read.axis.volatile.i8P.i1P.i1P(i8* %i_plaintext_V_data, i1* %i_plaintext_V_user_V, i1* %i_plaintext_V_last_V)

ST_7: tmp_data_19 [1/1] 0.00ns
:11  %tmp_data_19 = extractvalue { i8, i1, i1 } %empty_10, 0


 <State 8>: 0.00ns
ST_8: empty_11 [1/1] 0.00ns
:12  %empty_11 = call { i8, i1, i1 } @_ssdm_op_Read.axis.volatile.i8P.i1P.i1P(i8* %i_plaintext_V_data, i1* %i_plaintext_V_user_V, i1* %i_plaintext_V_last_V)

ST_8: tmp_data_20 [1/1] 0.00ns
:13  %tmp_data_20 = extractvalue { i8, i1, i1 } %empty_11, 0


 <State 9>: 0.00ns
ST_9: empty_12 [1/1] 0.00ns
:14  %empty_12 = call { i8, i1, i1 } @_ssdm_op_Read.axis.volatile.i8P.i1P.i1P(i8* %i_plaintext_V_data, i1* %i_plaintext_V_user_V, i1* %i_plaintext_V_last_V)

ST_9: tmp_data_21 [1/1] 0.00ns
:15  %tmp_data_21 = extractvalue { i8, i1, i1 } %empty_12, 0


 <State 10>: 0.00ns
ST_10: empty_13 [1/1] 0.00ns
:16  %empty_13 = call { i8, i1, i1 } @_ssdm_op_Read.axis.volatile.i8P.i1P.i1P(i8* %i_plaintext_V_data, i1* %i_plaintext_V_user_V, i1* %i_plaintext_V_last_V)

ST_10: tmp_data_22 [1/1] 0.00ns
:17  %tmp_data_22 = extractvalue { i8, i1, i1 } %empty_13, 0


 <State 11>: 0.00ns
ST_11: empty_14 [1/1] 0.00ns
:18  %empty_14 = call { i8, i1, i1 } @_ssdm_op_Read.axis.volatile.i8P.i1P.i1P(i8* %i_plaintext_V_data, i1* %i_plaintext_V_user_V, i1* %i_plaintext_V_last_V)

ST_11: tmp_data_23 [1/1] 0.00ns
:19  %tmp_data_23 = extractvalue { i8, i1, i1 } %empty_14, 0


 <State 12>: 0.00ns
ST_12: empty_15 [1/1] 0.00ns
:20  %empty_15 = call { i8, i1, i1 } @_ssdm_op_Read.axis.volatile.i8P.i1P.i1P(i8* %i_plaintext_V_data, i1* %i_plaintext_V_user_V, i1* %i_plaintext_V_last_V)

ST_12: tmp_data_24 [1/1] 0.00ns
:21  %tmp_data_24 = extractvalue { i8, i1, i1 } %empty_15, 0


 <State 13>: 0.00ns
ST_13: empty_16 [1/1] 0.00ns
:22  %empty_16 = call { i8, i1, i1 } @_ssdm_op_Read.axis.volatile.i8P.i1P.i1P(i8* %i_plaintext_V_data, i1* %i_plaintext_V_user_V, i1* %i_plaintext_V_last_V)

ST_13: tmp_data_25 [1/1] 0.00ns
:23  %tmp_data_25 = extractvalue { i8, i1, i1 } %empty_16, 0


 <State 14>: 0.00ns
ST_14: empty_17 [1/1] 0.00ns
:24  %empty_17 = call { i8, i1, i1 } @_ssdm_op_Read.axis.volatile.i8P.i1P.i1P(i8* %i_plaintext_V_data, i1* %i_plaintext_V_user_V, i1* %i_plaintext_V_last_V)

ST_14: tmp_data_26 [1/1] 0.00ns
:25  %tmp_data_26 = extractvalue { i8, i1, i1 } %empty_17, 0


 <State 15>: 0.00ns
ST_15: empty_18 [1/1] 0.00ns
:26  %empty_18 = call { i8, i1, i1 } @_ssdm_op_Read.axis.volatile.i8P.i1P.i1P(i8* %i_plaintext_V_data, i1* %i_plaintext_V_user_V, i1* %i_plaintext_V_last_V)

ST_15: tmp_data_27 [1/1] 0.00ns
:27  %tmp_data_27 = extractvalue { i8, i1, i1 } %empty_18, 0


 <State 16>: 0.00ns
ST_16: empty_19 [1/1] 0.00ns
:28  %empty_19 = call { i8, i1, i1 } @_ssdm_op_Read.axis.volatile.i8P.i1P.i1P(i8* %i_plaintext_V_data, i1* %i_plaintext_V_user_V, i1* %i_plaintext_V_last_V)

ST_16: tmp_data_28 [1/1] 0.00ns
:29  %tmp_data_28 = extractvalue { i8, i1, i1 } %empty_19, 0


 <State 17>: 0.00ns
ST_17: empty_20 [1/1] 0.00ns
:30  %empty_20 = call { i8, i1, i1 } @_ssdm_op_Read.axis.volatile.i8P.i1P.i1P(i8* %i_plaintext_V_data, i1* %i_plaintext_V_user_V, i1* %i_plaintext_V_last_V)

ST_17: tmp_data_29 [1/1] 0.00ns
:31  %tmp_data_29 = extractvalue { i8, i1, i1 } %empty_20, 0


 <State 18>: 0.00ns
ST_18: empty_21 [1/1] 0.00ns
:32  %empty_21 = call { i8, i1, i1 } @_ssdm_op_Read.axis.volatile.i8P.i1P.i1P(i8* %i_plaintext_V_data, i1* %i_plaintext_V_user_V, i1* %i_plaintext_V_last_V)

ST_18: tmp_data_30 [1/1] 0.00ns
:33  %tmp_data_30 = extractvalue { i8, i1, i1 } %empty_21, 0


 <State 19>: 0.00ns
ST_19: empty_22 [1/1] 0.00ns
:34  %empty_22 = call { i8, i1, i1 } @_ssdm_op_Read.axis.volatile.i8P.i1P.i1P(i8* %i_plaintext_V_data, i1* %i_plaintext_V_user_V, i1* %i_plaintext_V_last_V)

ST_19: tmp_data_31 [1/1] 0.00ns
:35  %tmp_data_31 = extractvalue { i8, i1, i1 } %empty_22, 0

ST_19: call_ret [99/99] 0.00ns
:36  %call_ret = call fastcc { i8, i8, i8, i8, i8, i8, i8, i8, i8, i8, i8, i8, i8, i8, i8, i8 } @single_block_AES_encrypt_aes_cipher(i8 %tmp_data_16, i8 %tmp_data_17, i8 %tmp_data_18, i8 %tmp_data_19, i8 %tmp_data_20, i8 %tmp_data_21, i8 %tmp_data_22, i8 %tmp_data_23, i8 %tmp_data_24, i8 %tmp_data_25, i8 %tmp_data_26, i8 %tmp_data_27, i8 %tmp_data_28, i8 %tmp_data_29, i8 %tmp_data_30, i8 %tmp_data_31, [176 x i8]* %w)


 <State 20>: 12.35ns
ST_20: call_ret [98/99] 12.35ns
:36  %call_ret = call fastcc { i8, i8, i8, i8, i8, i8, i8, i8, i8, i8, i8, i8, i8, i8, i8, i8 } @single_block_AES_encrypt_aes_cipher(i8 %tmp_data_16, i8 %tmp_data_17, i8 %tmp_data_18, i8 %tmp_data_19, i8 %tmp_data_20, i8 %tmp_data_21, i8 %tmp_data_22, i8 %tmp_data_23, i8 %tmp_data_24, i8 %tmp_data_25, i8 %tmp_data_26, i8 %tmp_data_27, i8 %tmp_data_28, i8 %tmp_data_29, i8 %tmp_data_30, i8 %tmp_data_31, [176 x i8]* %w)


 <State 21>: 12.35ns
ST_21: call_ret [97/99] 12.35ns
:36  %call_ret = call fastcc { i8, i8, i8, i8, i8, i8, i8, i8, i8, i8, i8, i8, i8, i8, i8, i8 } @single_block_AES_encrypt_aes_cipher(i8 %tmp_data_16, i8 %tmp_data_17, i8 %tmp_data_18, i8 %tmp_data_19, i8 %tmp_data_20, i8 %tmp_data_21, i8 %tmp_data_22, i8 %tmp_data_23, i8 %tmp_data_24, i8 %tmp_data_25, i8 %tmp_data_26, i8 %tmp_data_27, i8 %tmp_data_28, i8 %tmp_data_29, i8 %tmp_data_30, i8 %tmp_data_31, [176 x i8]* %w)


 <State 22>: 12.35ns
ST_22: call_ret [96/99] 12.35ns
:36  %call_ret = call fastcc { i8, i8, i8, i8, i8, i8, i8, i8, i8, i8, i8, i8, i8, i8, i8, i8 } @single_block_AES_encrypt_aes_cipher(i8 %tmp_data_16, i8 %tmp_data_17, i8 %tmp_data_18, i8 %tmp_data_19, i8 %tmp_data_20, i8 %tmp_data_21, i8 %tmp_data_22, i8 %tmp_data_23, i8 %tmp_data_24, i8 %tmp_data_25, i8 %tmp_data_26, i8 %tmp_data_27, i8 %tmp_data_28, i8 %tmp_data_29, i8 %tmp_data_30, i8 %tmp_data_31, [176 x i8]* %w)


 <State 23>: 12.35ns
ST_23: call_ret [95/99] 12.35ns
:36  %call_ret = call fastcc { i8, i8, i8, i8, i8, i8, i8, i8, i8, i8, i8, i8, i8, i8, i8, i8 } @single_block_AES_encrypt_aes_cipher(i8 %tmp_data_16, i8 %tmp_data_17, i8 %tmp_data_18, i8 %tmp_data_19, i8 %tmp_data_20, i8 %tmp_data_21, i8 %tmp_data_22, i8 %tmp_data_23, i8 %tmp_data_24, i8 %tmp_data_25, i8 %tmp_data_26, i8 %tmp_data_27, i8 %tmp_data_28, i8 %tmp_data_29, i8 %tmp_data_30, i8 %tmp_data_31, [176 x i8]* %w)


 <State 24>: 12.35ns
ST_24: call_ret [94/99] 12.35ns
:36  %call_ret = call fastcc { i8, i8, i8, i8, i8, i8, i8, i8, i8, i8, i8, i8, i8, i8, i8, i8 } @single_block_AES_encrypt_aes_cipher(i8 %tmp_data_16, i8 %tmp_data_17, i8 %tmp_data_18, i8 %tmp_data_19, i8 %tmp_data_20, i8 %tmp_data_21, i8 %tmp_data_22, i8 %tmp_data_23, i8 %tmp_data_24, i8 %tmp_data_25, i8 %tmp_data_26, i8 %tmp_data_27, i8 %tmp_data_28, i8 %tmp_data_29, i8 %tmp_data_30, i8 %tmp_data_31, [176 x i8]* %w)


 <State 25>: 12.35ns
ST_25: call_ret [93/99] 12.35ns
:36  %call_ret = call fastcc { i8, i8, i8, i8, i8, i8, i8, i8, i8, i8, i8, i8, i8, i8, i8, i8 } @single_block_AES_encrypt_aes_cipher(i8 %tmp_data_16, i8 %tmp_data_17, i8 %tmp_data_18, i8 %tmp_data_19, i8 %tmp_data_20, i8 %tmp_data_21, i8 %tmp_data_22, i8 %tmp_data_23, i8 %tmp_data_24, i8 %tmp_data_25, i8 %tmp_data_26, i8 %tmp_data_27, i8 %tmp_data_28, i8 %tmp_data_29, i8 %tmp_data_30, i8 %tmp_data_31, [176 x i8]* %w)


 <State 26>: 12.35ns
ST_26: call_ret [92/99] 12.35ns
:36  %call_ret = call fastcc { i8, i8, i8, i8, i8, i8, i8, i8, i8, i8, i8, i8, i8, i8, i8, i8 } @single_block_AES_encrypt_aes_cipher(i8 %tmp_data_16, i8 %tmp_data_17, i8 %tmp_data_18, i8 %tmp_data_19, i8 %tmp_data_20, i8 %tmp_data_21, i8 %tmp_data_22, i8 %tmp_data_23, i8 %tmp_data_24, i8 %tmp_data_25, i8 %tmp_data_26, i8 %tmp_data_27, i8 %tmp_data_28, i8 %tmp_data_29, i8 %tmp_data_30, i8 %tmp_data_31, [176 x i8]* %w)


 <State 27>: 12.35ns
ST_27: call_ret [91/99] 12.35ns
:36  %call_ret = call fastcc { i8, i8, i8, i8, i8, i8, i8, i8, i8, i8, i8, i8, i8, i8, i8, i8 } @single_block_AES_encrypt_aes_cipher(i8 %tmp_data_16, i8 %tmp_data_17, i8 %tmp_data_18, i8 %tmp_data_19, i8 %tmp_data_20, i8 %tmp_data_21, i8 %tmp_data_22, i8 %tmp_data_23, i8 %tmp_data_24, i8 %tmp_data_25, i8 %tmp_data_26, i8 %tmp_data_27, i8 %tmp_data_28, i8 %tmp_data_29, i8 %tmp_data_30, i8 %tmp_data_31, [176 x i8]* %w)


 <State 28>: 12.35ns
ST_28: call_ret [90/99] 12.35ns
:36  %call_ret = call fastcc { i8, i8, i8, i8, i8, i8, i8, i8, i8, i8, i8, i8, i8, i8, i8, i8 } @single_block_AES_encrypt_aes_cipher(i8 %tmp_data_16, i8 %tmp_data_17, i8 %tmp_data_18, i8 %tmp_data_19, i8 %tmp_data_20, i8 %tmp_data_21, i8 %tmp_data_22, i8 %tmp_data_23, i8 %tmp_data_24, i8 %tmp_data_25, i8 %tmp_data_26, i8 %tmp_data_27, i8 %tmp_data_28, i8 %tmp_data_29, i8 %tmp_data_30, i8 %tmp_data_31, [176 x i8]* %w)


 <State 29>: 12.35ns
ST_29: call_ret [89/99] 12.35ns
:36  %call_ret = call fastcc { i8, i8, i8, i8, i8, i8, i8, i8, i8, i8, i8, i8, i8, i8, i8, i8 } @single_block_AES_encrypt_aes_cipher(i8 %tmp_data_16, i8 %tmp_data_17, i8 %tmp_data_18, i8 %tmp_data_19, i8 %tmp_data_20, i8 %tmp_data_21, i8 %tmp_data_22, i8 %tmp_data_23, i8 %tmp_data_24, i8 %tmp_data_25, i8 %tmp_data_26, i8 %tmp_data_27, i8 %tmp_data_28, i8 %tmp_data_29, i8 %tmp_data_30, i8 %tmp_data_31, [176 x i8]* %w)


 <State 30>: 12.35ns
ST_30: call_ret [88/99] 12.35ns
:36  %call_ret = call fastcc { i8, i8, i8, i8, i8, i8, i8, i8, i8, i8, i8, i8, i8, i8, i8, i8 } @single_block_AES_encrypt_aes_cipher(i8 %tmp_data_16, i8 %tmp_data_17, i8 %tmp_data_18, i8 %tmp_data_19, i8 %tmp_data_20, i8 %tmp_data_21, i8 %tmp_data_22, i8 %tmp_data_23, i8 %tmp_data_24, i8 %tmp_data_25, i8 %tmp_data_26, i8 %tmp_data_27, i8 %tmp_data_28, i8 %tmp_data_29, i8 %tmp_data_30, i8 %tmp_data_31, [176 x i8]* %w)


 <State 31>: 12.35ns
ST_31: call_ret [87/99] 12.35ns
:36  %call_ret = call fastcc { i8, i8, i8, i8, i8, i8, i8, i8, i8, i8, i8, i8, i8, i8, i8, i8 } @single_block_AES_encrypt_aes_cipher(i8 %tmp_data_16, i8 %tmp_data_17, i8 %tmp_data_18, i8 %tmp_data_19, i8 %tmp_data_20, i8 %tmp_data_21, i8 %tmp_data_22, i8 %tmp_data_23, i8 %tmp_data_24, i8 %tmp_data_25, i8 %tmp_data_26, i8 %tmp_data_27, i8 %tmp_data_28, i8 %tmp_data_29, i8 %tmp_data_30, i8 %tmp_data_31, [176 x i8]* %w)


 <State 32>: 12.35ns
ST_32: call_ret [86/99] 12.35ns
:36  %call_ret = call fastcc { i8, i8, i8, i8, i8, i8, i8, i8, i8, i8, i8, i8, i8, i8, i8, i8 } @single_block_AES_encrypt_aes_cipher(i8 %tmp_data_16, i8 %tmp_data_17, i8 %tmp_data_18, i8 %tmp_data_19, i8 %tmp_data_20, i8 %tmp_data_21, i8 %tmp_data_22, i8 %tmp_data_23, i8 %tmp_data_24, i8 %tmp_data_25, i8 %tmp_data_26, i8 %tmp_data_27, i8 %tmp_data_28, i8 %tmp_data_29, i8 %tmp_data_30, i8 %tmp_data_31, [176 x i8]* %w)


 <State 33>: 12.35ns
ST_33: call_ret [85/99] 12.35ns
:36  %call_ret = call fastcc { i8, i8, i8, i8, i8, i8, i8, i8, i8, i8, i8, i8, i8, i8, i8, i8 } @single_block_AES_encrypt_aes_cipher(i8 %tmp_data_16, i8 %tmp_data_17, i8 %tmp_data_18, i8 %tmp_data_19, i8 %tmp_data_20, i8 %tmp_data_21, i8 %tmp_data_22, i8 %tmp_data_23, i8 %tmp_data_24, i8 %tmp_data_25, i8 %tmp_data_26, i8 %tmp_data_27, i8 %tmp_data_28, i8 %tmp_data_29, i8 %tmp_data_30, i8 %tmp_data_31, [176 x i8]* %w)


 <State 34>: 12.35ns
ST_34: call_ret [84/99] 12.35ns
:36  %call_ret = call fastcc { i8, i8, i8, i8, i8, i8, i8, i8, i8, i8, i8, i8, i8, i8, i8, i8 } @single_block_AES_encrypt_aes_cipher(i8 %tmp_data_16, i8 %tmp_data_17, i8 %tmp_data_18, i8 %tmp_data_19, i8 %tmp_data_20, i8 %tmp_data_21, i8 %tmp_data_22, i8 %tmp_data_23, i8 %tmp_data_24, i8 %tmp_data_25, i8 %tmp_data_26, i8 %tmp_data_27, i8 %tmp_data_28, i8 %tmp_data_29, i8 %tmp_data_30, i8 %tmp_data_31, [176 x i8]* %w)


 <State 35>: 12.35ns
ST_35: call_ret [83/99] 12.35ns
:36  %call_ret = call fastcc { i8, i8, i8, i8, i8, i8, i8, i8, i8, i8, i8, i8, i8, i8, i8, i8 } @single_block_AES_encrypt_aes_cipher(i8 %tmp_data_16, i8 %tmp_data_17, i8 %tmp_data_18, i8 %tmp_data_19, i8 %tmp_data_20, i8 %tmp_data_21, i8 %tmp_data_22, i8 %tmp_data_23, i8 %tmp_data_24, i8 %tmp_data_25, i8 %tmp_data_26, i8 %tmp_data_27, i8 %tmp_data_28, i8 %tmp_data_29, i8 %tmp_data_30, i8 %tmp_data_31, [176 x i8]* %w)


 <State 36>: 12.35ns
ST_36: call_ret [82/99] 12.35ns
:36  %call_ret = call fastcc { i8, i8, i8, i8, i8, i8, i8, i8, i8, i8, i8, i8, i8, i8, i8, i8 } @single_block_AES_encrypt_aes_cipher(i8 %tmp_data_16, i8 %tmp_data_17, i8 %tmp_data_18, i8 %tmp_data_19, i8 %tmp_data_20, i8 %tmp_data_21, i8 %tmp_data_22, i8 %tmp_data_23, i8 %tmp_data_24, i8 %tmp_data_25, i8 %tmp_data_26, i8 %tmp_data_27, i8 %tmp_data_28, i8 %tmp_data_29, i8 %tmp_data_30, i8 %tmp_data_31, [176 x i8]* %w)


 <State 37>: 12.35ns
ST_37: call_ret [81/99] 12.35ns
:36  %call_ret = call fastcc { i8, i8, i8, i8, i8, i8, i8, i8, i8, i8, i8, i8, i8, i8, i8, i8 } @single_block_AES_encrypt_aes_cipher(i8 %tmp_data_16, i8 %tmp_data_17, i8 %tmp_data_18, i8 %tmp_data_19, i8 %tmp_data_20, i8 %tmp_data_21, i8 %tmp_data_22, i8 %tmp_data_23, i8 %tmp_data_24, i8 %tmp_data_25, i8 %tmp_data_26, i8 %tmp_data_27, i8 %tmp_data_28, i8 %tmp_data_29, i8 %tmp_data_30, i8 %tmp_data_31, [176 x i8]* %w)


 <State 38>: 12.35ns
ST_38: call_ret [80/99] 12.35ns
:36  %call_ret = call fastcc { i8, i8, i8, i8, i8, i8, i8, i8, i8, i8, i8, i8, i8, i8, i8, i8 } @single_block_AES_encrypt_aes_cipher(i8 %tmp_data_16, i8 %tmp_data_17, i8 %tmp_data_18, i8 %tmp_data_19, i8 %tmp_data_20, i8 %tmp_data_21, i8 %tmp_data_22, i8 %tmp_data_23, i8 %tmp_data_24, i8 %tmp_data_25, i8 %tmp_data_26, i8 %tmp_data_27, i8 %tmp_data_28, i8 %tmp_data_29, i8 %tmp_data_30, i8 %tmp_data_31, [176 x i8]* %w)


 <State 39>: 12.35ns
ST_39: call_ret [79/99] 12.35ns
:36  %call_ret = call fastcc { i8, i8, i8, i8, i8, i8, i8, i8, i8, i8, i8, i8, i8, i8, i8, i8 } @single_block_AES_encrypt_aes_cipher(i8 %tmp_data_16, i8 %tmp_data_17, i8 %tmp_data_18, i8 %tmp_data_19, i8 %tmp_data_20, i8 %tmp_data_21, i8 %tmp_data_22, i8 %tmp_data_23, i8 %tmp_data_24, i8 %tmp_data_25, i8 %tmp_data_26, i8 %tmp_data_27, i8 %tmp_data_28, i8 %tmp_data_29, i8 %tmp_data_30, i8 %tmp_data_31, [176 x i8]* %w)


 <State 40>: 12.35ns
ST_40: call_ret [78/99] 12.35ns
:36  %call_ret = call fastcc { i8, i8, i8, i8, i8, i8, i8, i8, i8, i8, i8, i8, i8, i8, i8, i8 } @single_block_AES_encrypt_aes_cipher(i8 %tmp_data_16, i8 %tmp_data_17, i8 %tmp_data_18, i8 %tmp_data_19, i8 %tmp_data_20, i8 %tmp_data_21, i8 %tmp_data_22, i8 %tmp_data_23, i8 %tmp_data_24, i8 %tmp_data_25, i8 %tmp_data_26, i8 %tmp_data_27, i8 %tmp_data_28, i8 %tmp_data_29, i8 %tmp_data_30, i8 %tmp_data_31, [176 x i8]* %w)


 <State 41>: 12.35ns
ST_41: call_ret [77/99] 12.35ns
:36  %call_ret = call fastcc { i8, i8, i8, i8, i8, i8, i8, i8, i8, i8, i8, i8, i8, i8, i8, i8 } @single_block_AES_encrypt_aes_cipher(i8 %tmp_data_16, i8 %tmp_data_17, i8 %tmp_data_18, i8 %tmp_data_19, i8 %tmp_data_20, i8 %tmp_data_21, i8 %tmp_data_22, i8 %tmp_data_23, i8 %tmp_data_24, i8 %tmp_data_25, i8 %tmp_data_26, i8 %tmp_data_27, i8 %tmp_data_28, i8 %tmp_data_29, i8 %tmp_data_30, i8 %tmp_data_31, [176 x i8]* %w)


 <State 42>: 12.35ns
ST_42: call_ret [76/99] 12.35ns
:36  %call_ret = call fastcc { i8, i8, i8, i8, i8, i8, i8, i8, i8, i8, i8, i8, i8, i8, i8, i8 } @single_block_AES_encrypt_aes_cipher(i8 %tmp_data_16, i8 %tmp_data_17, i8 %tmp_data_18, i8 %tmp_data_19, i8 %tmp_data_20, i8 %tmp_data_21, i8 %tmp_data_22, i8 %tmp_data_23, i8 %tmp_data_24, i8 %tmp_data_25, i8 %tmp_data_26, i8 %tmp_data_27, i8 %tmp_data_28, i8 %tmp_data_29, i8 %tmp_data_30, i8 %tmp_data_31, [176 x i8]* %w)


 <State 43>: 12.35ns
ST_43: call_ret [75/99] 12.35ns
:36  %call_ret = call fastcc { i8, i8, i8, i8, i8, i8, i8, i8, i8, i8, i8, i8, i8, i8, i8, i8 } @single_block_AES_encrypt_aes_cipher(i8 %tmp_data_16, i8 %tmp_data_17, i8 %tmp_data_18, i8 %tmp_data_19, i8 %tmp_data_20, i8 %tmp_data_21, i8 %tmp_data_22, i8 %tmp_data_23, i8 %tmp_data_24, i8 %tmp_data_25, i8 %tmp_data_26, i8 %tmp_data_27, i8 %tmp_data_28, i8 %tmp_data_29, i8 %tmp_data_30, i8 %tmp_data_31, [176 x i8]* %w)


 <State 44>: 12.35ns
ST_44: call_ret [74/99] 12.35ns
:36  %call_ret = call fastcc { i8, i8, i8, i8, i8, i8, i8, i8, i8, i8, i8, i8, i8, i8, i8, i8 } @single_block_AES_encrypt_aes_cipher(i8 %tmp_data_16, i8 %tmp_data_17, i8 %tmp_data_18, i8 %tmp_data_19, i8 %tmp_data_20, i8 %tmp_data_21, i8 %tmp_data_22, i8 %tmp_data_23, i8 %tmp_data_24, i8 %tmp_data_25, i8 %tmp_data_26, i8 %tmp_data_27, i8 %tmp_data_28, i8 %tmp_data_29, i8 %tmp_data_30, i8 %tmp_data_31, [176 x i8]* %w)


 <State 45>: 12.35ns
ST_45: call_ret [73/99] 12.35ns
:36  %call_ret = call fastcc { i8, i8, i8, i8, i8, i8, i8, i8, i8, i8, i8, i8, i8, i8, i8, i8 } @single_block_AES_encrypt_aes_cipher(i8 %tmp_data_16, i8 %tmp_data_17, i8 %tmp_data_18, i8 %tmp_data_19, i8 %tmp_data_20, i8 %tmp_data_21, i8 %tmp_data_22, i8 %tmp_data_23, i8 %tmp_data_24, i8 %tmp_data_25, i8 %tmp_data_26, i8 %tmp_data_27, i8 %tmp_data_28, i8 %tmp_data_29, i8 %tmp_data_30, i8 %tmp_data_31, [176 x i8]* %w)


 <State 46>: 12.35ns
ST_46: call_ret [72/99] 12.35ns
:36  %call_ret = call fastcc { i8, i8, i8, i8, i8, i8, i8, i8, i8, i8, i8, i8, i8, i8, i8, i8 } @single_block_AES_encrypt_aes_cipher(i8 %tmp_data_16, i8 %tmp_data_17, i8 %tmp_data_18, i8 %tmp_data_19, i8 %tmp_data_20, i8 %tmp_data_21, i8 %tmp_data_22, i8 %tmp_data_23, i8 %tmp_data_24, i8 %tmp_data_25, i8 %tmp_data_26, i8 %tmp_data_27, i8 %tmp_data_28, i8 %tmp_data_29, i8 %tmp_data_30, i8 %tmp_data_31, [176 x i8]* %w)


 <State 47>: 12.35ns
ST_47: call_ret [71/99] 12.35ns
:36  %call_ret = call fastcc { i8, i8, i8, i8, i8, i8, i8, i8, i8, i8, i8, i8, i8, i8, i8, i8 } @single_block_AES_encrypt_aes_cipher(i8 %tmp_data_16, i8 %tmp_data_17, i8 %tmp_data_18, i8 %tmp_data_19, i8 %tmp_data_20, i8 %tmp_data_21, i8 %tmp_data_22, i8 %tmp_data_23, i8 %tmp_data_24, i8 %tmp_data_25, i8 %tmp_data_26, i8 %tmp_data_27, i8 %tmp_data_28, i8 %tmp_data_29, i8 %tmp_data_30, i8 %tmp_data_31, [176 x i8]* %w)


 <State 48>: 12.35ns
ST_48: call_ret [70/99] 12.35ns
:36  %call_ret = call fastcc { i8, i8, i8, i8, i8, i8, i8, i8, i8, i8, i8, i8, i8, i8, i8, i8 } @single_block_AES_encrypt_aes_cipher(i8 %tmp_data_16, i8 %tmp_data_17, i8 %tmp_data_18, i8 %tmp_data_19, i8 %tmp_data_20, i8 %tmp_data_21, i8 %tmp_data_22, i8 %tmp_data_23, i8 %tmp_data_24, i8 %tmp_data_25, i8 %tmp_data_26, i8 %tmp_data_27, i8 %tmp_data_28, i8 %tmp_data_29, i8 %tmp_data_30, i8 %tmp_data_31, [176 x i8]* %w)


 <State 49>: 12.35ns
ST_49: call_ret [69/99] 12.35ns
:36  %call_ret = call fastcc { i8, i8, i8, i8, i8, i8, i8, i8, i8, i8, i8, i8, i8, i8, i8, i8 } @single_block_AES_encrypt_aes_cipher(i8 %tmp_data_16, i8 %tmp_data_17, i8 %tmp_data_18, i8 %tmp_data_19, i8 %tmp_data_20, i8 %tmp_data_21, i8 %tmp_data_22, i8 %tmp_data_23, i8 %tmp_data_24, i8 %tmp_data_25, i8 %tmp_data_26, i8 %tmp_data_27, i8 %tmp_data_28, i8 %tmp_data_29, i8 %tmp_data_30, i8 %tmp_data_31, [176 x i8]* %w)


 <State 50>: 12.35ns
ST_50: call_ret [68/99] 12.35ns
:36  %call_ret = call fastcc { i8, i8, i8, i8, i8, i8, i8, i8, i8, i8, i8, i8, i8, i8, i8, i8 } @single_block_AES_encrypt_aes_cipher(i8 %tmp_data_16, i8 %tmp_data_17, i8 %tmp_data_18, i8 %tmp_data_19, i8 %tmp_data_20, i8 %tmp_data_21, i8 %tmp_data_22, i8 %tmp_data_23, i8 %tmp_data_24, i8 %tmp_data_25, i8 %tmp_data_26, i8 %tmp_data_27, i8 %tmp_data_28, i8 %tmp_data_29, i8 %tmp_data_30, i8 %tmp_data_31, [176 x i8]* %w)


 <State 51>: 12.35ns
ST_51: call_ret [67/99] 12.35ns
:36  %call_ret = call fastcc { i8, i8, i8, i8, i8, i8, i8, i8, i8, i8, i8, i8, i8, i8, i8, i8 } @single_block_AES_encrypt_aes_cipher(i8 %tmp_data_16, i8 %tmp_data_17, i8 %tmp_data_18, i8 %tmp_data_19, i8 %tmp_data_20, i8 %tmp_data_21, i8 %tmp_data_22, i8 %tmp_data_23, i8 %tmp_data_24, i8 %tmp_data_25, i8 %tmp_data_26, i8 %tmp_data_27, i8 %tmp_data_28, i8 %tmp_data_29, i8 %tmp_data_30, i8 %tmp_data_31, [176 x i8]* %w)


 <State 52>: 12.35ns
ST_52: call_ret [66/99] 12.35ns
:36  %call_ret = call fastcc { i8, i8, i8, i8, i8, i8, i8, i8, i8, i8, i8, i8, i8, i8, i8, i8 } @single_block_AES_encrypt_aes_cipher(i8 %tmp_data_16, i8 %tmp_data_17, i8 %tmp_data_18, i8 %tmp_data_19, i8 %tmp_data_20, i8 %tmp_data_21, i8 %tmp_data_22, i8 %tmp_data_23, i8 %tmp_data_24, i8 %tmp_data_25, i8 %tmp_data_26, i8 %tmp_data_27, i8 %tmp_data_28, i8 %tmp_data_29, i8 %tmp_data_30, i8 %tmp_data_31, [176 x i8]* %w)


 <State 53>: 12.35ns
ST_53: call_ret [65/99] 12.35ns
:36  %call_ret = call fastcc { i8, i8, i8, i8, i8, i8, i8, i8, i8, i8, i8, i8, i8, i8, i8, i8 } @single_block_AES_encrypt_aes_cipher(i8 %tmp_data_16, i8 %tmp_data_17, i8 %tmp_data_18, i8 %tmp_data_19, i8 %tmp_data_20, i8 %tmp_data_21, i8 %tmp_data_22, i8 %tmp_data_23, i8 %tmp_data_24, i8 %tmp_data_25, i8 %tmp_data_26, i8 %tmp_data_27, i8 %tmp_data_28, i8 %tmp_data_29, i8 %tmp_data_30, i8 %tmp_data_31, [176 x i8]* %w)


 <State 54>: 12.35ns
ST_54: call_ret [64/99] 12.35ns
:36  %call_ret = call fastcc { i8, i8, i8, i8, i8, i8, i8, i8, i8, i8, i8, i8, i8, i8, i8, i8 } @single_block_AES_encrypt_aes_cipher(i8 %tmp_data_16, i8 %tmp_data_17, i8 %tmp_data_18, i8 %tmp_data_19, i8 %tmp_data_20, i8 %tmp_data_21, i8 %tmp_data_22, i8 %tmp_data_23, i8 %tmp_data_24, i8 %tmp_data_25, i8 %tmp_data_26, i8 %tmp_data_27, i8 %tmp_data_28, i8 %tmp_data_29, i8 %tmp_data_30, i8 %tmp_data_31, [176 x i8]* %w)


 <State 55>: 12.35ns
ST_55: call_ret [63/99] 12.35ns
:36  %call_ret = call fastcc { i8, i8, i8, i8, i8, i8, i8, i8, i8, i8, i8, i8, i8, i8, i8, i8 } @single_block_AES_encrypt_aes_cipher(i8 %tmp_data_16, i8 %tmp_data_17, i8 %tmp_data_18, i8 %tmp_data_19, i8 %tmp_data_20, i8 %tmp_data_21, i8 %tmp_data_22, i8 %tmp_data_23, i8 %tmp_data_24, i8 %tmp_data_25, i8 %tmp_data_26, i8 %tmp_data_27, i8 %tmp_data_28, i8 %tmp_data_29, i8 %tmp_data_30, i8 %tmp_data_31, [176 x i8]* %w)


 <State 56>: 12.35ns
ST_56: call_ret [62/99] 12.35ns
:36  %call_ret = call fastcc { i8, i8, i8, i8, i8, i8, i8, i8, i8, i8, i8, i8, i8, i8, i8, i8 } @single_block_AES_encrypt_aes_cipher(i8 %tmp_data_16, i8 %tmp_data_17, i8 %tmp_data_18, i8 %tmp_data_19, i8 %tmp_data_20, i8 %tmp_data_21, i8 %tmp_data_22, i8 %tmp_data_23, i8 %tmp_data_24, i8 %tmp_data_25, i8 %tmp_data_26, i8 %tmp_data_27, i8 %tmp_data_28, i8 %tmp_data_29, i8 %tmp_data_30, i8 %tmp_data_31, [176 x i8]* %w)


 <State 57>: 12.35ns
ST_57: call_ret [61/99] 12.35ns
:36  %call_ret = call fastcc { i8, i8, i8, i8, i8, i8, i8, i8, i8, i8, i8, i8, i8, i8, i8, i8 } @single_block_AES_encrypt_aes_cipher(i8 %tmp_data_16, i8 %tmp_data_17, i8 %tmp_data_18, i8 %tmp_data_19, i8 %tmp_data_20, i8 %tmp_data_21, i8 %tmp_data_22, i8 %tmp_data_23, i8 %tmp_data_24, i8 %tmp_data_25, i8 %tmp_data_26, i8 %tmp_data_27, i8 %tmp_data_28, i8 %tmp_data_29, i8 %tmp_data_30, i8 %tmp_data_31, [176 x i8]* %w)


 <State 58>: 12.35ns
ST_58: call_ret [60/99] 12.35ns
:36  %call_ret = call fastcc { i8, i8, i8, i8, i8, i8, i8, i8, i8, i8, i8, i8, i8, i8, i8, i8 } @single_block_AES_encrypt_aes_cipher(i8 %tmp_data_16, i8 %tmp_data_17, i8 %tmp_data_18, i8 %tmp_data_19, i8 %tmp_data_20, i8 %tmp_data_21, i8 %tmp_data_22, i8 %tmp_data_23, i8 %tmp_data_24, i8 %tmp_data_25, i8 %tmp_data_26, i8 %tmp_data_27, i8 %tmp_data_28, i8 %tmp_data_29, i8 %tmp_data_30, i8 %tmp_data_31, [176 x i8]* %w)


 <State 59>: 12.35ns
ST_59: call_ret [59/99] 12.35ns
:36  %call_ret = call fastcc { i8, i8, i8, i8, i8, i8, i8, i8, i8, i8, i8, i8, i8, i8, i8, i8 } @single_block_AES_encrypt_aes_cipher(i8 %tmp_data_16, i8 %tmp_data_17, i8 %tmp_data_18, i8 %tmp_data_19, i8 %tmp_data_20, i8 %tmp_data_21, i8 %tmp_data_22, i8 %tmp_data_23, i8 %tmp_data_24, i8 %tmp_data_25, i8 %tmp_data_26, i8 %tmp_data_27, i8 %tmp_data_28, i8 %tmp_data_29, i8 %tmp_data_30, i8 %tmp_data_31, [176 x i8]* %w)


 <State 60>: 12.35ns
ST_60: call_ret [58/99] 12.35ns
:36  %call_ret = call fastcc { i8, i8, i8, i8, i8, i8, i8, i8, i8, i8, i8, i8, i8, i8, i8, i8 } @single_block_AES_encrypt_aes_cipher(i8 %tmp_data_16, i8 %tmp_data_17, i8 %tmp_data_18, i8 %tmp_data_19, i8 %tmp_data_20, i8 %tmp_data_21, i8 %tmp_data_22, i8 %tmp_data_23, i8 %tmp_data_24, i8 %tmp_data_25, i8 %tmp_data_26, i8 %tmp_data_27, i8 %tmp_data_28, i8 %tmp_data_29, i8 %tmp_data_30, i8 %tmp_data_31, [176 x i8]* %w)


 <State 61>: 12.35ns
ST_61: call_ret [57/99] 12.35ns
:36  %call_ret = call fastcc { i8, i8, i8, i8, i8, i8, i8, i8, i8, i8, i8, i8, i8, i8, i8, i8 } @single_block_AES_encrypt_aes_cipher(i8 %tmp_data_16, i8 %tmp_data_17, i8 %tmp_data_18, i8 %tmp_data_19, i8 %tmp_data_20, i8 %tmp_data_21, i8 %tmp_data_22, i8 %tmp_data_23, i8 %tmp_data_24, i8 %tmp_data_25, i8 %tmp_data_26, i8 %tmp_data_27, i8 %tmp_data_28, i8 %tmp_data_29, i8 %tmp_data_30, i8 %tmp_data_31, [176 x i8]* %w)


 <State 62>: 12.35ns
ST_62: call_ret [56/99] 12.35ns
:36  %call_ret = call fastcc { i8, i8, i8, i8, i8, i8, i8, i8, i8, i8, i8, i8, i8, i8, i8, i8 } @single_block_AES_encrypt_aes_cipher(i8 %tmp_data_16, i8 %tmp_data_17, i8 %tmp_data_18, i8 %tmp_data_19, i8 %tmp_data_20, i8 %tmp_data_21, i8 %tmp_data_22, i8 %tmp_data_23, i8 %tmp_data_24, i8 %tmp_data_25, i8 %tmp_data_26, i8 %tmp_data_27, i8 %tmp_data_28, i8 %tmp_data_29, i8 %tmp_data_30, i8 %tmp_data_31, [176 x i8]* %w)


 <State 63>: 12.35ns
ST_63: call_ret [55/99] 12.35ns
:36  %call_ret = call fastcc { i8, i8, i8, i8, i8, i8, i8, i8, i8, i8, i8, i8, i8, i8, i8, i8 } @single_block_AES_encrypt_aes_cipher(i8 %tmp_data_16, i8 %tmp_data_17, i8 %tmp_data_18, i8 %tmp_data_19, i8 %tmp_data_20, i8 %tmp_data_21, i8 %tmp_data_22, i8 %tmp_data_23, i8 %tmp_data_24, i8 %tmp_data_25, i8 %tmp_data_26, i8 %tmp_data_27, i8 %tmp_data_28, i8 %tmp_data_29, i8 %tmp_data_30, i8 %tmp_data_31, [176 x i8]* %w)


 <State 64>: 12.35ns
ST_64: call_ret [54/99] 12.35ns
:36  %call_ret = call fastcc { i8, i8, i8, i8, i8, i8, i8, i8, i8, i8, i8, i8, i8, i8, i8, i8 } @single_block_AES_encrypt_aes_cipher(i8 %tmp_data_16, i8 %tmp_data_17, i8 %tmp_data_18, i8 %tmp_data_19, i8 %tmp_data_20, i8 %tmp_data_21, i8 %tmp_data_22, i8 %tmp_data_23, i8 %tmp_data_24, i8 %tmp_data_25, i8 %tmp_data_26, i8 %tmp_data_27, i8 %tmp_data_28, i8 %tmp_data_29, i8 %tmp_data_30, i8 %tmp_data_31, [176 x i8]* %w)


 <State 65>: 12.35ns
ST_65: call_ret [53/99] 12.35ns
:36  %call_ret = call fastcc { i8, i8, i8, i8, i8, i8, i8, i8, i8, i8, i8, i8, i8, i8, i8, i8 } @single_block_AES_encrypt_aes_cipher(i8 %tmp_data_16, i8 %tmp_data_17, i8 %tmp_data_18, i8 %tmp_data_19, i8 %tmp_data_20, i8 %tmp_data_21, i8 %tmp_data_22, i8 %tmp_data_23, i8 %tmp_data_24, i8 %tmp_data_25, i8 %tmp_data_26, i8 %tmp_data_27, i8 %tmp_data_28, i8 %tmp_data_29, i8 %tmp_data_30, i8 %tmp_data_31, [176 x i8]* %w)


 <State 66>: 12.35ns
ST_66: call_ret [52/99] 12.35ns
:36  %call_ret = call fastcc { i8, i8, i8, i8, i8, i8, i8, i8, i8, i8, i8, i8, i8, i8, i8, i8 } @single_block_AES_encrypt_aes_cipher(i8 %tmp_data_16, i8 %tmp_data_17, i8 %tmp_data_18, i8 %tmp_data_19, i8 %tmp_data_20, i8 %tmp_data_21, i8 %tmp_data_22, i8 %tmp_data_23, i8 %tmp_data_24, i8 %tmp_data_25, i8 %tmp_data_26, i8 %tmp_data_27, i8 %tmp_data_28, i8 %tmp_data_29, i8 %tmp_data_30, i8 %tmp_data_31, [176 x i8]* %w)


 <State 67>: 12.35ns
ST_67: call_ret [51/99] 12.35ns
:36  %call_ret = call fastcc { i8, i8, i8, i8, i8, i8, i8, i8, i8, i8, i8, i8, i8, i8, i8, i8 } @single_block_AES_encrypt_aes_cipher(i8 %tmp_data_16, i8 %tmp_data_17, i8 %tmp_data_18, i8 %tmp_data_19, i8 %tmp_data_20, i8 %tmp_data_21, i8 %tmp_data_22, i8 %tmp_data_23, i8 %tmp_data_24, i8 %tmp_data_25, i8 %tmp_data_26, i8 %tmp_data_27, i8 %tmp_data_28, i8 %tmp_data_29, i8 %tmp_data_30, i8 %tmp_data_31, [176 x i8]* %w)


 <State 68>: 12.35ns
ST_68: call_ret [50/99] 12.35ns
:36  %call_ret = call fastcc { i8, i8, i8, i8, i8, i8, i8, i8, i8, i8, i8, i8, i8, i8, i8, i8 } @single_block_AES_encrypt_aes_cipher(i8 %tmp_data_16, i8 %tmp_data_17, i8 %tmp_data_18, i8 %tmp_data_19, i8 %tmp_data_20, i8 %tmp_data_21, i8 %tmp_data_22, i8 %tmp_data_23, i8 %tmp_data_24, i8 %tmp_data_25, i8 %tmp_data_26, i8 %tmp_data_27, i8 %tmp_data_28, i8 %tmp_data_29, i8 %tmp_data_30, i8 %tmp_data_31, [176 x i8]* %w)


 <State 69>: 12.35ns
ST_69: call_ret [49/99] 12.35ns
:36  %call_ret = call fastcc { i8, i8, i8, i8, i8, i8, i8, i8, i8, i8, i8, i8, i8, i8, i8, i8 } @single_block_AES_encrypt_aes_cipher(i8 %tmp_data_16, i8 %tmp_data_17, i8 %tmp_data_18, i8 %tmp_data_19, i8 %tmp_data_20, i8 %tmp_data_21, i8 %tmp_data_22, i8 %tmp_data_23, i8 %tmp_data_24, i8 %tmp_data_25, i8 %tmp_data_26, i8 %tmp_data_27, i8 %tmp_data_28, i8 %tmp_data_29, i8 %tmp_data_30, i8 %tmp_data_31, [176 x i8]* %w)


 <State 70>: 12.35ns
ST_70: call_ret [48/99] 12.35ns
:36  %call_ret = call fastcc { i8, i8, i8, i8, i8, i8, i8, i8, i8, i8, i8, i8, i8, i8, i8, i8 } @single_block_AES_encrypt_aes_cipher(i8 %tmp_data_16, i8 %tmp_data_17, i8 %tmp_data_18, i8 %tmp_data_19, i8 %tmp_data_20, i8 %tmp_data_21, i8 %tmp_data_22, i8 %tmp_data_23, i8 %tmp_data_24, i8 %tmp_data_25, i8 %tmp_data_26, i8 %tmp_data_27, i8 %tmp_data_28, i8 %tmp_data_29, i8 %tmp_data_30, i8 %tmp_data_31, [176 x i8]* %w)


 <State 71>: 12.35ns
ST_71: call_ret [47/99] 12.35ns
:36  %call_ret = call fastcc { i8, i8, i8, i8, i8, i8, i8, i8, i8, i8, i8, i8, i8, i8, i8, i8 } @single_block_AES_encrypt_aes_cipher(i8 %tmp_data_16, i8 %tmp_data_17, i8 %tmp_data_18, i8 %tmp_data_19, i8 %tmp_data_20, i8 %tmp_data_21, i8 %tmp_data_22, i8 %tmp_data_23, i8 %tmp_data_24, i8 %tmp_data_25, i8 %tmp_data_26, i8 %tmp_data_27, i8 %tmp_data_28, i8 %tmp_data_29, i8 %tmp_data_30, i8 %tmp_data_31, [176 x i8]* %w)


 <State 72>: 12.35ns
ST_72: call_ret [46/99] 12.35ns
:36  %call_ret = call fastcc { i8, i8, i8, i8, i8, i8, i8, i8, i8, i8, i8, i8, i8, i8, i8, i8 } @single_block_AES_encrypt_aes_cipher(i8 %tmp_data_16, i8 %tmp_data_17, i8 %tmp_data_18, i8 %tmp_data_19, i8 %tmp_data_20, i8 %tmp_data_21, i8 %tmp_data_22, i8 %tmp_data_23, i8 %tmp_data_24, i8 %tmp_data_25, i8 %tmp_data_26, i8 %tmp_data_27, i8 %tmp_data_28, i8 %tmp_data_29, i8 %tmp_data_30, i8 %tmp_data_31, [176 x i8]* %w)


 <State 73>: 12.35ns
ST_73: call_ret [45/99] 12.35ns
:36  %call_ret = call fastcc { i8, i8, i8, i8, i8, i8, i8, i8, i8, i8, i8, i8, i8, i8, i8, i8 } @single_block_AES_encrypt_aes_cipher(i8 %tmp_data_16, i8 %tmp_data_17, i8 %tmp_data_18, i8 %tmp_data_19, i8 %tmp_data_20, i8 %tmp_data_21, i8 %tmp_data_22, i8 %tmp_data_23, i8 %tmp_data_24, i8 %tmp_data_25, i8 %tmp_data_26, i8 %tmp_data_27, i8 %tmp_data_28, i8 %tmp_data_29, i8 %tmp_data_30, i8 %tmp_data_31, [176 x i8]* %w)


 <State 74>: 12.35ns
ST_74: call_ret [44/99] 12.35ns
:36  %call_ret = call fastcc { i8, i8, i8, i8, i8, i8, i8, i8, i8, i8, i8, i8, i8, i8, i8, i8 } @single_block_AES_encrypt_aes_cipher(i8 %tmp_data_16, i8 %tmp_data_17, i8 %tmp_data_18, i8 %tmp_data_19, i8 %tmp_data_20, i8 %tmp_data_21, i8 %tmp_data_22, i8 %tmp_data_23, i8 %tmp_data_24, i8 %tmp_data_25, i8 %tmp_data_26, i8 %tmp_data_27, i8 %tmp_data_28, i8 %tmp_data_29, i8 %tmp_data_30, i8 %tmp_data_31, [176 x i8]* %w)


 <State 75>: 12.35ns
ST_75: call_ret [43/99] 12.35ns
:36  %call_ret = call fastcc { i8, i8, i8, i8, i8, i8, i8, i8, i8, i8, i8, i8, i8, i8, i8, i8 } @single_block_AES_encrypt_aes_cipher(i8 %tmp_data_16, i8 %tmp_data_17, i8 %tmp_data_18, i8 %tmp_data_19, i8 %tmp_data_20, i8 %tmp_data_21, i8 %tmp_data_22, i8 %tmp_data_23, i8 %tmp_data_24, i8 %tmp_data_25, i8 %tmp_data_26, i8 %tmp_data_27, i8 %tmp_data_28, i8 %tmp_data_29, i8 %tmp_data_30, i8 %tmp_data_31, [176 x i8]* %w)


 <State 76>: 12.35ns
ST_76: call_ret [42/99] 12.35ns
:36  %call_ret = call fastcc { i8, i8, i8, i8, i8, i8, i8, i8, i8, i8, i8, i8, i8, i8, i8, i8 } @single_block_AES_encrypt_aes_cipher(i8 %tmp_data_16, i8 %tmp_data_17, i8 %tmp_data_18, i8 %tmp_data_19, i8 %tmp_data_20, i8 %tmp_data_21, i8 %tmp_data_22, i8 %tmp_data_23, i8 %tmp_data_24, i8 %tmp_data_25, i8 %tmp_data_26, i8 %tmp_data_27, i8 %tmp_data_28, i8 %tmp_data_29, i8 %tmp_data_30, i8 %tmp_data_31, [176 x i8]* %w)


 <State 77>: 12.35ns
ST_77: call_ret [41/99] 12.35ns
:36  %call_ret = call fastcc { i8, i8, i8, i8, i8, i8, i8, i8, i8, i8, i8, i8, i8, i8, i8, i8 } @single_block_AES_encrypt_aes_cipher(i8 %tmp_data_16, i8 %tmp_data_17, i8 %tmp_data_18, i8 %tmp_data_19, i8 %tmp_data_20, i8 %tmp_data_21, i8 %tmp_data_22, i8 %tmp_data_23, i8 %tmp_data_24, i8 %tmp_data_25, i8 %tmp_data_26, i8 %tmp_data_27, i8 %tmp_data_28, i8 %tmp_data_29, i8 %tmp_data_30, i8 %tmp_data_31, [176 x i8]* %w)


 <State 78>: 12.35ns
ST_78: call_ret [40/99] 12.35ns
:36  %call_ret = call fastcc { i8, i8, i8, i8, i8, i8, i8, i8, i8, i8, i8, i8, i8, i8, i8, i8 } @single_block_AES_encrypt_aes_cipher(i8 %tmp_data_16, i8 %tmp_data_17, i8 %tmp_data_18, i8 %tmp_data_19, i8 %tmp_data_20, i8 %tmp_data_21, i8 %tmp_data_22, i8 %tmp_data_23, i8 %tmp_data_24, i8 %tmp_data_25, i8 %tmp_data_26, i8 %tmp_data_27, i8 %tmp_data_28, i8 %tmp_data_29, i8 %tmp_data_30, i8 %tmp_data_31, [176 x i8]* %w)


 <State 79>: 12.35ns
ST_79: call_ret [39/99] 12.35ns
:36  %call_ret = call fastcc { i8, i8, i8, i8, i8, i8, i8, i8, i8, i8, i8, i8, i8, i8, i8, i8 } @single_block_AES_encrypt_aes_cipher(i8 %tmp_data_16, i8 %tmp_data_17, i8 %tmp_data_18, i8 %tmp_data_19, i8 %tmp_data_20, i8 %tmp_data_21, i8 %tmp_data_22, i8 %tmp_data_23, i8 %tmp_data_24, i8 %tmp_data_25, i8 %tmp_data_26, i8 %tmp_data_27, i8 %tmp_data_28, i8 %tmp_data_29, i8 %tmp_data_30, i8 %tmp_data_31, [176 x i8]* %w)


 <State 80>: 12.35ns
ST_80: call_ret [38/99] 12.35ns
:36  %call_ret = call fastcc { i8, i8, i8, i8, i8, i8, i8, i8, i8, i8, i8, i8, i8, i8, i8, i8 } @single_block_AES_encrypt_aes_cipher(i8 %tmp_data_16, i8 %tmp_data_17, i8 %tmp_data_18, i8 %tmp_data_19, i8 %tmp_data_20, i8 %tmp_data_21, i8 %tmp_data_22, i8 %tmp_data_23, i8 %tmp_data_24, i8 %tmp_data_25, i8 %tmp_data_26, i8 %tmp_data_27, i8 %tmp_data_28, i8 %tmp_data_29, i8 %tmp_data_30, i8 %tmp_data_31, [176 x i8]* %w)


 <State 81>: 12.35ns
ST_81: call_ret [37/99] 12.35ns
:36  %call_ret = call fastcc { i8, i8, i8, i8, i8, i8, i8, i8, i8, i8, i8, i8, i8, i8, i8, i8 } @single_block_AES_encrypt_aes_cipher(i8 %tmp_data_16, i8 %tmp_data_17, i8 %tmp_data_18, i8 %tmp_data_19, i8 %tmp_data_20, i8 %tmp_data_21, i8 %tmp_data_22, i8 %tmp_data_23, i8 %tmp_data_24, i8 %tmp_data_25, i8 %tmp_data_26, i8 %tmp_data_27, i8 %tmp_data_28, i8 %tmp_data_29, i8 %tmp_data_30, i8 %tmp_data_31, [176 x i8]* %w)


 <State 82>: 12.35ns
ST_82: call_ret [36/99] 12.35ns
:36  %call_ret = call fastcc { i8, i8, i8, i8, i8, i8, i8, i8, i8, i8, i8, i8, i8, i8, i8, i8 } @single_block_AES_encrypt_aes_cipher(i8 %tmp_data_16, i8 %tmp_data_17, i8 %tmp_data_18, i8 %tmp_data_19, i8 %tmp_data_20, i8 %tmp_data_21, i8 %tmp_data_22, i8 %tmp_data_23, i8 %tmp_data_24, i8 %tmp_data_25, i8 %tmp_data_26, i8 %tmp_data_27, i8 %tmp_data_28, i8 %tmp_data_29, i8 %tmp_data_30, i8 %tmp_data_31, [176 x i8]* %w)


 <State 83>: 12.35ns
ST_83: call_ret [35/99] 12.35ns
:36  %call_ret = call fastcc { i8, i8, i8, i8, i8, i8, i8, i8, i8, i8, i8, i8, i8, i8, i8, i8 } @single_block_AES_encrypt_aes_cipher(i8 %tmp_data_16, i8 %tmp_data_17, i8 %tmp_data_18, i8 %tmp_data_19, i8 %tmp_data_20, i8 %tmp_data_21, i8 %tmp_data_22, i8 %tmp_data_23, i8 %tmp_data_24, i8 %tmp_data_25, i8 %tmp_data_26, i8 %tmp_data_27, i8 %tmp_data_28, i8 %tmp_data_29, i8 %tmp_data_30, i8 %tmp_data_31, [176 x i8]* %w)


 <State 84>: 12.35ns
ST_84: call_ret [34/99] 12.35ns
:36  %call_ret = call fastcc { i8, i8, i8, i8, i8, i8, i8, i8, i8, i8, i8, i8, i8, i8, i8, i8 } @single_block_AES_encrypt_aes_cipher(i8 %tmp_data_16, i8 %tmp_data_17, i8 %tmp_data_18, i8 %tmp_data_19, i8 %tmp_data_20, i8 %tmp_data_21, i8 %tmp_data_22, i8 %tmp_data_23, i8 %tmp_data_24, i8 %tmp_data_25, i8 %tmp_data_26, i8 %tmp_data_27, i8 %tmp_data_28, i8 %tmp_data_29, i8 %tmp_data_30, i8 %tmp_data_31, [176 x i8]* %w)


 <State 85>: 12.35ns
ST_85: call_ret [33/99] 12.35ns
:36  %call_ret = call fastcc { i8, i8, i8, i8, i8, i8, i8, i8, i8, i8, i8, i8, i8, i8, i8, i8 } @single_block_AES_encrypt_aes_cipher(i8 %tmp_data_16, i8 %tmp_data_17, i8 %tmp_data_18, i8 %tmp_data_19, i8 %tmp_data_20, i8 %tmp_data_21, i8 %tmp_data_22, i8 %tmp_data_23, i8 %tmp_data_24, i8 %tmp_data_25, i8 %tmp_data_26, i8 %tmp_data_27, i8 %tmp_data_28, i8 %tmp_data_29, i8 %tmp_data_30, i8 %tmp_data_31, [176 x i8]* %w)


 <State 86>: 12.35ns
ST_86: call_ret [32/99] 12.35ns
:36  %call_ret = call fastcc { i8, i8, i8, i8, i8, i8, i8, i8, i8, i8, i8, i8, i8, i8, i8, i8 } @single_block_AES_encrypt_aes_cipher(i8 %tmp_data_16, i8 %tmp_data_17, i8 %tmp_data_18, i8 %tmp_data_19, i8 %tmp_data_20, i8 %tmp_data_21, i8 %tmp_data_22, i8 %tmp_data_23, i8 %tmp_data_24, i8 %tmp_data_25, i8 %tmp_data_26, i8 %tmp_data_27, i8 %tmp_data_28, i8 %tmp_data_29, i8 %tmp_data_30, i8 %tmp_data_31, [176 x i8]* %w)


 <State 87>: 12.35ns
ST_87: call_ret [31/99] 12.35ns
:36  %call_ret = call fastcc { i8, i8, i8, i8, i8, i8, i8, i8, i8, i8, i8, i8, i8, i8, i8, i8 } @single_block_AES_encrypt_aes_cipher(i8 %tmp_data_16, i8 %tmp_data_17, i8 %tmp_data_18, i8 %tmp_data_19, i8 %tmp_data_20, i8 %tmp_data_21, i8 %tmp_data_22, i8 %tmp_data_23, i8 %tmp_data_24, i8 %tmp_data_25, i8 %tmp_data_26, i8 %tmp_data_27, i8 %tmp_data_28, i8 %tmp_data_29, i8 %tmp_data_30, i8 %tmp_data_31, [176 x i8]* %w)


 <State 88>: 12.35ns
ST_88: call_ret [30/99] 12.35ns
:36  %call_ret = call fastcc { i8, i8, i8, i8, i8, i8, i8, i8, i8, i8, i8, i8, i8, i8, i8, i8 } @single_block_AES_encrypt_aes_cipher(i8 %tmp_data_16, i8 %tmp_data_17, i8 %tmp_data_18, i8 %tmp_data_19, i8 %tmp_data_20, i8 %tmp_data_21, i8 %tmp_data_22, i8 %tmp_data_23, i8 %tmp_data_24, i8 %tmp_data_25, i8 %tmp_data_26, i8 %tmp_data_27, i8 %tmp_data_28, i8 %tmp_data_29, i8 %tmp_data_30, i8 %tmp_data_31, [176 x i8]* %w)


 <State 89>: 12.35ns
ST_89: call_ret [29/99] 12.35ns
:36  %call_ret = call fastcc { i8, i8, i8, i8, i8, i8, i8, i8, i8, i8, i8, i8, i8, i8, i8, i8 } @single_block_AES_encrypt_aes_cipher(i8 %tmp_data_16, i8 %tmp_data_17, i8 %tmp_data_18, i8 %tmp_data_19, i8 %tmp_data_20, i8 %tmp_data_21, i8 %tmp_data_22, i8 %tmp_data_23, i8 %tmp_data_24, i8 %tmp_data_25, i8 %tmp_data_26, i8 %tmp_data_27, i8 %tmp_data_28, i8 %tmp_data_29, i8 %tmp_data_30, i8 %tmp_data_31, [176 x i8]* %w)


 <State 90>: 12.35ns
ST_90: call_ret [28/99] 12.35ns
:36  %call_ret = call fastcc { i8, i8, i8, i8, i8, i8, i8, i8, i8, i8, i8, i8, i8, i8, i8, i8 } @single_block_AES_encrypt_aes_cipher(i8 %tmp_data_16, i8 %tmp_data_17, i8 %tmp_data_18, i8 %tmp_data_19, i8 %tmp_data_20, i8 %tmp_data_21, i8 %tmp_data_22, i8 %tmp_data_23, i8 %tmp_data_24, i8 %tmp_data_25, i8 %tmp_data_26, i8 %tmp_data_27, i8 %tmp_data_28, i8 %tmp_data_29, i8 %tmp_data_30, i8 %tmp_data_31, [176 x i8]* %w)


 <State 91>: 12.35ns
ST_91: call_ret [27/99] 12.35ns
:36  %call_ret = call fastcc { i8, i8, i8, i8, i8, i8, i8, i8, i8, i8, i8, i8, i8, i8, i8, i8 } @single_block_AES_encrypt_aes_cipher(i8 %tmp_data_16, i8 %tmp_data_17, i8 %tmp_data_18, i8 %tmp_data_19, i8 %tmp_data_20, i8 %tmp_data_21, i8 %tmp_data_22, i8 %tmp_data_23, i8 %tmp_data_24, i8 %tmp_data_25, i8 %tmp_data_26, i8 %tmp_data_27, i8 %tmp_data_28, i8 %tmp_data_29, i8 %tmp_data_30, i8 %tmp_data_31, [176 x i8]* %w)


 <State 92>: 12.35ns
ST_92: call_ret [26/99] 12.35ns
:36  %call_ret = call fastcc { i8, i8, i8, i8, i8, i8, i8, i8, i8, i8, i8, i8, i8, i8, i8, i8 } @single_block_AES_encrypt_aes_cipher(i8 %tmp_data_16, i8 %tmp_data_17, i8 %tmp_data_18, i8 %tmp_data_19, i8 %tmp_data_20, i8 %tmp_data_21, i8 %tmp_data_22, i8 %tmp_data_23, i8 %tmp_data_24, i8 %tmp_data_25, i8 %tmp_data_26, i8 %tmp_data_27, i8 %tmp_data_28, i8 %tmp_data_29, i8 %tmp_data_30, i8 %tmp_data_31, [176 x i8]* %w)


 <State 93>: 12.35ns
ST_93: call_ret [25/99] 12.35ns
:36  %call_ret = call fastcc { i8, i8, i8, i8, i8, i8, i8, i8, i8, i8, i8, i8, i8, i8, i8, i8 } @single_block_AES_encrypt_aes_cipher(i8 %tmp_data_16, i8 %tmp_data_17, i8 %tmp_data_18, i8 %tmp_data_19, i8 %tmp_data_20, i8 %tmp_data_21, i8 %tmp_data_22, i8 %tmp_data_23, i8 %tmp_data_24, i8 %tmp_data_25, i8 %tmp_data_26, i8 %tmp_data_27, i8 %tmp_data_28, i8 %tmp_data_29, i8 %tmp_data_30, i8 %tmp_data_31, [176 x i8]* %w)


 <State 94>: 12.35ns
ST_94: call_ret [24/99] 12.35ns
:36  %call_ret = call fastcc { i8, i8, i8, i8, i8, i8, i8, i8, i8, i8, i8, i8, i8, i8, i8, i8 } @single_block_AES_encrypt_aes_cipher(i8 %tmp_data_16, i8 %tmp_data_17, i8 %tmp_data_18, i8 %tmp_data_19, i8 %tmp_data_20, i8 %tmp_data_21, i8 %tmp_data_22, i8 %tmp_data_23, i8 %tmp_data_24, i8 %tmp_data_25, i8 %tmp_data_26, i8 %tmp_data_27, i8 %tmp_data_28, i8 %tmp_data_29, i8 %tmp_data_30, i8 %tmp_data_31, [176 x i8]* %w)


 <State 95>: 12.35ns
ST_95: call_ret [23/99] 12.35ns
:36  %call_ret = call fastcc { i8, i8, i8, i8, i8, i8, i8, i8, i8, i8, i8, i8, i8, i8, i8, i8 } @single_block_AES_encrypt_aes_cipher(i8 %tmp_data_16, i8 %tmp_data_17, i8 %tmp_data_18, i8 %tmp_data_19, i8 %tmp_data_20, i8 %tmp_data_21, i8 %tmp_data_22, i8 %tmp_data_23, i8 %tmp_data_24, i8 %tmp_data_25, i8 %tmp_data_26, i8 %tmp_data_27, i8 %tmp_data_28, i8 %tmp_data_29, i8 %tmp_data_30, i8 %tmp_data_31, [176 x i8]* %w)


 <State 96>: 12.35ns
ST_96: call_ret [22/99] 12.35ns
:36  %call_ret = call fastcc { i8, i8, i8, i8, i8, i8, i8, i8, i8, i8, i8, i8, i8, i8, i8, i8 } @single_block_AES_encrypt_aes_cipher(i8 %tmp_data_16, i8 %tmp_data_17, i8 %tmp_data_18, i8 %tmp_data_19, i8 %tmp_data_20, i8 %tmp_data_21, i8 %tmp_data_22, i8 %tmp_data_23, i8 %tmp_data_24, i8 %tmp_data_25, i8 %tmp_data_26, i8 %tmp_data_27, i8 %tmp_data_28, i8 %tmp_data_29, i8 %tmp_data_30, i8 %tmp_data_31, [176 x i8]* %w)


 <State 97>: 12.35ns
ST_97: call_ret [21/99] 12.35ns
:36  %call_ret = call fastcc { i8, i8, i8, i8, i8, i8, i8, i8, i8, i8, i8, i8, i8, i8, i8, i8 } @single_block_AES_encrypt_aes_cipher(i8 %tmp_data_16, i8 %tmp_data_17, i8 %tmp_data_18, i8 %tmp_data_19, i8 %tmp_data_20, i8 %tmp_data_21, i8 %tmp_data_22, i8 %tmp_data_23, i8 %tmp_data_24, i8 %tmp_data_25, i8 %tmp_data_26, i8 %tmp_data_27, i8 %tmp_data_28, i8 %tmp_data_29, i8 %tmp_data_30, i8 %tmp_data_31, [176 x i8]* %w)


 <State 98>: 12.35ns
ST_98: call_ret [20/99] 12.35ns
:36  %call_ret = call fastcc { i8, i8, i8, i8, i8, i8, i8, i8, i8, i8, i8, i8, i8, i8, i8, i8 } @single_block_AES_encrypt_aes_cipher(i8 %tmp_data_16, i8 %tmp_data_17, i8 %tmp_data_18, i8 %tmp_data_19, i8 %tmp_data_20, i8 %tmp_data_21, i8 %tmp_data_22, i8 %tmp_data_23, i8 %tmp_data_24, i8 %tmp_data_25, i8 %tmp_data_26, i8 %tmp_data_27, i8 %tmp_data_28, i8 %tmp_data_29, i8 %tmp_data_30, i8 %tmp_data_31, [176 x i8]* %w)


 <State 99>: 12.35ns
ST_99: call_ret [19/99] 12.35ns
:36  %call_ret = call fastcc { i8, i8, i8, i8, i8, i8, i8, i8, i8, i8, i8, i8, i8, i8, i8, i8 } @single_block_AES_encrypt_aes_cipher(i8 %tmp_data_16, i8 %tmp_data_17, i8 %tmp_data_18, i8 %tmp_data_19, i8 %tmp_data_20, i8 %tmp_data_21, i8 %tmp_data_22, i8 %tmp_data_23, i8 %tmp_data_24, i8 %tmp_data_25, i8 %tmp_data_26, i8 %tmp_data_27, i8 %tmp_data_28, i8 %tmp_data_29, i8 %tmp_data_30, i8 %tmp_data_31, [176 x i8]* %w)


 <State 100>: 12.35ns
ST_100: call_ret [18/99] 12.35ns
:36  %call_ret = call fastcc { i8, i8, i8, i8, i8, i8, i8, i8, i8, i8, i8, i8, i8, i8, i8, i8 } @single_block_AES_encrypt_aes_cipher(i8 %tmp_data_16, i8 %tmp_data_17, i8 %tmp_data_18, i8 %tmp_data_19, i8 %tmp_data_20, i8 %tmp_data_21, i8 %tmp_data_22, i8 %tmp_data_23, i8 %tmp_data_24, i8 %tmp_data_25, i8 %tmp_data_26, i8 %tmp_data_27, i8 %tmp_data_28, i8 %tmp_data_29, i8 %tmp_data_30, i8 %tmp_data_31, [176 x i8]* %w)


 <State 101>: 12.35ns
ST_101: call_ret [17/99] 12.35ns
:36  %call_ret = call fastcc { i8, i8, i8, i8, i8, i8, i8, i8, i8, i8, i8, i8, i8, i8, i8, i8 } @single_block_AES_encrypt_aes_cipher(i8 %tmp_data_16, i8 %tmp_data_17, i8 %tmp_data_18, i8 %tmp_data_19, i8 %tmp_data_20, i8 %tmp_data_21, i8 %tmp_data_22, i8 %tmp_data_23, i8 %tmp_data_24, i8 %tmp_data_25, i8 %tmp_data_26, i8 %tmp_data_27, i8 %tmp_data_28, i8 %tmp_data_29, i8 %tmp_data_30, i8 %tmp_data_31, [176 x i8]* %w)


 <State 102>: 12.35ns
ST_102: call_ret [16/99] 12.35ns
:36  %call_ret = call fastcc { i8, i8, i8, i8, i8, i8, i8, i8, i8, i8, i8, i8, i8, i8, i8, i8 } @single_block_AES_encrypt_aes_cipher(i8 %tmp_data_16, i8 %tmp_data_17, i8 %tmp_data_18, i8 %tmp_data_19, i8 %tmp_data_20, i8 %tmp_data_21, i8 %tmp_data_22, i8 %tmp_data_23, i8 %tmp_data_24, i8 %tmp_data_25, i8 %tmp_data_26, i8 %tmp_data_27, i8 %tmp_data_28, i8 %tmp_data_29, i8 %tmp_data_30, i8 %tmp_data_31, [176 x i8]* %w)


 <State 103>: 12.35ns
ST_103: call_ret [15/99] 12.35ns
:36  %call_ret = call fastcc { i8, i8, i8, i8, i8, i8, i8, i8, i8, i8, i8, i8, i8, i8, i8, i8 } @single_block_AES_encrypt_aes_cipher(i8 %tmp_data_16, i8 %tmp_data_17, i8 %tmp_data_18, i8 %tmp_data_19, i8 %tmp_data_20, i8 %tmp_data_21, i8 %tmp_data_22, i8 %tmp_data_23, i8 %tmp_data_24, i8 %tmp_data_25, i8 %tmp_data_26, i8 %tmp_data_27, i8 %tmp_data_28, i8 %tmp_data_29, i8 %tmp_data_30, i8 %tmp_data_31, [176 x i8]* %w)


 <State 104>: 12.35ns
ST_104: call_ret [14/99] 12.35ns
:36  %call_ret = call fastcc { i8, i8, i8, i8, i8, i8, i8, i8, i8, i8, i8, i8, i8, i8, i8, i8 } @single_block_AES_encrypt_aes_cipher(i8 %tmp_data_16, i8 %tmp_data_17, i8 %tmp_data_18, i8 %tmp_data_19, i8 %tmp_data_20, i8 %tmp_data_21, i8 %tmp_data_22, i8 %tmp_data_23, i8 %tmp_data_24, i8 %tmp_data_25, i8 %tmp_data_26, i8 %tmp_data_27, i8 %tmp_data_28, i8 %tmp_data_29, i8 %tmp_data_30, i8 %tmp_data_31, [176 x i8]* %w)


 <State 105>: 12.35ns
ST_105: call_ret [13/99] 12.35ns
:36  %call_ret = call fastcc { i8, i8, i8, i8, i8, i8, i8, i8, i8, i8, i8, i8, i8, i8, i8, i8 } @single_block_AES_encrypt_aes_cipher(i8 %tmp_data_16, i8 %tmp_data_17, i8 %tmp_data_18, i8 %tmp_data_19, i8 %tmp_data_20, i8 %tmp_data_21, i8 %tmp_data_22, i8 %tmp_data_23, i8 %tmp_data_24, i8 %tmp_data_25, i8 %tmp_data_26, i8 %tmp_data_27, i8 %tmp_data_28, i8 %tmp_data_29, i8 %tmp_data_30, i8 %tmp_data_31, [176 x i8]* %w)


 <State 106>: 12.35ns
ST_106: call_ret [12/99] 12.35ns
:36  %call_ret = call fastcc { i8, i8, i8, i8, i8, i8, i8, i8, i8, i8, i8, i8, i8, i8, i8, i8 } @single_block_AES_encrypt_aes_cipher(i8 %tmp_data_16, i8 %tmp_data_17, i8 %tmp_data_18, i8 %tmp_data_19, i8 %tmp_data_20, i8 %tmp_data_21, i8 %tmp_data_22, i8 %tmp_data_23, i8 %tmp_data_24, i8 %tmp_data_25, i8 %tmp_data_26, i8 %tmp_data_27, i8 %tmp_data_28, i8 %tmp_data_29, i8 %tmp_data_30, i8 %tmp_data_31, [176 x i8]* %w)


 <State 107>: 12.35ns
ST_107: call_ret [11/99] 12.35ns
:36  %call_ret = call fastcc { i8, i8, i8, i8, i8, i8, i8, i8, i8, i8, i8, i8, i8, i8, i8, i8 } @single_block_AES_encrypt_aes_cipher(i8 %tmp_data_16, i8 %tmp_data_17, i8 %tmp_data_18, i8 %tmp_data_19, i8 %tmp_data_20, i8 %tmp_data_21, i8 %tmp_data_22, i8 %tmp_data_23, i8 %tmp_data_24, i8 %tmp_data_25, i8 %tmp_data_26, i8 %tmp_data_27, i8 %tmp_data_28, i8 %tmp_data_29, i8 %tmp_data_30, i8 %tmp_data_31, [176 x i8]* %w)


 <State 108>: 12.35ns
ST_108: call_ret [10/99] 12.35ns
:36  %call_ret = call fastcc { i8, i8, i8, i8, i8, i8, i8, i8, i8, i8, i8, i8, i8, i8, i8, i8 } @single_block_AES_encrypt_aes_cipher(i8 %tmp_data_16, i8 %tmp_data_17, i8 %tmp_data_18, i8 %tmp_data_19, i8 %tmp_data_20, i8 %tmp_data_21, i8 %tmp_data_22, i8 %tmp_data_23, i8 %tmp_data_24, i8 %tmp_data_25, i8 %tmp_data_26, i8 %tmp_data_27, i8 %tmp_data_28, i8 %tmp_data_29, i8 %tmp_data_30, i8 %tmp_data_31, [176 x i8]* %w)


 <State 109>: 12.35ns
ST_109: call_ret [9/99] 12.35ns
:36  %call_ret = call fastcc { i8, i8, i8, i8, i8, i8, i8, i8, i8, i8, i8, i8, i8, i8, i8, i8 } @single_block_AES_encrypt_aes_cipher(i8 %tmp_data_16, i8 %tmp_data_17, i8 %tmp_data_18, i8 %tmp_data_19, i8 %tmp_data_20, i8 %tmp_data_21, i8 %tmp_data_22, i8 %tmp_data_23, i8 %tmp_data_24, i8 %tmp_data_25, i8 %tmp_data_26, i8 %tmp_data_27, i8 %tmp_data_28, i8 %tmp_data_29, i8 %tmp_data_30, i8 %tmp_data_31, [176 x i8]* %w)


 <State 110>: 12.35ns
ST_110: call_ret [8/99] 12.35ns
:36  %call_ret = call fastcc { i8, i8, i8, i8, i8, i8, i8, i8, i8, i8, i8, i8, i8, i8, i8, i8 } @single_block_AES_encrypt_aes_cipher(i8 %tmp_data_16, i8 %tmp_data_17, i8 %tmp_data_18, i8 %tmp_data_19, i8 %tmp_data_20, i8 %tmp_data_21, i8 %tmp_data_22, i8 %tmp_data_23, i8 %tmp_data_24, i8 %tmp_data_25, i8 %tmp_data_26, i8 %tmp_data_27, i8 %tmp_data_28, i8 %tmp_data_29, i8 %tmp_data_30, i8 %tmp_data_31, [176 x i8]* %w)


 <State 111>: 12.35ns
ST_111: call_ret [7/99] 12.35ns
:36  %call_ret = call fastcc { i8, i8, i8, i8, i8, i8, i8, i8, i8, i8, i8, i8, i8, i8, i8, i8 } @single_block_AES_encrypt_aes_cipher(i8 %tmp_data_16, i8 %tmp_data_17, i8 %tmp_data_18, i8 %tmp_data_19, i8 %tmp_data_20, i8 %tmp_data_21, i8 %tmp_data_22, i8 %tmp_data_23, i8 %tmp_data_24, i8 %tmp_data_25, i8 %tmp_data_26, i8 %tmp_data_27, i8 %tmp_data_28, i8 %tmp_data_29, i8 %tmp_data_30, i8 %tmp_data_31, [176 x i8]* %w)


 <State 112>: 12.35ns
ST_112: call_ret [6/99] 12.35ns
:36  %call_ret = call fastcc { i8, i8, i8, i8, i8, i8, i8, i8, i8, i8, i8, i8, i8, i8, i8, i8 } @single_block_AES_encrypt_aes_cipher(i8 %tmp_data_16, i8 %tmp_data_17, i8 %tmp_data_18, i8 %tmp_data_19, i8 %tmp_data_20, i8 %tmp_data_21, i8 %tmp_data_22, i8 %tmp_data_23, i8 %tmp_data_24, i8 %tmp_data_25, i8 %tmp_data_26, i8 %tmp_data_27, i8 %tmp_data_28, i8 %tmp_data_29, i8 %tmp_data_30, i8 %tmp_data_31, [176 x i8]* %w)


 <State 113>: 12.35ns
ST_113: call_ret [5/99] 12.35ns
:36  %call_ret = call fastcc { i8, i8, i8, i8, i8, i8, i8, i8, i8, i8, i8, i8, i8, i8, i8, i8 } @single_block_AES_encrypt_aes_cipher(i8 %tmp_data_16, i8 %tmp_data_17, i8 %tmp_data_18, i8 %tmp_data_19, i8 %tmp_data_20, i8 %tmp_data_21, i8 %tmp_data_22, i8 %tmp_data_23, i8 %tmp_data_24, i8 %tmp_data_25, i8 %tmp_data_26, i8 %tmp_data_27, i8 %tmp_data_28, i8 %tmp_data_29, i8 %tmp_data_30, i8 %tmp_data_31, [176 x i8]* %w)


 <State 114>: 12.35ns
ST_114: call_ret [4/99] 12.35ns
:36  %call_ret = call fastcc { i8, i8, i8, i8, i8, i8, i8, i8, i8, i8, i8, i8, i8, i8, i8, i8 } @single_block_AES_encrypt_aes_cipher(i8 %tmp_data_16, i8 %tmp_data_17, i8 %tmp_data_18, i8 %tmp_data_19, i8 %tmp_data_20, i8 %tmp_data_21, i8 %tmp_data_22, i8 %tmp_data_23, i8 %tmp_data_24, i8 %tmp_data_25, i8 %tmp_data_26, i8 %tmp_data_27, i8 %tmp_data_28, i8 %tmp_data_29, i8 %tmp_data_30, i8 %tmp_data_31, [176 x i8]* %w)


 <State 115>: 12.35ns
ST_115: call_ret [3/99] 12.35ns
:36  %call_ret = call fastcc { i8, i8, i8, i8, i8, i8, i8, i8, i8, i8, i8, i8, i8, i8, i8, i8 } @single_block_AES_encrypt_aes_cipher(i8 %tmp_data_16, i8 %tmp_data_17, i8 %tmp_data_18, i8 %tmp_data_19, i8 %tmp_data_20, i8 %tmp_data_21, i8 %tmp_data_22, i8 %tmp_data_23, i8 %tmp_data_24, i8 %tmp_data_25, i8 %tmp_data_26, i8 %tmp_data_27, i8 %tmp_data_28, i8 %tmp_data_29, i8 %tmp_data_30, i8 %tmp_data_31, [176 x i8]* %w)


 <State 116>: 12.35ns
ST_116: call_ret [2/99] 12.35ns
:36  %call_ret = call fastcc { i8, i8, i8, i8, i8, i8, i8, i8, i8, i8, i8, i8, i8, i8, i8, i8 } @single_block_AES_encrypt_aes_cipher(i8 %tmp_data_16, i8 %tmp_data_17, i8 %tmp_data_18, i8 %tmp_data_19, i8 %tmp_data_20, i8 %tmp_data_21, i8 %tmp_data_22, i8 %tmp_data_23, i8 %tmp_data_24, i8 %tmp_data_25, i8 %tmp_data_26, i8 %tmp_data_27, i8 %tmp_data_28, i8 %tmp_data_29, i8 %tmp_data_30, i8 %tmp_data_31, [176 x i8]* %w)


 <State 117>: 4.08ns
ST_117: call_ret [1/99] 4.08ns
:36  %call_ret = call fastcc { i8, i8, i8, i8, i8, i8, i8, i8, i8, i8, i8, i8, i8, i8, i8, i8 } @single_block_AES_encrypt_aes_cipher(i8 %tmp_data_16, i8 %tmp_data_17, i8 %tmp_data_18, i8 %tmp_data_19, i8 %tmp_data_20, i8 %tmp_data_21, i8 %tmp_data_22, i8 %tmp_data_23, i8 %tmp_data_24, i8 %tmp_data_25, i8 %tmp_data_26, i8 %tmp_data_27, i8 %tmp_data_28, i8 %tmp_data_29, i8 %tmp_data_30, i8 %tmp_data_31, [176 x i8]* %w)

ST_117: tmp_data [1/1] 0.00ns
:37  %tmp_data = extractvalue { i8, i8, i8, i8, i8, i8, i8, i8, i8, i8, i8, i8, i8, i8, i8, i8 } %call_ret, 0

ST_117: tmp_data_2 [1/1] 0.00ns
:38  %tmp_data_2 = extractvalue { i8, i8, i8, i8, i8, i8, i8, i8, i8, i8, i8, i8, i8, i8, i8, i8 } %call_ret, 1

ST_117: tmp_data_3 [1/1] 0.00ns
:39  %tmp_data_3 = extractvalue { i8, i8, i8, i8, i8, i8, i8, i8, i8, i8, i8, i8, i8, i8, i8, i8 } %call_ret, 2

ST_117: tmp_data_4 [1/1] 0.00ns
:40  %tmp_data_4 = extractvalue { i8, i8, i8, i8, i8, i8, i8, i8, i8, i8, i8, i8, i8, i8, i8, i8 } %call_ret, 3

ST_117: tmp_data_5 [1/1] 0.00ns
:41  %tmp_data_5 = extractvalue { i8, i8, i8, i8, i8, i8, i8, i8, i8, i8, i8, i8, i8, i8, i8, i8 } %call_ret, 4

ST_117: tmp_data_6 [1/1] 0.00ns
:42  %tmp_data_6 = extractvalue { i8, i8, i8, i8, i8, i8, i8, i8, i8, i8, i8, i8, i8, i8, i8, i8 } %call_ret, 5

ST_117: tmp_data_7 [1/1] 0.00ns
:43  %tmp_data_7 = extractvalue { i8, i8, i8, i8, i8, i8, i8, i8, i8, i8, i8, i8, i8, i8, i8, i8 } %call_ret, 6

ST_117: tmp_data_8 [1/1] 0.00ns
:44  %tmp_data_8 = extractvalue { i8, i8, i8, i8, i8, i8, i8, i8, i8, i8, i8, i8, i8, i8, i8, i8 } %call_ret, 7

ST_117: tmp_data_9 [1/1] 0.00ns
:45  %tmp_data_9 = extractvalue { i8, i8, i8, i8, i8, i8, i8, i8, i8, i8, i8, i8, i8, i8, i8, i8 } %call_ret, 8

ST_117: tmp_data_1 [1/1] 0.00ns
:46  %tmp_data_1 = extractvalue { i8, i8, i8, i8, i8, i8, i8, i8, i8, i8, i8, i8, i8, i8, i8, i8 } %call_ret, 9

ST_117: tmp_data_10 [1/1] 0.00ns
:47  %tmp_data_10 = extractvalue { i8, i8, i8, i8, i8, i8, i8, i8, i8, i8, i8, i8, i8, i8, i8, i8 } %call_ret, 10

ST_117: tmp_data_11 [1/1] 0.00ns
:48  %tmp_data_11 = extractvalue { i8, i8, i8, i8, i8, i8, i8, i8, i8, i8, i8, i8, i8, i8, i8, i8 } %call_ret, 11

ST_117: tmp_data_12 [1/1] 0.00ns
:49  %tmp_data_12 = extractvalue { i8, i8, i8, i8, i8, i8, i8, i8, i8, i8, i8, i8, i8, i8, i8, i8 } %call_ret, 12

ST_117: tmp_data_13 [1/1] 0.00ns
:50  %tmp_data_13 = extractvalue { i8, i8, i8, i8, i8, i8, i8, i8, i8, i8, i8, i8, i8, i8, i8, i8 } %call_ret, 13

ST_117: tmp_data_14 [1/1] 0.00ns
:51  %tmp_data_14 = extractvalue { i8, i8, i8, i8, i8, i8, i8, i8, i8, i8, i8, i8, i8, i8, i8, i8 } %call_ret, 14

ST_117: tmp_data_15 [1/1] 0.00ns
:52  %tmp_data_15 = extractvalue { i8, i8, i8, i8, i8, i8, i8, i8, i8, i8, i8, i8, i8, i8, i8, i8 } %call_ret, 15

ST_117: stg_300 [1/1] 0.00ns
:54  call void @_ssdm_op_Write.axis.volatile.i8P.i1P.i1P(i8* %cipher_V_data, i1* %cipher_V_user_V, i1* %cipher_V_last_V, i8 %tmp_data, i1 true, i1 false)


 <State 118>: 0.00ns
ST_118: stg_301 [1/1] 0.00ns
:55  call void @_ssdm_op_Write.axis.volatile.i8P.i1P.i1P(i8* %cipher_V_data, i1* %cipher_V_user_V, i1* %cipher_V_last_V, i8 %tmp_data_2, i1 true, i1 false)


 <State 119>: 0.00ns
ST_119: stg_302 [1/1] 0.00ns
:56  call void @_ssdm_op_Write.axis.volatile.i8P.i1P.i1P(i8* %cipher_V_data, i1* %cipher_V_user_V, i1* %cipher_V_last_V, i8 %tmp_data_3, i1 true, i1 false)


 <State 120>: 0.00ns
ST_120: stg_303 [1/1] 0.00ns
:57  call void @_ssdm_op_Write.axis.volatile.i8P.i1P.i1P(i8* %cipher_V_data, i1* %cipher_V_user_V, i1* %cipher_V_last_V, i8 %tmp_data_4, i1 true, i1 false)


 <State 121>: 0.00ns
ST_121: stg_304 [1/1] 0.00ns
:58  call void @_ssdm_op_Write.axis.volatile.i8P.i1P.i1P(i8* %cipher_V_data, i1* %cipher_V_user_V, i1* %cipher_V_last_V, i8 %tmp_data_5, i1 true, i1 false)


 <State 122>: 0.00ns
ST_122: stg_305 [1/1] 0.00ns
:59  call void @_ssdm_op_Write.axis.volatile.i8P.i1P.i1P(i8* %cipher_V_data, i1* %cipher_V_user_V, i1* %cipher_V_last_V, i8 %tmp_data_6, i1 true, i1 false)


 <State 123>: 0.00ns
ST_123: stg_306 [1/1] 0.00ns
:60  call void @_ssdm_op_Write.axis.volatile.i8P.i1P.i1P(i8* %cipher_V_data, i1* %cipher_V_user_V, i1* %cipher_V_last_V, i8 %tmp_data_7, i1 true, i1 false)


 <State 124>: 0.00ns
ST_124: stg_307 [1/1] 0.00ns
:61  call void @_ssdm_op_Write.axis.volatile.i8P.i1P.i1P(i8* %cipher_V_data, i1* %cipher_V_user_V, i1* %cipher_V_last_V, i8 %tmp_data_8, i1 true, i1 false)


 <State 125>: 0.00ns
ST_125: stg_308 [1/1] 0.00ns
:62  call void @_ssdm_op_Write.axis.volatile.i8P.i1P.i1P(i8* %cipher_V_data, i1* %cipher_V_user_V, i1* %cipher_V_last_V, i8 %tmp_data_9, i1 true, i1 false)


 <State 126>: 0.00ns
ST_126: stg_309 [1/1] 0.00ns
:63  call void @_ssdm_op_Write.axis.volatile.i8P.i1P.i1P(i8* %cipher_V_data, i1* %cipher_V_user_V, i1* %cipher_V_last_V, i8 %tmp_data_1, i1 true, i1 false)


 <State 127>: 0.00ns
ST_127: stg_310 [1/1] 0.00ns
:64  call void @_ssdm_op_Write.axis.volatile.i8P.i1P.i1P(i8* %cipher_V_data, i1* %cipher_V_user_V, i1* %cipher_V_last_V, i8 %tmp_data_10, i1 true, i1 false)


 <State 128>: 0.00ns
ST_128: stg_311 [1/1] 0.00ns
:65  call void @_ssdm_op_Write.axis.volatile.i8P.i1P.i1P(i8* %cipher_V_data, i1* %cipher_V_user_V, i1* %cipher_V_last_V, i8 %tmp_data_11, i1 true, i1 false)


 <State 129>: 0.00ns
ST_129: stg_312 [1/1] 0.00ns
:66  call void @_ssdm_op_Write.axis.volatile.i8P.i1P.i1P(i8* %cipher_V_data, i1* %cipher_V_user_V, i1* %cipher_V_last_V, i8 %tmp_data_12, i1 true, i1 false)


 <State 130>: 0.00ns
ST_130: stg_313 [1/1] 0.00ns
:67  call void @_ssdm_op_Write.axis.volatile.i8P.i1P.i1P(i8* %cipher_V_data, i1* %cipher_V_user_V, i1* %cipher_V_last_V, i8 %tmp_data_13, i1 true, i1 false)


 <State 131>: 0.00ns
ST_131: stg_314 [1/1] 0.00ns
:68  call void @_ssdm_op_Write.axis.volatile.i8P.i1P.i1P(i8* %cipher_V_data, i1* %cipher_V_user_V, i1* %cipher_V_last_V, i8 %tmp_data_14, i1 true, i1 false)


 <State 132>: 0.00ns
ST_132: empty [1/1] 0.00ns
:0  %empty = call i32 (...)* @_ssdm_op_SpecLoopTripCount(i64 16, i64 16, i64 16)

ST_132: stg_316 [1/1] 0.00ns
:1  call void (...)* @_ssdm_op_SpecLoopName([5 x i8]* @p_str37) nounwind

ST_132: tmp_1 [1/1] 0.00ns
:2  %tmp_1 = call i32 (...)* @_ssdm_op_SpecRegionBegin([5 x i8]* @p_str37)

ST_132: stg_318 [1/1] 0.00ns
:3  call void (...)* @_ssdm_op_SpecPipeline(i32 2, i32 1, i32 1, i32 0, [1 x i8]* @p_str15) nounwind

ST_132: stg_319 [1/1] 0.00ns
:69  call void @_ssdm_op_Write.axis.volatile.i8P.i1P.i1P(i8* %cipher_V_data, i1* %cipher_V_user_V, i1* %cipher_V_last_V, i8 %tmp_data_15, i1 true, i1 %tmp_last_V)

ST_132: empty_23 [1/1] 0.00ns
:70  %empty_23 = call i32 (...)* @_ssdm_op_SpecRegionEnd([5 x i8]* @p_str37, i32 %tmp_1)

ST_132: stg_321 [1/1] 0.00ns
:71  br label %1


 <State 133>: 0.00ns
ST_133: stg_322 [1/1] 0.00ns
:0  ret void



============================================================
+ Verbose Summary: Timing violations
============================================================
Target clock period: 10ns, clock uncertainty: 1.25ns.

 <State 20>: 12.4ns
The critical path consists of the following:
	'call' operation ('call_ret', AES_Encryption/main.cpp:49) to 'single_block_AES_encrypt_aes_cipher' (12.4 ns)

 <State 21>: 12.4ns
The critical path consists of the following:
	'call' operation ('call_ret', AES_Encryption/main.cpp:49) to 'single_block_AES_encrypt_aes_cipher' (12.4 ns)

 <State 22>: 12.4ns
The critical path consists of the following:
	'call' operation ('call_ret', AES_Encryption/main.cpp:49) to 'single_block_AES_encrypt_aes_cipher' (12.4 ns)

 <State 23>: 12.4ns
The critical path consists of the following:
	'call' operation ('call_ret', AES_Encryption/main.cpp:49) to 'single_block_AES_encrypt_aes_cipher' (12.4 ns)

 <State 24>: 12.4ns
The critical path consists of the following:
	'call' operation ('call_ret', AES_Encryption/main.cpp:49) to 'single_block_AES_encrypt_aes_cipher' (12.4 ns)

 <State 25>: 12.4ns
The critical path consists of the following:
	'call' operation ('call_ret', AES_Encryption/main.cpp:49) to 'single_block_AES_encrypt_aes_cipher' (12.4 ns)

 <State 26>: 12.4ns
The critical path consists of the following:
	'call' operation ('call_ret', AES_Encryption/main.cpp:49) to 'single_block_AES_encrypt_aes_cipher' (12.4 ns)

 <State 27>: 12.4ns
The critical path consists of the following:
	'call' operation ('call_ret', AES_Encryption/main.cpp:49) to 'single_block_AES_encrypt_aes_cipher' (12.4 ns)

 <State 28>: 12.4ns
The critical path consists of the following:
	'call' operation ('call_ret', AES_Encryption/main.cpp:49) to 'single_block_AES_encrypt_aes_cipher' (12.4 ns)

 <State 29>: 12.4ns
The critical path consists of the following:
	'call' operation ('call_ret', AES_Encryption/main.cpp:49) to 'single_block_AES_encrypt_aes_cipher' (12.4 ns)

 <State 30>: 12.4ns
The critical path consists of the following:
	'call' operation ('call_ret', AES_Encryption/main.cpp:49) to 'single_block_AES_encrypt_aes_cipher' (12.4 ns)

 <State 31>: 12.4ns
The critical path consists of the following:
	'call' operation ('call_ret', AES_Encryption/main.cpp:49) to 'single_block_AES_encrypt_aes_cipher' (12.4 ns)

 <State 32>: 12.4ns
The critical path consists of the following:
	'call' operation ('call_ret', AES_Encryption/main.cpp:49) to 'single_block_AES_encrypt_aes_cipher' (12.4 ns)

 <State 33>: 12.4ns
The critical path consists of the following:
	'call' operation ('call_ret', AES_Encryption/main.cpp:49) to 'single_block_AES_encrypt_aes_cipher' (12.4 ns)

 <State 34>: 12.4ns
The critical path consists of the following:
	'call' operation ('call_ret', AES_Encryption/main.cpp:49) to 'single_block_AES_encrypt_aes_cipher' (12.4 ns)

 <State 35>: 12.4ns
The critical path consists of the following:
	'call' operation ('call_ret', AES_Encryption/main.cpp:49) to 'single_block_AES_encrypt_aes_cipher' (12.4 ns)

 <State 36>: 12.4ns
The critical path consists of the following:
	'call' operation ('call_ret', AES_Encryption/main.cpp:49) to 'single_block_AES_encrypt_aes_cipher' (12.4 ns)

 <State 37>: 12.4ns
The critical path consists of the following:
	'call' operation ('call_ret', AES_Encryption/main.cpp:49) to 'single_block_AES_encrypt_aes_cipher' (12.4 ns)

 <State 38>: 12.4ns
The critical path consists of the following:
	'call' operation ('call_ret', AES_Encryption/main.cpp:49) to 'single_block_AES_encrypt_aes_cipher' (12.4 ns)

 <State 39>: 12.4ns
The critical path consists of the following:
	'call' operation ('call_ret', AES_Encryption/main.cpp:49) to 'single_block_AES_encrypt_aes_cipher' (12.4 ns)

 <State 40>: 12.4ns
The critical path consists of the following:
	'call' operation ('call_ret', AES_Encryption/main.cpp:49) to 'single_block_AES_encrypt_aes_cipher' (12.4 ns)

 <State 41>: 12.4ns
The critical path consists of the following:
	'call' operation ('call_ret', AES_Encryption/main.cpp:49) to 'single_block_AES_encrypt_aes_cipher' (12.4 ns)

 <State 42>: 12.4ns
The critical path consists of the following:
	'call' operation ('call_ret', AES_Encryption/main.cpp:49) to 'single_block_AES_encrypt_aes_cipher' (12.4 ns)

 <State 43>: 12.4ns
The critical path consists of the following:
	'call' operation ('call_ret', AES_Encryption/main.cpp:49) to 'single_block_AES_encrypt_aes_cipher' (12.4 ns)

 <State 44>: 12.4ns
The critical path consists of the following:
	'call' operation ('call_ret', AES_Encryption/main.cpp:49) to 'single_block_AES_encrypt_aes_cipher' (12.4 ns)

 <State 45>: 12.4ns
The critical path consists of the following:
	'call' operation ('call_ret', AES_Encryption/main.cpp:49) to 'single_block_AES_encrypt_aes_cipher' (12.4 ns)

 <State 46>: 12.4ns
The critical path consists of the following:
	'call' operation ('call_ret', AES_Encryption/main.cpp:49) to 'single_block_AES_encrypt_aes_cipher' (12.4 ns)

 <State 47>: 12.4ns
The critical path consists of the following:
	'call' operation ('call_ret', AES_Encryption/main.cpp:49) to 'single_block_AES_encrypt_aes_cipher' (12.4 ns)

 <State 48>: 12.4ns
The critical path consists of the following:
	'call' operation ('call_ret', AES_Encryption/main.cpp:49) to 'single_block_AES_encrypt_aes_cipher' (12.4 ns)

 <State 49>: 12.4ns
The critical path consists of the following:
	'call' operation ('call_ret', AES_Encryption/main.cpp:49) to 'single_block_AES_encrypt_aes_cipher' (12.4 ns)

 <State 50>: 12.4ns
The critical path consists of the following:
	'call' operation ('call_ret', AES_Encryption/main.cpp:49) to 'single_block_AES_encrypt_aes_cipher' (12.4 ns)

 <State 51>: 12.4ns
The critical path consists of the following:
	'call' operation ('call_ret', AES_Encryption/main.cpp:49) to 'single_block_AES_encrypt_aes_cipher' (12.4 ns)

 <State 52>: 12.4ns
The critical path consists of the following:
	'call' operation ('call_ret', AES_Encryption/main.cpp:49) to 'single_block_AES_encrypt_aes_cipher' (12.4 ns)

 <State 53>: 12.4ns
The critical path consists of the following:
	'call' operation ('call_ret', AES_Encryption/main.cpp:49) to 'single_block_AES_encrypt_aes_cipher' (12.4 ns)

 <State 54>: 12.4ns
The critical path consists of the following:
	'call' operation ('call_ret', AES_Encryption/main.cpp:49) to 'single_block_AES_encrypt_aes_cipher' (12.4 ns)

 <State 55>: 12.4ns
The critical path consists of the following:
	'call' operation ('call_ret', AES_Encryption/main.cpp:49) to 'single_block_AES_encrypt_aes_cipher' (12.4 ns)

 <State 56>: 12.4ns
The critical path consists of the following:
	'call' operation ('call_ret', AES_Encryption/main.cpp:49) to 'single_block_AES_encrypt_aes_cipher' (12.4 ns)

 <State 57>: 12.4ns
The critical path consists of the following:
	'call' operation ('call_ret', AES_Encryption/main.cpp:49) to 'single_block_AES_encrypt_aes_cipher' (12.4 ns)

 <State 58>: 12.4ns
The critical path consists of the following:
	'call' operation ('call_ret', AES_Encryption/main.cpp:49) to 'single_block_AES_encrypt_aes_cipher' (12.4 ns)

 <State 59>: 12.4ns
The critical path consists of the following:
	'call' operation ('call_ret', AES_Encryption/main.cpp:49) to 'single_block_AES_encrypt_aes_cipher' (12.4 ns)

 <State 60>: 12.4ns
The critical path consists of the following:
	'call' operation ('call_ret', AES_Encryption/main.cpp:49) to 'single_block_AES_encrypt_aes_cipher' (12.4 ns)

 <State 61>: 12.4ns
The critical path consists of the following:
	'call' operation ('call_ret', AES_Encryption/main.cpp:49) to 'single_block_AES_encrypt_aes_cipher' (12.4 ns)

 <State 62>: 12.4ns
The critical path consists of the following:
	'call' operation ('call_ret', AES_Encryption/main.cpp:49) to 'single_block_AES_encrypt_aes_cipher' (12.4 ns)

 <State 63>: 12.4ns
The critical path consists of the following:
	'call' operation ('call_ret', AES_Encryption/main.cpp:49) to 'single_block_AES_encrypt_aes_cipher' (12.4 ns)

 <State 64>: 12.4ns
The critical path consists of the following:
	'call' operation ('call_ret', AES_Encryption/main.cpp:49) to 'single_block_AES_encrypt_aes_cipher' (12.4 ns)

 <State 65>: 12.4ns
The critical path consists of the following:
	'call' operation ('call_ret', AES_Encryption/main.cpp:49) to 'single_block_AES_encrypt_aes_cipher' (12.4 ns)

 <State 66>: 12.4ns
The critical path consists of the following:
	'call' operation ('call_ret', AES_Encryption/main.cpp:49) to 'single_block_AES_encrypt_aes_cipher' (12.4 ns)

 <State 67>: 12.4ns
The critical path consists of the following:
	'call' operation ('call_ret', AES_Encryption/main.cpp:49) to 'single_block_AES_encrypt_aes_cipher' (12.4 ns)

 <State 68>: 12.4ns
The critical path consists of the following:
	'call' operation ('call_ret', AES_Encryption/main.cpp:49) to 'single_block_AES_encrypt_aes_cipher' (12.4 ns)

 <State 69>: 12.4ns
The critical path consists of the following:
	'call' operation ('call_ret', AES_Encryption/main.cpp:49) to 'single_block_AES_encrypt_aes_cipher' (12.4 ns)

 <State 70>: 12.4ns
The critical path consists of the following:
	'call' operation ('call_ret', AES_Encryption/main.cpp:49) to 'single_block_AES_encrypt_aes_cipher' (12.4 ns)

 <State 71>: 12.4ns
The critical path consists of the following:
	'call' operation ('call_ret', AES_Encryption/main.cpp:49) to 'single_block_AES_encrypt_aes_cipher' (12.4 ns)

 <State 72>: 12.4ns
The critical path consists of the following:
	'call' operation ('call_ret', AES_Encryption/main.cpp:49) to 'single_block_AES_encrypt_aes_cipher' (12.4 ns)

 <State 73>: 12.4ns
The critical path consists of the following:
	'call' operation ('call_ret', AES_Encryption/main.cpp:49) to 'single_block_AES_encrypt_aes_cipher' (12.4 ns)

 <State 74>: 12.4ns
The critical path consists of the following:
	'call' operation ('call_ret', AES_Encryption/main.cpp:49) to 'single_block_AES_encrypt_aes_cipher' (12.4 ns)

 <State 75>: 12.4ns
The critical path consists of the following:
	'call' operation ('call_ret', AES_Encryption/main.cpp:49) to 'single_block_AES_encrypt_aes_cipher' (12.4 ns)

 <State 76>: 12.4ns
The critical path consists of the following:
	'call' operation ('call_ret', AES_Encryption/main.cpp:49) to 'single_block_AES_encrypt_aes_cipher' (12.4 ns)

 <State 77>: 12.4ns
The critical path consists of the following:
	'call' operation ('call_ret', AES_Encryption/main.cpp:49) to 'single_block_AES_encrypt_aes_cipher' (12.4 ns)

 <State 78>: 12.4ns
The critical path consists of the following:
	'call' operation ('call_ret', AES_Encryption/main.cpp:49) to 'single_block_AES_encrypt_aes_cipher' (12.4 ns)

 <State 79>: 12.4ns
The critical path consists of the following:
	'call' operation ('call_ret', AES_Encryption/main.cpp:49) to 'single_block_AES_encrypt_aes_cipher' (12.4 ns)

 <State 80>: 12.4ns
The critical path consists of the following:
	'call' operation ('call_ret', AES_Encryption/main.cpp:49) to 'single_block_AES_encrypt_aes_cipher' (12.4 ns)

 <State 81>: 12.4ns
The critical path consists of the following:
	'call' operation ('call_ret', AES_Encryption/main.cpp:49) to 'single_block_AES_encrypt_aes_cipher' (12.4 ns)

 <State 82>: 12.4ns
The critical path consists of the following:
	'call' operation ('call_ret', AES_Encryption/main.cpp:49) to 'single_block_AES_encrypt_aes_cipher' (12.4 ns)

 <State 83>: 12.4ns
The critical path consists of the following:
	'call' operation ('call_ret', AES_Encryption/main.cpp:49) to 'single_block_AES_encrypt_aes_cipher' (12.4 ns)

 <State 84>: 12.4ns
The critical path consists of the following:
	'call' operation ('call_ret', AES_Encryption/main.cpp:49) to 'single_block_AES_encrypt_aes_cipher' (12.4 ns)

 <State 85>: 12.4ns
The critical path consists of the following:
	'call' operation ('call_ret', AES_Encryption/main.cpp:49) to 'single_block_AES_encrypt_aes_cipher' (12.4 ns)

 <State 86>: 12.4ns
The critical path consists of the following:
	'call' operation ('call_ret', AES_Encryption/main.cpp:49) to 'single_block_AES_encrypt_aes_cipher' (12.4 ns)

 <State 87>: 12.4ns
The critical path consists of the following:
	'call' operation ('call_ret', AES_Encryption/main.cpp:49) to 'single_block_AES_encrypt_aes_cipher' (12.4 ns)

 <State 88>: 12.4ns
The critical path consists of the following:
	'call' operation ('call_ret', AES_Encryption/main.cpp:49) to 'single_block_AES_encrypt_aes_cipher' (12.4 ns)

 <State 89>: 12.4ns
The critical path consists of the following:
	'call' operation ('call_ret', AES_Encryption/main.cpp:49) to 'single_block_AES_encrypt_aes_cipher' (12.4 ns)

 <State 90>: 12.4ns
The critical path consists of the following:
	'call' operation ('call_ret', AES_Encryption/main.cpp:49) to 'single_block_AES_encrypt_aes_cipher' (12.4 ns)

 <State 91>: 12.4ns
The critical path consists of the following:
	'call' operation ('call_ret', AES_Encryption/main.cpp:49) to 'single_block_AES_encrypt_aes_cipher' (12.4 ns)

 <State 92>: 12.4ns
The critical path consists of the following:
	'call' operation ('call_ret', AES_Encryption/main.cpp:49) to 'single_block_AES_encrypt_aes_cipher' (12.4 ns)

 <State 93>: 12.4ns
The critical path consists of the following:
	'call' operation ('call_ret', AES_Encryption/main.cpp:49) to 'single_block_AES_encrypt_aes_cipher' (12.4 ns)

 <State 94>: 12.4ns
The critical path consists of the following:
	'call' operation ('call_ret', AES_Encryption/main.cpp:49) to 'single_block_AES_encrypt_aes_cipher' (12.4 ns)

 <State 95>: 12.4ns
The critical path consists of the following:
	'call' operation ('call_ret', AES_Encryption/main.cpp:49) to 'single_block_AES_encrypt_aes_cipher' (12.4 ns)

 <State 96>: 12.4ns
The critical path consists of the following:
	'call' operation ('call_ret', AES_Encryption/main.cpp:49) to 'single_block_AES_encrypt_aes_cipher' (12.4 ns)

 <State 97>: 12.4ns
The critical path consists of the following:
	'call' operation ('call_ret', AES_Encryption/main.cpp:49) to 'single_block_AES_encrypt_aes_cipher' (12.4 ns)

 <State 98>: 12.4ns
The critical path consists of the following:
	'call' operation ('call_ret', AES_Encryption/main.cpp:49) to 'single_block_AES_encrypt_aes_cipher' (12.4 ns)

 <State 99>: 12.4ns
The critical path consists of the following:
	'call' operation ('call_ret', AES_Encryption/main.cpp:49) to 'single_block_AES_encrypt_aes_cipher' (12.4 ns)

 <State 100>: 12.4ns
The critical path consists of the following:
	'call' operation ('call_ret', AES_Encryption/main.cpp:49) to 'single_block_AES_encrypt_aes_cipher' (12.4 ns)

 <State 101>: 12.4ns
The critical path consists of the following:
	'call' operation ('call_ret', AES_Encryption/main.cpp:49) to 'single_block_AES_encrypt_aes_cipher' (12.4 ns)

 <State 102>: 12.4ns
The critical path consists of the following:
	'call' operation ('call_ret', AES_Encryption/main.cpp:49) to 'single_block_AES_encrypt_aes_cipher' (12.4 ns)

 <State 103>: 12.4ns
The critical path consists of the following:
	'call' operation ('call_ret', AES_Encryption/main.cpp:49) to 'single_block_AES_encrypt_aes_cipher' (12.4 ns)

 <State 104>: 12.4ns
The critical path consists of the following:
	'call' operation ('call_ret', AES_Encryption/main.cpp:49) to 'single_block_AES_encrypt_aes_cipher' (12.4 ns)

 <State 105>: 12.4ns
The critical path consists of the following:
	'call' operation ('call_ret', AES_Encryption/main.cpp:49) to 'single_block_AES_encrypt_aes_cipher' (12.4 ns)

 <State 106>: 12.4ns
The critical path consists of the following:
	'call' operation ('call_ret', AES_Encryption/main.cpp:49) to 'single_block_AES_encrypt_aes_cipher' (12.4 ns)

 <State 107>: 12.4ns
The critical path consists of the following:
	'call' operation ('call_ret', AES_Encryption/main.cpp:49) to 'single_block_AES_encrypt_aes_cipher' (12.4 ns)

 <State 108>: 12.4ns
The critical path consists of the following:
	'call' operation ('call_ret', AES_Encryption/main.cpp:49) to 'single_block_AES_encrypt_aes_cipher' (12.4 ns)

 <State 109>: 12.4ns
The critical path consists of the following:
	'call' operation ('call_ret', AES_Encryption/main.cpp:49) to 'single_block_AES_encrypt_aes_cipher' (12.4 ns)

 <State 110>: 12.4ns
The critical path consists of the following:
	'call' operation ('call_ret', AES_Encryption/main.cpp:49) to 'single_block_AES_encrypt_aes_cipher' (12.4 ns)

 <State 111>: 12.4ns
The critical path consists of the following:
	'call' operation ('call_ret', AES_Encryption/main.cpp:49) to 'single_block_AES_encrypt_aes_cipher' (12.4 ns)

 <State 112>: 12.4ns
The critical path consists of the following:
	'call' operation ('call_ret', AES_Encryption/main.cpp:49) to 'single_block_AES_encrypt_aes_cipher' (12.4 ns)

 <State 113>: 12.4ns
The critical path consists of the following:
	'call' operation ('call_ret', AES_Encryption/main.cpp:49) to 'single_block_AES_encrypt_aes_cipher' (12.4 ns)

 <State 114>: 12.4ns
The critical path consists of the following:
	'call' operation ('call_ret', AES_Encryption/main.cpp:49) to 'single_block_AES_encrypt_aes_cipher' (12.4 ns)

 <State 115>: 12.4ns
The critical path consists of the following:
	'call' operation ('call_ret', AES_Encryption/main.cpp:49) to 'single_block_AES_encrypt_aes_cipher' (12.4 ns)

 <State 116>: 12.4ns
The critical path consists of the following:
	'call' operation ('call_ret', AES_Encryption/main.cpp:49) to 'single_block_AES_encrypt_aes_cipher' (12.4 ns)


============================================================
+ Verbose Summary: Binding
============================================================
N/A
* FSMD analyzer results:
  - Output states:
 - Input state : 
  - Chain level:
	State 1
	State 2
	State 3
	State 4
	State 5
	State 6
	State 7
	State 8
	State 9
	State 10
	State 11
	State 12
	State 13
	State 14
	State 15
	State 16
	State 17
	State 18
	State 19
	State 20
	State 21
	State 22
	State 23
	State 24
	State 25
	State 26
	State 27
	State 28
	State 29
	State 30
	State 31
	State 32
	State 33
	State 34
	State 35
	State 36
	State 37
	State 38
	State 39
	State 40
	State 41
	State 42
	State 43
	State 44
	State 45
	State 46
	State 47
	State 48
	State 49
	State 50
	State 51
	State 52
	State 53
	State 54
	State 55
	State 56
	State 57
	State 58
	State 59
	State 60
	State 61
	State 62
	State 63
	State 64
	State 65
	State 66
	State 67
	State 68
	State 69
	State 70
	State 71
	State 72
	State 73
	State 74
	State 75
	State 76
	State 77
	State 78
	State 79
	State 80
	State 81
	State 82
	State 83
	State 84
	State 85
	State 86
	State 87
	State 88
	State 89
	State 90
	State 91
	State 92
	State 93
	State 94
	State 95
	State 96
	State 97
	State 98
	State 99
	State 100
	State 101
	State 102
	State 103
	State 104
	State 105
	State 106
	State 107
	State 108
	State 109
	State 110
	State 111
	State 112
	State 113
	State 114
	State 115
	State 116
	State 117
	State 118
	State 119
	State 120
	State 121
	State 122
	State 123
	State 124
	State 125
	State 126
	State 127
	State 128
	State 129
	State 130
	State 131
	State 132
	State 133


============================================================
+ Verbose Summary: Datapath Resource usage 
============================================================
N/A
